{
    "hashes": [
        "66687aadf862bd776c8fc18b8e9f8e20089714856ee233b3902a591d0d5f2925",
        "72cd6e8422c407fb6d098690f1130b7ded7ec2f7f5e1d30bd9d521f015363793",
        "ae1d9ccf7ce3717a9aa3316c6b7850d0a85bc0466bc1b572545f90ccf1b59130",
        "a4cfaddadceb816c4dad0a10d933a1880f9b47b9f943ca93b91cc3a046567fda",
        "1d93be8a70df9e7450a0ce98231c58d7353e025cd1e9db32a00c2fd0a1643d96",
        "a0c10151fc212bc313332c58aba5e19de1d6787178613819ff8dc6db270c66fc",
        "fc54b1c9039285084cec65510329331a82397afff54706a9ac611b95c933f783",
        "621484cec82cca5d8fb163d80c361ddf7320913fb294a3855c3e4db60440919b",
        "b780c445c161b65c3dc1046cfba900161fe8a5f644907995b077f1afd231b230",
        "4eefdc2b82e79d98fd3f323b5c284a1c35f4a8a862d9e83c8b96cd647ca3794d"
    ]
}