{
    "seed": "Y292ZXIgZmF0YWwgd2F2ZSBjb21pYyBzd2VhciBldmlsIHJlZ3JldCB2aWNpb3VzIGJyaXNrIHNjcmVlbiBjbGF5IGJlZm9yZQ==",
    "keys": [
        {
            "address": "2gSg5K2Aq7V52tPkQFMCfgHNhkae2KsTE7x",
            "secret": "6f1d4cae19bb875ef2588591612a73972d824ff40bbc8ed709831e71764e7897",
            "public": "02e28e6d645e070e698c35fbceb8a81ab5e5d4912c8957d3e065e8966d19ad8960",
            "signatures": [
                "ad1d4a3a61606df19d2d56083c4754f158a3cd76e60fbf6f12ec5293fe45fd0f7053bbc931322c3b6c289ed8b69eddc4517afcc9574eb6abf85dda7aca90eb0401",
                "ca7cea4a7b3b705aec86d1cd5730ccbbc3521c9b4e5916db5df089307c14d89b655ee0d17da0729f7220b6ba79f39fad2fcf4370b1c1ebb1ab8d787868090ef301",
                "f485b3a381b0f88629afddaaf895ca7dbe0f173db225c5f1bfd05b80bef18e5e330b2dfa46b460eaa11a0434010a76c8c710e44e489fa879091112f9f7ce51e501",
                "c3f369e6685732b3f07deb7a271f786f90b3fa8cd69f217443c9e5d05aa2e9286225f6435ae60a3b7a5206bf35166a7960bbb640a5becad2d881f3a953b6887901",
                "800b70203dea088ac2fd6e6e5c8a26b831a245998d540292cb2a69bec83f15ad172b805b8670a485ada4069816efea4c50fb1603913e00331562894c7df87ad001",
                "bd558108807f9fdebe5cd192230d0acb651b992fdeb54f4e9b2e5fa0a13e069f366b8442478a62032847a832cc5462aff4b7458f18eb104ed8aba8501e4470a801",
                "a5604f914b5169099a990f95dcd38d9f78d145b99f5c4160118c0b6f8f8948d47f0cf1a41887efcc6f821cb72eff0b66f5b7befd824ef9ed8f3a07ca671a1b6501",
                "31455eed1035e50088ec9ab7097ee54a8e9f6dd5f233f1b95f2c6cdaced59dac23118ee87da70ec88056e48ad033ba81fa8c14ea891a6bc4b65ea2e08182f2ac01",
                "5cbcbdfbc91b05bba7cf8a24ab13d5872dd0b148ec6141a4eae664b03b08e6795d89bf71203a6cc2021fb3a16429992c3de07d3a8d3f4504a0c2ff48e8dac5c901",
                "0a42a468246b2807cb1b1a83edb251e1a81838fefb0c2414d569b593eae8d3932bedc14a5daebe0edd1910cf64e18d0ce70dffb536eefe8b7b9c27f2a630cad101"
            ]
        },
        {
            "address": "DwLc3z1ff7uKUgcyAR3gQhfzJUHGMXktyj",
            "secret": "8592f9f419cb7b0fd4216e314b17cb3b58ec944979f8f6a34e21fda09e01fb2c",
            "public": "02c0b5b53873ec9cba0790588c64244579b0b23eda646d6ddea6153cb97538b3bf",
            "signatures": [
                "f174e61cabae3b37f1cfe3d1abbd606621765d02ed6bfa7124dae185aef762a51f6af575745d33d4b2d1664a0d95dfc82e9010bec8830e13aec03cacd6ab158801",
                "28cc5c115b8bc99e6bc9d6281877417a2d5b45806205f4c430210157794920490d11d4d0de202357df8e8603dc3c74426b98d3c30fd7963198a0ac15a6e6954e00",
                "c28d5d073b95ace0e2e0fef8c34bf5288633f5d60c33d2fc5fcf427c1d70a8a9045ba9db1510b68de5cd9ba2c8709a6cbd0e8c5b57cde5a601d1737f854a4e3f00",
                "2c67e279048522919862955b1afe7c32f432deda62d90219505cbfe7473a976e1968d180f7d43b2b018e7f4f265d489358afc66ce0efc1836348f065fb03197c01",
                "f8ede7998f1110729adce0af5f3926a3bd8927c178e98c45ba1529943913ea337d4b6661c54914d323be43a9d7596fe7ecba2a8717981ad2d9db835b898e08f701",
                "8b8b94e9962b5332f1289a299b3b99529edfd4fe17ded5c0b38d6a23364cd41759f40ee4454dc9889d207a920fd09bedeaad78885a0af853cce2d1c15472412e00",
                "697b517897a92769b59d9cfc86e2ce8650a51a318bee6808a10ae9e752e8fc6a587073b92da7431ac39fb8d7e77c98de1b19ae90451df69a03dcda911587c06100",
                "e79c81ec05b0bde926a1ad3310ffc62423016213895bfcbac1e120cad6db1ba872dce323156b76bfe316467c26475a3ff1468e2e285cbf0c23e2ea542c3447e901",
                "4f90c8736b8081e2d354c22f5e2f7e15f5fbd230305257a3f63fa89276c21c9206716122be313ca3c8560fe86c26c09b9d6e9ecaf8c7d4bffaebe20edef7444600",
                "0c3e651b2b03dcbb6cdddce3612f4d0f414e11f949d046d9befb8b34b0baafb57fd3d8968f27c994a08be0fdd6be016bd55c73b4a9fea07ed44801e3dab6086e01"
            ]
        },
        {
            "address": "25F9ZVk6tvues2LcxpRUCCjh7yubBBUXf1o",
            "secret": "618adb045d65f9c1f99bd8e8ff6098aa1c2abea4c8424a9ba50d2a46c7a4340b",
            "public": "03eca0e99aec7896b84c683db6eb93fff2df7cf03389720ffd214eddf15f901390",
            "signatures": [
                "c19580a393f382b914baae4fb0861c4bd667914729dfc2a2ba04359c247669e55da6940023902e17d1006bfb14b71e2cd6abf4388ba0f18964f51d8b4ac272ed01",
                "97920bcbb32e3b0e853a2a7369d0c777826fca18037ec9711e74fc04e31de4af309a5cc22311e13d68197ec991abb351f3cdf8e0d8c112d0774d1ed0585f93ee01",
                "febf199c3d88e46fd9aad05f1c612d95dc2b14a0e81113b844fca9152964fd8407866c9348572f70f8b1a8f6d313ced36314f04a616383cc3cff9f6faabffbb401",
                "e5da5885db7f22a5aecc0bb7b8573703b450ad8fd454e65f658ce3e99280495a6201bcbc756ae9f7bcaaa387819f6e7bb921ba33d142077344bac8bca489cded00",
                "52086e02e21e9ca4349ef74aadba227f30062a46b150fa6ba478a238084617dd48bf5cae7823683b1dd7ed0c1190ef301a5a9235fe0636fdc32cfd4a4effe0df01",
                "3ff9158189c485c5dac9ca9b588291e8c7e02e148be3ac5dc15c8d1e744483b315c6c6d078d025e9537ef2a03ec813cfaded0de7afa37f329e94b6688f566c1a01",
                "369c2bf1bce93ff4324683029bc35655f45c2214f7137a2ca67da406b982a9bd53f5e3a728abe88decc966ea4d7516523986b504ddc9f6e4038a80848a81ef9301",
                "e673fc1269619a2bb56d3a5ab9d5d25412e8015074585abc94ec66bd5179d8c0272b48914b95f37e8ae92a25fabe6714e79ee90ef32d0d6a02fb55b72191ae5000",
                "1defb8dc62e55cf8666b6f02ba3814095c686211a5194b214ef01a655f3ad03f71fcabac8760e2be64448207dd7a94e3c6502d272aabdb1bb2fece29ec4e82da01",
                "96b40f52ac8edb532955af2b023078bb10a8583e06f50cb769aa79f27b6b1d6c487c1abfa02cade78f960698439569fc8fd75f88933c745ada0bc2c6efd7611201"
            ]
        },
        {
            "address": "DJGUeQoBFUFmCeVSGkVY6DTcDzwAn3f6KX",
            "secret": "4fe0e662f034a0b4937c6d8ab1c9f49e6f612e8fcfd57d332705d69b05a2bee4",
            "public": "0340c46145683e5aeb80354625ac586fa8142eea1894cb2b858a162673914701e1",
            "signatures": [
                "d7a1198628f61f4925a314cd3468093d3231c99defa06f40bffe364693b5a06905d47a8a380666279e7a701d952ac3d148d99cfef84b60c39239cd2669ee641401",
                "cb68e677160ff64bb60f5ebaf34317dfa0a88977819f807e5fca01320a493b192841804684874177c82a269eb867d118ad9e7e785d577b217b86a694a322c94e01",
                "d901fe90a9b825ccdc5a0c7f154d839961658e6b0277310ebce6e27ff94ff05459b3356686cdd942060efe49413445e86ed1be410f5bbf88f0b4e5df35f9098e00",
                "2c9d4bfc9ef82226b0b71cc4d725bc0b35ae15a8635e4c5900230b942ca0303e3a4ab3d5d57a02af7acd4bea6eb9d25fb52c3d0d43da43a854a309231ea9040f00",
                "d01f41a7555d7d232e34dfcbfa6dffb0e0df120aecd9f6cace922c87ccc08063437073c07000b8b799ee52bb0cc438750502455141b5033a974eb3c4c7ead62000",
                "908c2b370bd5a5bf23ee6e45211dd823bbc381e3d5b67b1a0844c7148b556c6e077ff844f4a17253993992be91ef1bd2f546f2847b9a5490fac0898e7536673b00",
                "3fb2652982f07cb81c9b4df36b5719f29f42b2cd63f37227727a66652a757181620b676fe314394a9161e6a9193f6fea9244107d160bc02850484ebc0a2b1bc600",
                "f1c38343dbcf9f4da4860554eeefa267cb18a35aeae5c0be0d6f4e81630b507860098120ce12924e7e237f4b72d0a3eb3669e687aea9b162db21417945ee679700",
                "39332bf80f31e75d34ef1300cee7dbd87b5605d0714907e08d0cc552f86baf6e6346b68501bca34feb81f776af53053eaf36c91343d15e6e76d25f79c47fd6e801",
                "c183c3f38336efe21ce302b914dcb06ef151f70bac7220c318b1cd68cc5d90f90a171263f5f67ca870fcb680e0307f1d872948d7d3458010864f0a3f284136b901"
            ]
        },
        {
            "address": "Vh9Zt9oPMjsJxNVphCjiGUxHSixS48J3dF",
            "secret": "c2fde07e45562dc50c18c1e7552e03ef28639c44b2bf3a4d363314203e3d5f4f",
            "public": "02d40df519e11c34b78b2124820d5dc04c6f59f465d6263b68347a9f74a98048e7",
            "signatures": [
                "a2d420be32276ba19ada464ae8b29eab9b07b20be80ed9a2998d7ed9cb872b767d4ddbaa6babeebac811a6dce35915d9279cc6d3c0a813fbc82a54dada6dfed401",
                "4459aa264b6e3d724abc8043de82bb8eb3f2dbbca1367d4b36327738a37c2f842d92698747c24602274588a91c8b191d17f0b82fe10b48ef01a9defb14fb07bf01",
                "7c890ef0145c41edbb3d56f37919efdc817b3d5e82976fe2ca0f98460315253325c47f553e91ab6a6c0531fefe7061d9c79f1f3983e46c7cc5d21fe7d4068b7701",
                "20ed571ec5dbf4a322c3b447cc8d2b454150ddedf84ba086e5735451698f99101f86f82802643c9e49673f83a988d7b8193a011ce0a3c52e84c6fccb1172f8c700",
                "64325c6f0ab86cadcb791a37de986659a83df1faeacd4112216b8ef2f7f0c1337c12e6af249244ed03a460c3b12636593cba964cce2beb052308d20777343b0501",
                "1ed1e4d8ea4b5d925b7bc270d5013d11c5b99992c6f22fba3699c1b7fb08b79835f7ca88c52416b191cbba7cc275d7f5d9d6d693990d85c41e4a305469d0aa1400",
                "02b1d63de47256007c751b9b7854ec997bf7c543af9f3536d831f2758643885b3e22d15755247365b21a5200aaada52e603b53187ad8ee5c73306ea8cd0a7cca00",
                "3b7680d15858017a6795d2c3a3e292fbacf2604c5f7db30ef2270d9b6093648411dd4f1c1868a9cf2cbd51cba1a8c68f35f3492abfa9af493db4260e04438bf201",
                "c1b24bcc8d83c07ab3bee8fd90cab612421c1e2eff21f03a26f49c933d94e4734b79ae74268d591b6b58d68b214b3458412f0585e9d2f9a7ae1b17ed36b0102d00",
                "c0ba9d290f95ed0068e90cf68c4b98ee935d463820fa35cd152ca085b548dc6b08035498a6f23cc28da907ff320260b9aee8bc589c481629070673d4cb1cbb0501"
            ]
        },
        {
            "address": "Z8JM2GA3ABPuKYwufFGkhvQrD2y52NFT2s",
            "secret": "bdccd360c259b643e5f48a52043602ae46cf5f71a4604142794b687d21d1b8eb",
            "public": "03fc611f00d187b85fb2d056a6a7e03a078939b1e9ff472c3f7b9575f5b459145d",
            "signatures": [
                "7f023a6462b1eac2ad7226dbe884ffcb79cc640247f720a653cf62e4bca47d8519b98c45a7f5bb348f15f75cd33f5bdad5041dae85e9ba3ff073432a77f36bab00",
                "1f9b6736fdaf0bc3934c687a0915acb1488f1ba30fee969c73f7f2dd16d011f65bb030cfb3738ac7dbed8b36585151f5adf2138075fcbe61ec7c3a2e0e5a6f2101",
                "7fc3dab6e22ad333206069656f10ecc9600916f1cd0b49c5cc874c42102907f33bd20b18d4bf5bfdad1456eb7c8c7cfca1a676d525314f37f92977156af808fd00",
                "a7697698ee9ab3368b5c6e75dca0fddf3f2ecf0378bd73481fd49e1d4f73a8b73988ea189cd301cf35b2bf4c9c8445f0a88bc2ed1d17f2e79f46336d6172442e00",
                "0f6e0373d049e5cef26325258bdbc6d052826e18e26d8a7d4e7231d4c2f7f8af7f783fc5994c609e4acee8bc6777fcc62d40ee4595a2962b061475130b1e584f01",
                "5727d799b297cf70b70c7267424f842cc78ff7853c7b56f0e47af60fe73a305f7713d11b418a1c4f214cfc2d87aeb5f90654e957a1752358a8bf160de86893af01",
                "6abb7a9d88d099d1160ebb9f0f76e54874447214bea3d8bbcedae00c4eee34df5da3e84fb6cb35faa42688e7075351ef22b9b8543664dec354725de47c1f83b300",
                "ee5966c6140b76fd30c4241c55ebb4e6e59be0546b41a7a2618a845b56edde5d63a0644551cca495bc6d1b4c8f8ba7067c3849391bba13a4a38a1c040f5ba44500",
                "0692808145227bab7af3087c5e45f0fd2a468db2970c5fe37f0dfd2eab8dfc5752f18a2475a008f439c94d178a4b335304d4369096dc7e33735f73dcfa46e0a101",
                "d6aabbf59d8b2ba240e9c415f95955892c7ea91e78e5c097ae126934a3ba6d592575f48b9ad58a1e65ebdd9d0464d5bfcbd4af4b849dca17d1dc2b17013623bc01"
            ]
        },
        {
            "address": "22GWk6z8PQVKDoRNR9Mt3YusZBqf18RBdb2",
            "secret": "02a29f33493d777d410677a8ffb9049ebd37c08e994e48ab7664b66f02fa034d",
            "public": "03c2d659597aa5b59c6f64f7b75321d824432b5a41724a74a91a667d3a183e9d2c",
            "signatures": [
                "94ba8c0c74b89e5bf2ea16b610de49b6cb82dab492228f7e2a08317fd32ffc994c0c440715c24bfa144d5e8f73d6bba3f66dedddd6524946eabad7733df86f0a00",
                "ac497705c165952cedb8d8060cabc5753fa0de358af047a9569c0b989931ad25357887605eac25ecfd15fbd0c64eac6ddd65af25de11dd16ef24863f20886fa801",
                "7a3c728bc7aeaf467d9285eb8b5200f9a9fdf97e9cc7c5fbf4fccc8a12c2d76b7a652321bba91e9f8a30569b56b5357a7b19a6b1870399dd9ac24ba5a199986d00",
                "68bdd162a269d6536d8f03cfc395f5c3fbef268a18d6d85c535af73aac08d87d77c913500ef9fb9b5d6222d084111953b8f04f14ea7a73e1aabe36ef884ce32100",
                "dfa9cb7e3a83c637e8759701edab94800808e4ae0611c6dd1a753b01431a84081ec0fe95dd4b0ad18884fc307d81292806ffcf837ccfec38ecc99f32659564b501",
                "2ce3a840fa0cc355e9f0ba33571580c177753bffad543ceb20785319832eb6c71414d06f9c15e06311b201f8cb595f5abe5deb471a9efc8472ec1ffbd6765b3200",
                "5b87c2450e587f2ba62fedb4fe46dd8b487ff19b24632c3dedc1999035457a37088c380db077ab84fd31cb414f80c99b05444dec8e0295f337a13f079747e8c300",
                "712c0e4c8b261bb86d46b458c51fa33de865414dc008229d9fe523bc97a6eaba22b0b5e70be850b833a78db5e2cd4a3c64ec8380a7566d72bcb9a986234c84e001",
                "e4671df444064977c74fccc8692f11eda6a7460765e437edda902d3c5aae2dd1353c88d783dc0200d769bd420d989155cbafffda4762795343055cd3d21ac7ec00",
                "8c4077f1f6e7fdf022e0ab07b55b3f6c876e73879d1af32ce281f77cc936d4ad5a86667cb593d0c142efc707eb4f8e6c6770c8c72c2d89aa1fce466875afb7dd01"
            ]
        },
        {
            "address": "Gy7bWVonUXNhGeuba6vuf9VCMxSDopVwXC",
            "secret": "127e2ae002a0089db7c77259210be6b39559f2de9e0dbf1a16e362c73e8e539e",
            "public": "02b2bd36f4f2cec30c5679311a2a918b61593c46b6cf522908daafdc337bf6c73f",
            "signatures": [
                "3c7e5cd75e42e58d4ffa2ca1a6f7d27df4c29454162329ee4395137fd911f90e2b3c855f37b20fdb915057be390de611ab7b9f8a306585a98bf37c9e9f9c74d601",
                "5924e1c81b54945b3f1654ee12010984c18f39cdfe438339e672bb24b3ea245f55d46a79bf6359b41f08bd5317e7f52029ebf6a11001c184a2719f6e6312f94600",
                "2dea341a911245608f6b92037f2ff9389ea009dca319db7ced270d766631d30043b8a627b5237d89c12c75085c84e0ea96e1a1cbb7ec44eb9b45646763cbba2b01",
                "6270ba0e3dbd54f697f440cb4ec22c6551332ec07bd8040f6367df6717470fdc3957791332a244d270046d164124c80472ebaa7978d339df19dfbdab5c109d1f01",
                "25ccbc38150545974f3b9cc52ef96130246fa9a3f64e6069a762989f5f8e9d8f015bad4faf0100a6eb0078770cf32c2bd997dea56facb314c47b3cdd37cc3d4501",
                "6cdb3de2d53293aca9bfd74c6621c82af5f6e7102ecc4d658189d28021371791728c859162fa51f8b1823ceb19aa3037090bf18ce50fa5cbc56e5abd728eed4500",
                "8253acc32c056cc0f10941e21ff25b17b4e2ff4ada8716315852e6ce459ee3b82f45747d867ccf0188a6b3799990e72298c31670f8bde9fd788c986e1779899500",
                "7ea062c2bba7b93d31073f90df27a26543b67f357992fdcfa8e3a7db368cb0f141629c1498f010f2af86f1805556ccd4758fb8fbcc28a043e8b2025066d6f8b101",
                "2e1270c4031965205ba2b8a4b85bc1945c0eed13b758e02fd627f96d89758b9f2f9819f90dc9f19fbb7f27c8b91adebba02055f72cd7ee3a07481587481c975001",
                "8806abc33816a9fc503bc6f560f399b4073e8c27a42ad3e78ccaa643943164f41f8f0d016f9f32b25fcd98259b8e6d9244cdace4e0a813ec78d7ca6d9a89de9401"
            ]
        },
        {
            "address": "C8jt5AnTY8rbxTpbY8JwWkPXYfoAQ4fikt",
            "secret": "6612959069c41c6ed02d7e1a2a868a241fabb65bf8361c0082c797a87eafe119",
            "public": "03e0f8e7fb3d410563352dbc65fdc0a42dd4f6c3702440c63f249d76b96585bafb",
            "signatures": [
                "03fbaf561b2dc8eb519fdf55b887286d29ec6685ab043adcaefd84a5525a4e406d62f5209001e0dd07a5865603d36f29575322b21575d26e5644bf19bdaf46bb00",
                "a5af3b7b26b4a0ef7099775a9ab9155b9619595146e584e794f08ccef4f870ac74b1cca792622fc0932025cc88f44a2b436e1035a377aa2fe31c51ee76fdcc4901",
                "28bd55dc280a0d32cfc09325ba0c10cf83b45148d3b8e5b6e71f518c731426ee670a71850ce30bffd3faff287a75f338000b5faf4d3ce8e3625dbce87b09774d00",
                "61b4dfe751c918060ea390cfe695b5284fddb0e260ed4a8fbd3bd50d2de7dc49260094650012c89f5f0a93fd5a29a0aa0a23a34dbdc46b0837801e6a2b8f744600",
                "6ff07926f05fb316a1eed1bc6157681063c8545aab1b05b37f6d328564659cf0621bdb4935fc4d5dacd751132a1513b2ee23acc7eb7cc395e8a27a83b26f7eaa01",
                "45ba72c2a125e68610f5f453709f4cd08e3be050f053bdc9d1788e65b2da7b085d36fee291feff41430a429a87a4b9cd8d43ea005e3b9f4b099a0c2c997983e401",
                "4ab3341c870bc25dc9441a6e920b11ebb47cfda4f4645e51cdcea6fa99aeb68c06b5a0e4b3b41da3ecdcc5fb162609cf1f71d49c0461cbce484fd11c0a8557b700",
                "aa253e2de851ccf7d3a41096ce5c0029cb4ac90f4ebee3eeb4395a54ac50361d3d16cfa3e8b764dcd8756f8d890bd5adfc72a43347c9ca81b072dec40b75ea3901",
                "ecc90584883a76a56b914f73fd1367329db16d547e692a64fc59ba4ea86e5bf93598d53f0236834c98c3751795030578ba249fcbc69da087dd632886611ab96b01",
                "0b9462cbe619e461b8a72a52194d0599cd63d130f10e905a1ffe8af03aa1584311953db3006f00e7d7273036b0d9c5347c3c586a8b8eeae315dafe6f8bb2340901"
            ]
        },
        {
            "address": "baYpCovQfbz8Q2A9q5zp2AR4Q6hhCBL5pM",
            "secret": "1ec466e5d354246ba0b60dd2de440908d7909fa5c2443b67ee2d5d151b94bc3c",
            "public": "02edc9f522f60e60763359f6fa8d55760ba814552961fba4e3035c2b722a89c2fa",
            "signatures": [
                "7de1174714dd3ae5dbe8e6799cacdcbd03ae68b0440b04adeb46bb1136f333e55bd410dccc8489b3d01c5e4073a956caf4388bb803cc8d0105f22a585237a0ae01",
                "2864b63a0ea3bec590a1cd4be61a31e086cae999fb7c78955fa86696fb3ace04753e70d4f14c83cb20b05bb9a30528aaba1f6f5a952995343495a4fb6c05079300",
                "703edaf07205c2cc3bcfd26cf1608d679458bf92861880d7856489c42c50d712460335658b68625f9083430f5338d6bf42d3ba0f144f5ab533679556df92000a01",
                "d4be1600c0cb92e0b07ca0263cd57d6c909849fdbbe5178fa97d983a406839a94c8b964b06066c27d13613d6addf21e151c630bff8c38092ed00de017d1562de00",
                "c842070d8c933f4fd86667ed96cae99037195a88d5033dc76b95969766ccd9ac41432953188335399e7b2224958aaf08c5262bdff78a65f9191b5fa13547915d00",
                "0dffc1ef0f4b1d62b997965a884728c25702d6fce447df95a0549e4cedfafcfd056ab44346bde268b8cd848b4e61d3c0ab8939cc251a935336ebe599886bde9800",
                "d59b89ada61d412d26eb7a1451ff13c1872d93250243b359a368a1dac24566b0617172f14b76091b80f49bf8b02a8beaf85a461a521f1a977bbcfca1ad81225801",
                "af4db82905ab7d4038d17c6c511cff360af7140ac3a99e5f9c4165d197f45185443fd0090e7be38f3be83cb3bb6fd2ab7b5f913fbfbfa0fb8c676936e995499701",
                "005009764d6b272d9049808915172c3e8e38060c6227ea8fae538bbd273cd815393c215b0c04dce8400084dc3d83de618f7bb3f2f98f30a3a930b1e3286ac50100",
                "85281a5f09289a2625bd5f23012e98c16ab43596c0bec18b64f47e0c67265b8020132a12b3c9e32c95c7155122ef88da0143d629f4256beb6c77db4077c562ad01"
            ]
        }
    ]
}