{
    "seed": "aG9iYnkgZ3JhY2UgbHVtYmVyIGN1cnZlIGRvdWJsZSBzY29ycGlvbiByb3RhdGUgaW5zcGlyZSBzaGl2ZXIgYWRkcmVzcyB3ZWFwb24gZG9vcg==",
    "keys": [
        {
            "address": "cfb24jWcms9pZtvEx3UjUuLPdT6rbx6r9M",
            "secret": "6614f0956f4e08e07ec2d4c2767b9f7121449fc2269e2b22f1a549d63e9f719b",
            "public": "03b79123b2a3100420b19cccbfc688aa39f510b8491b67bdd296a92a021a3d0d8e",
            "signatures": [
                "9ba679ebbcf6ebe265512d46265bdad40df99b5cb44a34f28466143cbc5f152d0e522018b8f4298ecadc129a1b471b0fd62cb51ea9305d93e3b189dd2b08e06c00",
                "cf17711343205a01e4f5a6eeb81d3dbb523858cfd97e11281cff9617bd70932067b11313cde8b21487cfad20f7cca5f24fd7f1687fd073094eb2becf2e2ce37a00",
                "1b45f0df19184f9e6047d2e4ae89cf5cc4f929fbcaed499ee7b2fc57c14e973f74ba3813bd28ea910a3e3d94ebab060353d564bac41cafcdc415226e9b8574d901",
                "6e65a200a5a02eb1298c37d82005ced3e844d7065271db5752d242b611fef8ef2e3d811bbe83eb872213ca64bb9008bf6fe7edb548fea97e85dad05b4766cd6e01",
                "7c020637b7d0f1748ad9891091de7f05f9b024d9bf4a68044515426f65d57cc3091b52ea7f72a571fcdcf629eb006523f4e173f0ab9fef7d1a906fa2956ef5fc01",
                "1ca1cb90743f5599b206227ed8ae620b6e501cbffe662369a447f9846277d70569be1ea604c2c4d3af99ff5b1e5c4da0068bfa412f58f9c505d4747acd04962f01",
                "af95ec5a6976f1da014accbc98aaa62340a4efd5f42c21a2ba73a53cf388b19022874e03e56cd77e9410e39fc937da8e02c23de7e3889c731d652c0da9aae16500",
                "d1154d77593d24227e95233ffdb2862145457b97d27b4216e56b6a81523c9a455e37a98694c465d86573f0a55d20397a25f089738475114c954fa746b0c5ca1100",
                "7d8e327ba9d328bd124b43f3d472b2a2ec45d4dd44be4a6d2a1edac8cb019c98675bcaf76e531e06e2c6c96294e8fefb1fbd29640e528a2d7671b1091c0a55b200",
                "352d7850e4425012640dd63540d7fe760c728b6057bdd5722c862d59337dfe7c47bfc33bf439465ec4f833f10ef658469933765be14963982f6c112402e26d6000"
            ]
        },
        {
            "address": "nJUPS5CrLV2iBdMvdMzMiP7iA2dzumaWGc",
            "secret": "93876705c31fbf77f756c7a59616ebafe12b5ec6bf6f0c85014b918fd79d6df6",
            "public": "03e0298390270c0b67c62cc35b493503ae2b3e02d2d2e7711e03beb2b6f481115d",
            "signatures": [
                "d6c5510639c65b5c78f2964b0d42e1ffbef3101cbe51b23ee9bb9bd627020bda7fef7c1d291fdfd46ae66825e0d419a561be56bdb4e6585a6d65bf9b25d4206e00",
                "789de29db7d31f0fd788a2cb161290abe58f48c2538ea620c1ea9f1a73d723bd3d75287ecc450bfd0c401ee43f67f45ef003d53dd85514f980e69d6be3fbe2dc00",
                "57c4cec61bcfb07af8d934d28afd239caa988c5b99e12fe3b157010bbb4200882896fe9d1aee6b53ee0cb59ce34e3184b347613d22ffd18d34e5ee32b14f4a0200",
                "01598d2f3248547c4438669dd9cd4ddd43528d71de8d91493fa65297a88b6c8d23c876f2ca5e0e2ce2d9106342faf4cc2a5d7e71e8c363244e5e0d0a1723f40700",
                "721a84e14995fd84f3d2b65d45e79bd012e59e1cb4f0a801a67129739f7949c91634cc5fed042d573d552b9e5b1c9f043b77b23988e2b1ec60f37a61c1e469bb01",
                "c557e15d55028b279f899a6aed370aec27a66e59f2d3cfff517696b64d74a5a05106fad5e5b795f45383c358f554c4bd97d93728fd0bf41940005a72f85dd72c01",
                "54241216147f863da2d7e0ec30bb61365343c498847fe3a788568e343e42fab947368fcb8a879766e99a85bd7614c968bd517e5ff1975195a49f999767b43e0e00",
                "85c2649489658ab69ee9936b616d98a38d6c639c73d6dbc4bd434e0cd079b605131521529b2dd6d50b1d45621b7974cac8e7c6f0ad836ef102df53f60a43d8f801",
                "58462dde6faf9bcfe80e3aa81e3976a3c1a5fbd4d0090b925641a15c21bc6d6a26dc6ba374765e7c470ddee3892c01c310c19a2178cbfb7260692fd3e3e3b67e01",
                "ce1d26440fd13d4a4501b6417b8823c8e447f507c7a198e351633081e05a91df5d7d4fe3632c11a7d69cd1a646a23bedda6e4cbad037189b145f97713436e90e01"
            ]
        },
        {
            "address": "UxnG3PoFvKtRuLu5nyFdb6eu6pu1SZadkR",
            "secret": "c1b8c857a2039d6249d3bd4e25d40b34c358e136869592d03c1e3ea85e2916a9",
            "public": "037a13b47233d512e123c180984a67571c6b0ed10c012351842846a4eb33b26e37",
            "signatures": [
                "d08141df6b5627105e2ad7444c6ac67031eae74fffb1ac993038ab38081b05841c591e997942501dea90332e0c8c1c8d8d1fc041cb0284819935adac9998066a00",
                "73dd6d14687efe1ba1a03e8de150dbcf16e4c91f14eb626bb39b0fb64df9156836e3923a84d95d6aecec4afb71b406c71fb6145541787830c6ca8bd07b74017301",
                "033beb311d4a6306303d3e7c7089f51b06e8bf7ea0f49c2450e26cf228d0cd347e4aec6143db99a87db6bc4f25c3ba72aff652b95d8f09fc8c2bde54624540ca00",
                "d045036a4c717792cd1b76d2b54218cbb2d0c3347cde1b685635ddf76fd310dd4ce356e1c97e25cb304f3850c751fbdae646f4c028c68bbef0ee0dcf5fb0ce6801",
                "96ecb1fe556f543e6abdd72255f8b844e7574afb928617fa7f347030d17bbf8c745484dac51073ed18a9a1287844fa22d5b46ad5acbd67096d857da1b303e14801",
                "3bbb6961256e153fba0c749b1cd73bc5d5aef993e37c28111a3f10218af4a8625d263224b43193c00d0b383c0dfd6ed5017cb764f0be76b744d0e01d1df8e66601",
                "ea391ffb47c13a48f74a70b96490f7b0f7eefbe4222d55f7bfe004b1b04b983a56a465da3e033df40a3b51e63becdaddcdd38bdabcdc33b249a30a13689e5aca01",
                "0bd57e44ab89c2c677eb0c491b6ed609c85018f0e875a7e1300d4699d60529e875e7850562e96fb90c897f316e5fd56d54170b3cd6320be2ce3eb5362d03cd3800",
                "b27bb5e4a094442b30b7d55ba2c4996cce6e454f79c88c339ef89bb754c2b2ca561086e3ed647881fc4f6079831076d413ef027f942643a5e939ca41e583037401",
                "26faa7a87708f5d27731e866ca1cce8864a4fb2e258eeb16de8bbf86c1fc4429736f07693a5e42f0bab79c696024ade370fd7374c93cc8b692bd56fb7093295600"
            ]
        },
        {
            "address": "SZRDLCVHyoP7Xo5FEnEw7ckibmitbNx25V",
            "secret": "2ccb1679652e9bad28f3a316dd8d98ebfb5d8d72d679655365c4fd42e07089b1",
            "public": "0284eefe3f4d6500fb563b69d52c7cfdf3152a3394321cfe1dc8d1de1e2868e3f2",
            "signatures": [
                "392f6b36bf19de26894386049ae581aeb4f358296a02ea0666fa7a0c4732aa950d5b0410757644af454df89b1b6c6e8922676b21e095dc0fd094aee93e4be6a100",
                "6eb48f725ed820f3001b88814a7ddbfc2dd60264612a29c2a6fe619dcd227fc3641873b78539dcb14fb74024e617b1e9c59ec71edd33f7292b5771a52bb6289d01",
                "4b81f2caabe43a42915a7e19b34234f624f0dfa69353ccdc613874264bb5335003e6e04414ec7c84f4127f720b84772209ca59382fb4f38d102d312ecd4e64ac01",
                "2428b1fd886fd31eea75246479dc120746ced1a4d97e633cea7a22ba67378f5636a09f06b6e9c66824efd5c761f1106b6aa15d4e0594c29239f4cb9dc1089bb800",
                "627dde5f3179cfd4f1256018e59f17af2426a23d2131c4bc68d6cfb82b19a08f70e0ae7fe7d1029c71112272577c1db86086ed84ee5a7b17c112badcba0a601d00",
                "8249b9da32a7f5c94035279ac4eb27f0e62cb50d230d1b30347d7cb0292dea8f2b662f54585a7bbd462858210010298abb3f7d1c16371d1221ff421a74a3744301",
                "cd8c4985681c319ba9f7c797f5b9ba9c683776367dc4a90370ec09fcc8f6e0f07c7208db052e77ab6d595879e14423579eb2e2bc55ce04912e65f82601abbf6601",
                "0aae569e4ceabbe5b8e1cec72ffc180fd9f93d5f17bc1b7df01e8951cb4c35a675f55a49ec380f8f33b561ff1647a063d4147808e94e2ae99dbcef97d2f1139d00",
                "5b984636c673f60e7abe58c10a2e079f3e01da2fd8b41a239e6f596219dee2511ce4f0b35b1531ca8442137764980163509a3c05c219106c79a8e2f62b23d14701",
                "9c6ff83bb5482a96c22eeef69246cede55105641018ef2d9cd40a265e45d402620403f555329262e20a5a0d053792ca7ddbdfc16d80552e4e0a8d6b83da86b9400"
            ]
        },
        {
            "address": "2hSc4vmw59H1FEfsRUQ3eqvkceAAv6nanQE",
            "secret": "867f5d21e6e2c3204b6c526ddd8a5d3b7fdaf8612f5bcb5423956a0d9eac9761",
            "public": "02ddfd5d6c55293a925a7003bf23df040a91002f603c5db45c8605822f79caea01",
            "signatures": [
                "e2255269e581bb78a86cd9b056d5089f03b77724401cfb900373571b5bce0c8069660bcdaaa99dc5df44214ffdf270d7e5065236867f20c2e692d2c4d7de0a4100",
                "959d6ccae8bb8234634a5b15327a3e5ba03a15a6ac59341ed45f4e5767731bc358e2113667bf1fb15f15c0bde8b32d6aa83d4d9f91a8e479758373729641901401",
                "cc8e9ec5f38f3d0a3ff71d507b9cd185ad7379448c2d33f4fc0944c4cf8d072f756e7cf1c38022375865105dbfaf5b7f71725e8c7a6491a1468db8ed93aa72df00",
                "b82e4a33f0d9c4f6bdcf8a20acf103539bbd29d6e34dcbf15e396b980985f3a21d7903f83d6c61278d28de465f2a7ad2e8df1ae5db2bc823902bc63353e0937401",
                "0783f3743f119b073a1ed59dea2641b5546fe585831597c655cb9841bc8ac16f656ac3ab9d16c57410bde691053675126c739cfc49694a3cf3030d776bb8def001",
                "bfc6d5273d529ba5687a925e177740f33035a7677f366a3cb1660840954b417c0b9876d130231c1cffba939121d9ea12de9cecd88d6e84d5e9e061b4b443cab600",
                "8edbbc3fa3c844abc1263b9ea429cde5df75524bb2acf2ffef42f65e4c1922b5676fa50b316ee8afec86fbcd116dd55218a44ceab2645d4bfb9e277822ea305a01",
                "584242e0143eaa13dfb4736fab23f6a5e19848a3b625e59b9bf6c603789b00047371314b12fadc3b554437220c6af2ce6a406e694393d8e3da445496891d3ac800",
                "d8fff1e095c12c899d7e993f5918e99164fa362d6262227d13f0e1f6ea40caa01fbab5f7b0252f306baa364a29e6824d4217bca7771b98e3114a6d9ddf72970000",
                "6e4241e151308d5b33cd8256c7d614f804e668a61a16b4b7273f023c21d7e3006b41e1aff2703b4c8ce93da01484a70b6e9f09ebe09390f6f611db0694df44e700"
            ]
        },
        {
            "address": "5vbcxd6wjxfVaa2rYqHXXYkW5cjFLmh8BS",
            "secret": "2bf3f42540a08a15ca280560e43efd112e843d4de930a2ad8de07b1befcf7231",
            "public": "0243e58f57f152aceda76daef9332f9ef9f844e4ef5c1b15685359d0d0dfa07799",
            "signatures": [
                "c562d6f8476717a027f1ab8c14f95e444f6a5c0eb789a640a56f58dc0339ced44a62e983abecb139a3a96ff2333a7561df23fa8b1705b8c06bc3b921a51afb4f00",
                "4cc7e74e1f2e6136e1e122817f39f83faac6e9e022bd9d0361506a26b368ee28128d1ea7f0bbcb6971fda0caaed4e1e52a0270aeaeaf3daa0fd833ca1e17715201",
                "88674e6524a76d0d2e1b8d07067b5342e890d9bf11091b0993b6a5cebc74f71e29dcbe6b0a41446e3d7079c1ba2a6a4df34a8a9cc9724c3dc887d40bd7f5f64401",
                "488a99706031b162594963d5bbf78d426fb22dfef8491b32ff9b30a0dd18fb5f085021d97d2bebfb1132d86cfcf72e498a791e19811ff1b3985a499b059a1ebb00",
                "438fec175b65eb9644fa9c88e4ebdd7d77c760822eef3bc0bc4ddbf7d04e5d5738928c1ba5e2a31cf006a21a4a888d1986043601a563fcea71afd4e7a46fc38c01",
                "f7e70b4a33131be328f844d0011efaee24b63ae60c38f3e79d9cd29583f479d6125c20606de51cd56ad5bc047209f4abf0244335c8bd666306e318dfec5b11b200",
                "c61983d341ea122a3001ad70a9e7bc009f564e57b0fb0b8af60e3d72f9326a6248cbad7faff8740da7b907fdc2bafbedd1593c9b83ceb418157232c8fa1802d001",
                "afabaa96aa5543d5b7fee0b63c84a9a220c6de4fec3ca7a351b793aa417c28391455cbb90f298b873349f9abeff8fea461a6217a8e1694c69fba51a1d1b10c0500",
                "faf1e87ae00172aa9832fa7aaf13297bda608165fc583623062d13360bcb4ab42d8ab9a9f202885030fafdf12c8c21f4bb2ff85a7855e8190b15f52dad3b122601",
                "50392beddfed77190bc6c31746006ae525d6be392ebe65a71992711456491031238df2641834bd50cf119074b8f44cbbd5d44bbf8d939461d4d2d09cb022904101"
            ]
        },
        {
            "address": "2ACC9xnasQo1uuJQiZwyxtLnCBxMACcZ5HA",
            "secret": "c2a0cef659813cf70809fb35804c0f6446524c039e4e14444c54f71d99888527",
            "public": "0286b5204bdac7367a78f615f9cdfeb560fa36a7e2c9cd87d7193fb6dbd856a403",
            "signatures": [
                "c77ab13d8107f4965708b75f24bdda7df11bb99b5cf0b8f7bdc8e071db62026b7179fb6256db5e36d926d8fc5227683e52277dea74b95f12c7eb6109049f813e01",
                "958d52862b8f9c93bc63c3187a15e1f08e823aa0b4ce36b511668e7e082d05d976afc60b13012199bb5557f0d7726043f25e11434129f6bbc2ef665ad148492200",
                "b9077e49d9f986de93cc360e5be3dbf8f30d91fc0f815752eaf0cbc64071000b16fbb965787a4a40eeaa8fd58d6f19e3ec49cdce059aad5f3674c4adaab72da901",
                "3cbb3e9169b6116aef09e671e1f35cdbb7dc0fcea9e6f8152df98c371b3648491eaaf50a0cc6e672ed5e69f4255b9bff79532f8da101fa060d0b68ee0e86a86900",
                "002895c8bd7a3537095f2e7670a909fd9502e25a6492278d2ae1b65a3f75642364dd31b5446c251174c57bccc5f40f9dfeffb959386a85b9473fabf1578be9f801",
                "e3d5e49b8889cb5d655f4d4bdf16a2e3a35c88bc89f1a5c4a75aa82f93c8acc213770b1784c9bf5503f4ea127f4f928e36127d954b18cd3a5d75b1015966da1401",
                "990c379fd3f47f08a6899f82f218ba9350e2a94fe046f9865b5ebef04dc734a808769bdfc057f45ea24ebc2a16363dd215c2656fee82792a34439c466a0c3fc201",
                "60f194e854753e978e18455dfcd17ed6fc50dc9ecde80c9e78e9ba84238627a815f47b9a7633d6c0e963571a661c7e3896cd4fd26555df11b842466efa4de2ed00",
                "12bc90a0c84c73c7b3331ac5106bc5b33202fd28428411721fb084bf5b57cd1517925c8f63265583c50ddafeed9c53c1817b1668a64480226161ec8aa43a73b101",
                "ec850e2bc4ad3c96db1cb54cff954ed88566ed2046c806afb0f8218f92b66c9a2a51f2e948b36c5a0137781b82a401639e58301c790d2fad02c17de493bd9f7801"
            ]
        },
        {
            "address": "kaVexneJnxkAbJMmmStgksNmJnZLC426Cm",
            "secret": "af9e2a6f2298c2e47f1d77aa23707fdd2963fa83ec431bf48a8b9d15de8a790b",
            "public": "029453f88f667c4f636d2461e03fdb8edd01376bf04c0f67ecdac93c38eb869f47",
            "signatures": [
                "821915081c72f5b5c953d31cae7d74e65f4156aff94befb9fe18f3b6b4436102488d841a3112eeeb9cbaf1e07450fba1e76714983d5bb40cdbd4581c3a42a71700",
                "2295b3fe78e5f199f8eff8648ddedb640dea47b46db10ee38a8942941ae1f70b25da39268774726427c3e77df81e338a91d1a1228053b417c33a9ea01e35854100",
                "ebcb5e094ab5ff2c05ce9e6731d879379a59cde87168fda1c066cf8439bde9e53c463a4fecbc1e7eb72f65bd39ecfcc0e67f57dee9e866766e39ee3431e0337c01",
                "afaec530e77e9e2906857324943441e574548873d1448348b4a754267d68217707bd6a5074ec510e6144f0dde0dfc8bdaf7e4e7dd58cdd83cae5454a7d0cac0f00",
                "61f7f2667cec398d5f03b4d59abab20a7da2f9989efa068659f884bed748f49a449cc53a84a1d7ecb717902d4600c63cd2a4baeb16504563bf5b417157b43c5600",
                "7ec0f56f2bb9cd8219ea83a4ac71477ce20061ac77889568f4e26633c68cd35b1cc2177e801eace67e7e11ec23c4d68a7fa324e6c32496cecbe0745eae3fbb3f00",
                "25fc127004c1ea09e9f0b0c5bcb62ee8425b2a45484160ba0cdec8c3834ac2707963c59ff546e96f2912107cf0f808fdfc2c56562e19f9398ea37c888dcdfeeb00",
                "9db1af6c0c87542eb3af726044951cf603faab78865862314283c48f608aa35846d660253b7d09f77a5b6873f3f77597e8f67f1cc02df53a7072da9cb7fe867a00",
                "4c0308e93abf3ac49235e2d97b35f7ea80d18e7bd8da96cabc24c324e97705cd34094509727518ea807c20fc0b54b5d5ad0984d39c5c417b67db098563737d5701",
                "6031dd2e342edf16e3d6de88a462a4bccab609efc48deb8c7f1d4d31de655c845e0513a38e2146043eaeb03f0bddd77d583e0ba55dd01379570f0c3116d2215d00"
            ]
        },
        {
            "address": "JAiiQdrBFFSAgY2NxbU4PgKSzzycdjAJN9",
            "secret": "2e6a21b2b939aae41056675f2aa47fa9015ee2472864b0da10cb0b3ab81c7d83",
            "public": "028022f636b47fd06b43abed097bd3c0fadf44689936cc5cef4e40291281964aae",
            "signatures": [
                "ed6a323988302ae35f6bf4344d0feeaf6ca2cc98924c61d89d2baac4756f84af157c96fab9ccbf05ac1f3bbda3ab26c01bd0de2ea5d7516f1740f21990c0582700",
                "816166e485e7a1fc98f013bcba8c86929b81d2b4ee98b116146bbfffc51405d61bd43d91a03969f08a062a74dee64eda518555a2f71ab2fe54606b11e010d23701",
                "fa66344d7212ab12eefcdc2e30bead3eb015d9e328a09ee342a60fb50fdb1ab91db7ad1b0391a2c5e483435e177d2190dc9624212b02b9c4a8ebb6d8e23e5add00",
                "92e6d0c388cc9bc4a2a42c7cf7d4eee0e9969ee2673d1b3f3cfa049cb069e361255f0e5e3fb1ad08eabadaf8338b990b9a3c03775e20499952144653c7d4c56701",
                "491cd9ddb98909e25c019f93f75f42a3f3be73628ad5c822e619eb63d2bd47022d38afa0b1017529cc5afbcb8ffad74cdd216ba9dfd934b48b1d5a5f47f581da01",
                "5407be85be4c256f186dd2b552c47d3a5a50bfb6bba489f9c3dfe3d95b7213372fb5a884beedd1ae250066ac2b264a5d60fd8520798ae0f990c1459bc3f79f6a00",
                "35ab96ef9cf604e2ce83b7a2475700435426789bb56b2a4e3e39f2fbf84692f85b4501acb8129ff57f769a9ef1d5826509ff86474fd12e9882b204e956d7832b01",
                "b4598b238badb2b0b06c6bc3f37ee59ad802cd45990646c1fc2ac157821ce159497fe4b0cb90dff620b1516952007b12af295aea98d3dae4d5b16820f17145a800",
                "971802ee62ad7818279facc0c549f6a54da277b69d55e01fb02d557ce93788f32eddbed9fc62fcb68fe0429fa615369cb0fcf9dde3d5305477348acefd19e0cf01",
                "4afc9fb67f058d08575ba3eea93fb6e6309cccca16e359197a6aa838c9be7c065138af45c012aca1f74914402b8c3d84f7094daf6300c9045db74e7ab1c3fa6701"
            ]
        },
        {
            "address": "Z6XPgNGMRjR3dVjcm4A5CBqLS3aqVQcVaA",
            "secret": "0deaeda9c4f6391c54bb1ec5d16a31474b297f33d4e7af256286cea76e4fc40e",
            "public": "024945c67ebb6749835872e06e9fe8d3f0fe13c154a5681764072daaebfc9f6c60",
            "signatures": [
                "e8148d32e2bace9e7c8e6017e7229c3ce809ec88ceb83a01a2a2299fb87700576f79df74e7071e3216649de4653807a1c94193ac38f0d74d0abf25a6f8de750900",
                "0ab4d582a506ccbfe351f54f676a97830fbc3efc24deb49f9410d8d80e0767e16fe6e0890c72b16774fc8aae801c698072e001b2d0c6ec2cb6637cc52517692900",
                "1c6bf51244d387fae3b6409e5c42428c5a39db4178746298e29cf397b21335fb49deeb64ce486281fe6318f235213d016ef7142c7540fae3163a5de94f209ee600",
                "f18778602f0cdef09fbc469c219e92c5bc52a5dcd7d873c2a4759d0938e503dc0d022341130004e45be1c7644d3ec3a338039d9c410352afce7e41dcb300728d01",
                "2e0978dae226b1e70b46e88ab1fc2126fa1db334f022b0b960b3611e341b6986233ef8fc90a1a1ce28183b18a9ff5c701fbf340ddb4c45a88b1dfde74f7f39e101",
                "3fe60797a43ffc78e26e55990e3eeea76e6e920e47ceb4a51a07ee22c2c0be1b7e51d098536a38537aa99d24af3c644db97337d51b65d13ccbd218b9839f179c01",
                "ad77f584346779975e2fa12d3e7aaf0ea35b025298fde1f211488ed5b92d25343c86b4c2c0202748b80c2de9008fd043aa1d3f60262ec1f9f0f0e95dd4c2fa4800",
                "27d66336014a5a93c5e2177ea72755fc0b858d7ab79a5976e38e5287549a6d0d0cee44bff45c3b7b89d6a1ea30cfda80c13f9a772d38bcd57c72f938db85afc101",
                "9417eb0a9be763f5fb0ee8b189df8cf1a52657b87e545c28908802a7fa0c06442fd47c5ae49bd8fbc4e4985f82da6f86c2149e17fb903303420c7fe4d05a6b0500",
                "421dbe10f4f49c005f3918511f9ff71ea6701ea76226cd1e6984329adbe4428745ce14e5768970e2e3fcd1408055b2f194f73cfff88aabd933bc8de4d607426f01"
            ]
        }
    ]
}