{
    "seed": "58OY1/IoLeJIrfYkiwmSc3IbtSF/XwYHExUdRFPL0G4=",
    "keys": [
        {
            "address": "2SrJiwmXj5RmsN9DzCVzNFuQDA2ps8FToiE",
            "secret": "646ffabadff7a510e36d37a6559b98c24956a62275bc6ac80fb2597985c1557f",
            "public": "022b32f9b0f70ed57f356a49faa999f5bfc25f6f1863db2ee5fd2aa1cac0592877",
            "signatures": [
                "6ca2305b555ad4757be898041a936b5ba013a0213c24b37abe5dd6586c1dd3e3718f1e38c72481c39d4733994ef2db85528d4307162923427b2cd3fdf67103de00",
                "c33f4665e035ca0534798d866857da38b37fc7aa24ce2828d9639bd0cb88ee6e14fe150b016e1cd842a6056d2093629eb272b13b86afb71771dd8064f65a8bb800",
                "fc2377a4be18e2c53fd277b136117468b7c8fd12d3abbe6561c210d6c29c56ae3afb4508d5e74ae75c697d51d578458e7b7310a6bebe4c97fbd51e9ab84f7fe000",
                "40637de52a5d28d87db456c85b3854a4b73865fa3dacead32bf5d3d24349aef0680735f2083b1c4c0dc10d2f5ff8b84189ecf3c196ebe09d479587334a56145601",
                "1265e4ecaea5ba5e80f7125e28fcd6a228e0899e53fce3fe5fc1087a1c931f28710662c01c1986775761f0ed677c5dd663c43b8a3db4e7c34414ccb61fc9daa801",
                "02e14ddc2c85600f466297b5938bea2fce271dee37cc4e54c812c4040364e7bd3a57b5ce9839877b7742695c55c85de569aef2faeeac234cfda4246a0d21c0a801",
                "614aee033e979afe8cccfbb568dc4f3b1fdb368e249f913ac12a3cd26d4746a52e87252b156dd3c572e1eec02bde554c0d5afb0ee37648aef342d8a401f3332901",
                "79e3de5d0b0996e66cb2edc8a683a7ac8aff4a79ec4afab42fa4ccb4bbb0df4439c9e0ec9acc390c9b0c639f6be1d61b7ab9942113f9adeb1642724515cebe0b01",
                "8c6ab61c14112eb77e0e3dc0550aa47a14c88bf51b9f3b7bdf40ee666330ab313787b54300c2f405bcca00f7f8a157426cb8b87984e091ba30c095704fdc27e700",
                "c30dc8967b5c2fd418e7cebb7dc5cbacc2694da4b80e3fec197b8a8b54a9c517383a2cea7a07bbbc166f53e171d58e3a971e618c62e43a86bd8c529fea53376d00"
            ]
        },
        {
            "address": "28EpfFX9Syr1E1DTtufp4rt6KHDKWJLUCzw",
            "secret": "8597cc7736e6a039267fa3ccba8eb73360ab492282026ab8b73328da061d3256",
            "public": "0276f2290c48973bd92552fbad3a9ac4ff433a8da13e13beaeaab95f164edb8ef8",
            "signatures": [
                "403e2bf565bd10642a72ac10ecb868dd54f22413f1983c5dd8352ea3f5af2e3f660f790c200fc38d135f61c97169c7a6a51d77d00975e95598d47c19b7eab0c001",
                "4d9011b95d86cdfcb867ee695d40417b96a1030afef22682874879a9a55b6cb108afb8963d5f89344e396b60e17ef758813a6ec4c669786184031e814c417e0801",
                "7505f810db7cf603f5f370f0442cfb15211395fbcaa1876eab3015aa96e11c3d52b681d3b8758b878cd577c984bff55492ffdefd8979d28e355950fa7aa4aa3300",
                "9b969732d7672397c3b85b9279a8c7e633f3d59446824ba3c77360c0a1f2d6f315d548aa2576b61285388d6fb1d6f33815cd746b85ab4baec28d3aee3ef06e6c00",
                "57c1c7d20cabbf967a68356f806115a1e900211159a2a40dc6fa3420432523977443cb3bdca94911c04f9a15dbe87cae661a085aec6044e9c561df654449f36f01",
                "54189224c9c02dc272dfb4474a802083e1ac372350ded7539db03bf60ab918187a2b63a8041e79e0b8bbfd2af09417f71f553972c914df8f956cab8cc4eed2a801",
                "a5987f6d62982652f06f5cebfe4a83fe8918566100f9b28b65478a5100164ecc2b366f92ed006321e1300931dca8fa5661a906145fb769ea6351dee3b5215d2900",
                "ead667dc0d71e3e6877da08dfa17720e80e372bddf067a6783ff723a37f004ac675d15229369aac75bdcf1875cd548b7b068a41d04b50cfd8bc5b07ddbb13d9e00",
                "3dc279ce62d0ea023e13007c737635f752787ca6f5268d12e6347331eb0edb274d702d485599954ec99cea8556aca04d538c87695c2c1c9c1551288b047486f500",
                "d5c31767dea1490d951cadc4bf1472ec341b83b3edcb397eb3281af60b48ad4d68ec1d3a192d05af7883a19eb955e2ce4c30db6a7387a708bb41f33d9300ac5f01"
            ]
        },
        {
            "address": "2j5u9ieaqLQjoEru9V9sMqLPL4cncKJfpoU",
            "secret": "720a01fccd31cc08832df230316cb89e619113d951475c97b9dc350122036cd8",
            "public": "03ad8eec89298721e6f6da1ad420fe178e4e37ba6c5fbeb707375380454eda84b6",
            "signatures": [
                "89272a6545cd40117f89c7e18594e5794a72445fb45752d64f9a1d606f7e69604992268952b136b192c0dafab15b9bb322401b967f18536f0f5b78c7ff75f38800",
                "06b3fcef37e36255613a3805d31ca5753c1e11ed1c554d6c8c4676c78fd9c53b2a1b0d19ef37b7e8062a65d5e982fec61fd5097d49fb5198c376e914571623dd00",
                "82359df3355f1823d03c0aefa5fe9f04f208cd7105f9ea310c615bc6a857f2c153f68e8b1e2ea4fc952c1dbeed02ca31a5f425aa23234ef31a1b052ab177ea1301",
                "72ed2078e5bec03162cf64aca6eae363aaae0b402324dd74e7ff630f0d48c67d6e781d0f2612fae060577d827fd7987e4a0d6b6254babc3744c08a98ad85ee9c01",
                "fd6d6acb517bf4b27cf1e6b03bb1f2b4213e883c4174c56b14c2ff429aace102214df6bee50df0b5707cb59e215eef0a2138fdf3d94ae01537b03ad4f20d279d00",
                "491360c4d4937e2a1e9523051909639a8262bbdbc77becfdf82dedff9fb9c7710b7ac8b9b97aee6267fde5635d247e1c16a1a26a82c9727778c6eaa5b7e3d50e01",
                "dc6468ceb3dd16c717549a68ce0d03cc3394891e9118663aabe2de125fea621c16de79f0864fd44b5e23c2058ed8f8e65156abd27e89bea63627afb4487e7af501",
                "22ecb0f1e4b39838cb386ff2c705c22b35ee0a84d95ee5cf739a97d3a6bf51be245ae7392a89d05def89a5075b3590d2ebccbc1458371e5cf5a4aae932904d8201",
                "806050af0d6b5d2b806f06927438981c648ec6ee3469fae4cfd4d64a31fdfbc57ea6347828cc15ad8092cefb59a738a61bdda7e823282472a688ec288da08e4c01",
                "c7e31a146353e1273a1c0f5ba4205e743ed67da7515f1cc052d2c0c24e86445905ada83acf5ddf68b9124c8edb149cf96851f01d41b8a8515d22f0ffb8a86a9101"
            ]
        },
        {
            "address": "2KoZQBUD99gg5jKrZLLycqJvjMvKFf2APLA",
            "secret": "5a04368aefae7f463f31da6955d7c08249460e3c90da76936b641f25f7c6ea91",
            "public": "03ee8074e5474b0712267b0f66ffc17f42d130523ff4c3f78217532540c89f4609",
            "signatures": [
                "aef0feb04a3a4e4318282c0b8d2bcc1f658470be785aa4a3639117035f7b5f357562f1167230ca14aee019f8c32e9c072299a8918f5a76fed3c3f54a40661f1501",
                "ffea567262851e00794d58ff9bff182a19fd97862a4e0dba414ae8681ac8f03d5396550c2a867def5be17f5e38296c40c8b6a994870604ccccc2326c5709062d01",
                "3d88280db03a3ba9b15929f0f9d6339c835218e60e82780b9a1becfdf674550852149d4e068f2527ae425d280bbdf70bd37ef98ce2dde4d5d3feddcd87497c7a00",
                "d53f2a4c346b8c007530beb4c1a28904b0cfa876325cf9790489959f82d4ad74035d957cbbf335177912ea7278f45bf86fa8d47ed9929d78d43da6a9637bd1ea00",
                "b02fc80ec2869131159c562df839971b3285ea9dbf3b1279835ade6ec0fc2110228eb443d743bfd1bca24f20308d6034f1a5654f2dc81df537f761aef1234a7701",
                "bba9e94d716a041fccdd03498047d9ffaf55a28b1ba905915464255af0b883d03a109c7afde2fbcca2ec9bc2f9bccaab9e07898017d40882fd6be9d12423825b00",
                "9b557e95d53b22903526cca3e17468ab029bcb478708ad88c3581f0aff4fbaf4328bb3839134933f3a252432f01573e3f8111f0bbac6c61528de302abf286ff600",
                "fec6d86d9efaf625b18c0f48ac7856f1825dfe82495c167a0f44511e9cb52b5c1ac4bd6a5015feb5cabfd39a62f48da6d267da23e5a49d6a1d66c34cd9588ad201",
                "1a3ad7d2f56ed736cfe7db24673bfd917bc582b3a63132828372da1def7ae91f5cf322f8d35aba104eb71004658ded222f6411e36079a17a1c7d99473bf2a8b001",
                "e3faf295d743fe5e38c1517b1437bea083c4908004dacec1177e410dce94278a4477cbdc751cfb1497a5cfc9c6707ee47bd1e34fc35e0bd27411c3fe69e8186f00"
            ]
        },
        {
            "address": "2YUgePgEgTrbACq7vrna1NXVGUzrBERj4dw",
            "secret": "5674c557050ac9dd67cebf9629b9af676024f126e3a52e856fead1ff51521c06",
            "public": "025358627a6f01a52f446cc7b643b813482ae3077cd3760385b6700d83def6cf39",
            "signatures": [
                "d807b670e83a1dd3424f916a7226d44bf3c9c8cea11f6fb37fe8e96b031f95d52fe48d0a3649e7777cb003a03890c127020bb698dea5e4eba0dd4c3beaf289fd00",
                "0437e62986f35dc27782a1697e282da1a7ed39032ae01bf66ed61fdca42e87821a8939036ee91a16ab7bc917d2aa74fb059a6961d8265f98fbcf209e73c3f4db00",
                "54d9401e1d6e12f7ce81223ab450134e1a39c7a2077de5ce121156fd56f345f3240cf8b9803df2bf7f105d1db73d8aa1e275dc5926e9340d9c4398f9b8af929800",
                "8f052c5c4b6093a88bd24c80d1bc783945ad34b71b00ddc3f5bd6c948419308954e20d8ad22636c082ea536a431c96473531899f2566b57de9d038749e71fd9f01",
                "8ecf28f58913914851d5fe5a1181ae665a7d536acd8e3cffd55e1e37e1bc1b8946b1dfbd091b0945dfe944123ba3df27d596dd7866169f4878614cca58b0f4eb01",
                "b2c4e3e9bd832da27a0766914652b48a3b93e66cdf558343a4fac554844b99da27d9091693cc8fc5c89f769b870f29cf56b855f29a2f7ee1130b1f51a4d11f4b00",
                "2bb5c25e4cd8ad7353d64f5e3ad8c23aa213c71c60c14a207805dc03562b8b1928a1f285fba00eecaf2fe00825574c7cee09cc3eb06a510a87fe3327a2ed808100",
                "b00bd2eb6cdc38d9de63fb3ac5f249cc1b65d0aaea101a096d3434563a930a837aa7bf3cc91d7a28c4fe2a0cbacb20e9cf16ddd0e2fd305053c69d0962ad434200",
                "1443132e898aef931e53552c74e87a0226227a443dea6d656d02e41e2d03a27749c6f2dc39e0f1de5441d2a828f66b60c598c197bc6a32e0e670143e57802cf200",
                "ee030515f8444a3f9abd4cf883fe0d56ac35e44e4a17f3a91619bcd9892649f31ecf607475aaea87b69bfb25fdc6f785aeba8c3f64eb20624ddb18020fcb8d1f00"
            ]
        },
        {
            "address": "dVMg6FSsHo191yyMzvKAu8jNempZbKnkRS",
            "secret": "d5c59918edbc439fdc9237ea652127f3f83722895e07b82e5a5094fb628d21fd",
            "public": "02697d387c359d57c492f24403a10e2ee47e54866ee381cdacbb5b7cf8ab6e1b80",
            "signatures": [
                "a7e7bc206006583d3c9fcf9380c3cc9d3c405eacca2f65f8fdf1ebded73695824cb75bd9cbcd7446c19a45e907e3c3ce2bfc84d4dbe890280d9a41640a1fde7100",
                "0e68259177452e77fe363f86c8dfa8f4eda29cb75400f05d1353cc5d7cfc64a36aa54a266635ba55110141a66a63c19429650d72a17f57ad18ccdfded25a264400",
                "331e14a445fb114fe7960de531de1612aca3d6701dabcafddc155065e1f9322247a19bf3ff1e9804d4169e6f295215bf41642ac095a6e540e4161b44d660ea1b01",
                "69bc7a31bda0c4600e66c7ac02dcfd49bf8ea99cd6f8aec851882204076b2eaa1457b47038230bbd6dca6ae72c404b73e3e2ed4fbe642b5ac9a22c214788363900",
                "951cb4a095b98c49470fd3ad7befda82093ce231623ff346947e6eb078f3114020fa56918d334fc29ff724b794a7fe3698eb473efa95c053cc43b1a75c069a9201",
                "48fad2b7d86a9b8b7ed87c506d7957bc32c1df1a56af9f2f2f44a382f182a6277766c39ef39fdb580a488393b90937ee0217708c3266f680b62cc980575957c701",
                "40ba88d401efc157039d9b305a0ba136d7aaddf9fa97e3e8b11012532eeb8c2f72b910e96029e6a40ae73f15949c692770f95bddbbaebcbae1df67d6002f5a2a01",
                "9e5889ba9f34e0dbd4e9dfa354533bf005ead72f170c00b562bb08fe40c7f6e0323b94e84d55637e5dc9b6f007240fc4fbc3bea7c8632aef1b6d10fa9c68d32400",
                "7acffdee6552639aa7a1960a0c80366e72f28e74826d17cc4eb2804d516c57f67d2c015df16f5ec84b46963925b53cb3b9e8538360c66a334adba487b4a065ea01",
                "11131aa556119bce1540e2820bf21925e5ee2ad16057a6ed3aca1ccb600697ae449bdd0b266838edfc8b02c82b01158035b041c3c844fc7995cc86ff5372749701"
            ]
        },
        {
            "address": "25NJpLNrTci5BtBtLGzGzeU2ABvT9Nw4d3f",
            "secret": "0d3ac7f674c3177de5555a6a0e7d97eca63651f686942111ecedbd00c586d03c",
            "public": "02c18d3e9b15c91247a2c71ce8c2e27e1b008de4d17ffa388d34b35fb27f3ba1a7",
            "signatures": [
                "459d02374af7e0547df8d3ac93bbbf477d9b13add08cea4a2c4a9d55e04bb9501ea2f10c8fc68cde1ad2539df321032fd2f2fe56b010a8afac91f65d63c1ab0900",
                "da1e742628e40682df13b888c7b166220638af152120a18fbc3e41cfbc4a2b8c0fffda7514e1c84c0f9211e0efff55ef7699560e64bba76adee30f341f5edd5301",
                "da1893f530c4fe952d2da3a56d7b5f40e29e24368c00bea9c6d1317287f646fa08d251e69052b97f7c1d4033936b00ade787de33e6fa8ef939ea4412fe96bfdb01",
                "0b782c5ad45598c6678b11254821637c3aaee8c4677dcb38285793337df838924160101e905f89502d30ad3761b4894dad68b7d2601f949301ed5ae4079cbcb400",
                "3355727fd4fc2342737c86fc1c01bff49cf1afe258a927064edfc48c2445582d1415b3c74fea1ad22c5d9df4bcb0a65f6e633b729dfe088b29041a013e67db6c01",
                "c493605d78ca352ae5758c7b56e9d6b338411e2c78e3cf244df3f5182d55f8de32c3a8464e00de450320d6f62cbbf00719d34d9bd6262cae586befc2bcc0601300",
                "833b50000dd4564746e3dd0a90023f5fc74eb443795d2f986a568196fd849fc41751145da01b8a6753867184e02da5e023b12b1638a06bc5e2821afce12c6ee200",
                "fb702b3cfb5c4225e14a9f9c56e9959d6f73ad6b8cd17b127187127665e9ca035718e5c139fb2c495425bea29c9c65b2be97f4c642b0da60a37bd10d717ac9f900",
                "2dedc42424ffa658049e251c9d0a690a31637f5353e5d1a0d423c1efa3c361fa47c54f642f1876b5089f7c059796579f4a556821f3aa2810678face35c8fe22401",
                "6ab859b8b4cf7e047e1e0f8134655aec58c04d0ed86b909d4290c8c335fc9816591fa8236258144b5c4b44c8ce746a11b4e1cfb1b5a259c2ff3e3beeafa26c0c00"
            ]
        },
        {
            "address": "21ryRMcQ4jvpDLv947JhNYFGhkBdPfTa7Ft",
            "secret": "cce2107186b602a42f83bdd37870457404daf2d327c83f02422a381628d2350b",
            "public": "0240ae55709e29278c3c5df3eba50d14caf9ef73cce3329c05c56595384e801a81",
            "signatures": [
                "f59f660e8a14a0ce2b5c866a077ba83529b466658293067c6d16bc3ca1bb512c1cb4923fd4011e23ab572714b7dae244cbbec5518570ca3978a04902adcc183f00",
                "e4ac4e486160881d9ba88c70a3aec2c5b0df4e56b1dfaa8212be1e5ed52a2ac36495d35e71791418948689e551886704fd669b2981edb13a8b4b2f385ad301ed01",
                "517f2f1532c4986176854141b4a1fd4da24f1a7824a534e1dfa7430d6c6bcff66808f8bd72223a4a8caaf636f4408744372bfe2bdab86eb7c86f862dca40a53200",
                "9d597dac44c1dae6b8d940ff6fc61474f6109b07cd4cf036f1c04702c5de5c613b09c0610da9a80f386d2dab714d72b804b0f4404a59d03f8fa63dd9738ed1d301",
                "67b3708f680fc77279d0c1e7e65ee6b009223f83d63be3cf3bd2f050110222ac7b069b8fa6fe51bcd18f8332e3696e89ed759eb6d3b01f6a47de09cf1f929a3801",
                "c6ba13f4754a3378272eb6ef0bb8543c1c821cbac252cdb23ea3a5687e4672ab6e9f9ebba8f77c2d0805f4c72f81455ae5e91d5669c48cedef9ecc0eb7fce1fc00",
                "9db0cf266b02ffc7715d53796c871f0b6cbd221d1d8e6da6dada54198348c4c446b8c2a77ae8f2734ef4209caba8173c86fbe7ea4393cc53021e1e0ff7b5940d01",
                "2eaa229d2fddd9dcad651f375202e71168be4b350a1e897b1fe2f27f8660e60131129a497d90254832045c830971578e0f7c1c963b75ada05e7589679fa23c9901",
                "36a806424d934f5200b94d16a531d8375bd75183e72b9fc060b3868610930b411e298110ce7d0fd6a3325d83b896cd224c9cb293054553b7a7b3035aaadc39c901",
                "5d660629134419b57f48ffea9756105649061067178059caab7c4d285e6a4ba572565e9b7aa7fc8700536e25d7c0dc04ebbe6d50647af58c04e7347d9b3557c601"
            ]
        },
        {
            "address": "2UpJ9CTUUzbSjSfByhiYG7TDuHpyuRCXmjN",
            "secret": "01776da713f58690c4ba654afa403ee43527a3697b32c898164b1739b1a8307e",
            "public": "03b8f7b20aa8cbdb7b40de6426fcb4a5eb2517dbfbc6e532ec1612341b51a234e8",
            "signatures": [
                "7fc7d6a44b4368ee439be43108306c1b78c90f401b7bf5806dea4793ed5941fe67c3fc8700751e21841c16b37f1a22d7ef354b85b39e73dbd38dac6c1d76dd8a01",
                "5e634789d9dd8748ce83b5a173ec580a2e2483170f10e391b37e71fa1a0513d7407089d0e3ff410d122518b7ccaad7f39d3e6d87fc731259ab162e2e65eb2e3e00",
                "15ba0d2d44d9ba95ff5477275b646d6fd129454a364feccc96eadda27666c2a9419453e2e9fe6890037dbc14d347813ba3cac14bdf11b33dc388466eeacacaa801",
                "de5a67850d94ad5183c032b75255de8d125acb9ab613c3a678aa4b0bef2205fb0067b51ba705b25038619a4d99be5f9b6144beb0e758a070e0a5781d1f3d793501",
                "60f137a5017662523950c544b23334d98f4ddd044d9ed1d9ae529394431f00883bb79088b7fa127a679a2998dd1bbec57aaa1e9abcb803540e520414ce69760b01",
                "273cad4820707e6af38d07e847a579f297200cb567fae62c69ca68cdc0d32c5d7b365b2e8c74d74d802874fa98ba3d1d342246989d56eed0d876e4373cd82a5900",
                "7ccf9b45d6368690c145d62acb788b8e1d0c555e8a8e3e3d396ba7f3cdf9fe7b3bad3bdbbc3bf26f5f07a9d7cffedd5f54fff4d06f7354fe60baae6498f0325801",
                "c38ea111a10d599bee668edef517315c5a3a960fd38258578033ff9b8a92b9c2443e5dab03a7fa5596280b5aa8fda6c6cc0feb5c921d8cba90ba897d0e61c3b800",
                "1268fee5962b4b33fe144373ecbbcf5a4524adec330e46144de4d5de7d7f45f64f26531869aea55eff07b8ab76a6b4c27e7e0582bc5bf2d0e31cca5c82bd60f500",
                "7bcf7fd288b4f734ff16fe8c49682997126350fbd5df9537c009995a0859f8ce30c4748c4965c144c415af1f8434e4e2ec1023ca00cc793c55505c7fb4e4f94800"
            ]
        },
        {
            "address": "kwyudpCciG9nTC98vz8b3qrQM9DP2pn9wx",
            "secret": "3bfecb42d2aa5f86043bf61ebb1ffcc52c3355e0cb5866cc6d4db80d467b5387",
            "public": "021d7c5180dffb1d3e65a341525fe952d65627bb1e4d881777b278665b138419d1",
            "signatures": [
                "d8fd20b09ef6f55bf0d668e9d70c42906c54551357122c363d1c8dfd427cb1fd157a47ba228f011e4654b94ac08239ffc955174c0b3123cd445c964ee81e3d3f01",
                "40b439422c0be6b652784484e3f760dbe243d2e0639cc2d0b26405615142a3625c1bdd3b088e1444b6f350a01c3ea58439938d01dd0e5b7c840c81f47722b6c601",
                "b79308cd0df36560badef6f66fc137a98d0ec27bd5be97b5b83ad94b7d26d94471c3b1d8814008c41524a204aadf208bef1deec1b4019720d2a751455b9d1eea01",
                "5a286c751257180a33677d22ea8c66cb457436dd54babe3cdebdf932f6da769b24f99f6cbddfcdffb2d4b5a810431f412737d5bfb9f0de42808d926561b557f301",
                "bd066317a372c59468c72f9aae202fe7a5f2f954058ced864b31523961068e0a1bc7e10fcee9ec16cf44580e4d3e7f6194b74dbd6bcf4cd1c5a35640b56293f601",
                "cd6fef0e0329f7c11a1785c9b0788ba8be92a5d063486872ab8e85bedd9749995166dde4562ceab241e97f9441e9bb73c54eae7dc3eebea7cac286955ad9016300",
                "a5656209f4e0d02c32c38322296de87bdd9688d560dd1d46025929f9a8adc3dc7cbd5127f06c58caf405c8e4c8add84e7e9319aef965e85f7c658173001b8c2f01",
                "f3f53b4e7def065704eaf65ff500d33b0522524eb240ecd68d149902334d653a25ec6be35ff944478a852fbc74657d4c6e1c3caef0a525161dbc1b124920cd5000",
                "14315ad0efe67c42a7c78da6b84709b22ed187d9417fd2639c88a8f5badf411b0c9ff5ff0420c05d63eb55ce98c743b8e74f73d100cf236cc30b4b397e25a13a01",
                "8cd16c423b8ddb65d690651975404a6ead1c8bec450e24181e6c1f1ff914313f2744980e4a3f37977b91133c0c87430156073ef8f523a160e3f266eaa9d4e39100"
            ]
        }
    ]
}