{
    "seed": "d29yayBwcmlkZSB3YXJyaW9yIHRheGkga2ljayBhdGhsZXRlIGdvb2QgbWF6ZSBicmllZiBhZGRyZXNzIHNoaWZ0IGNyZWVr",
    "keys": [
        {
            "address": "2XDHP1JPEun347k6C559npPHT23V5GWeMkA",
            "secret": "0e1e9ad1a0a6c688d9d04af22b2e07a13af293a05859ffb557c841daed509127",
            "public": "02fbb044de5c57fae0a3e95ff02b9054ea82b54417a649088b76b4c340a38010ad",
            "signatures": [
                "7d3283dcdfb1405890548d18839f6b7ecafe2087c5059e9d480e6161a79d6454213ca3da4653d39c269ecc909602f31fc7b3d6e7490d254baa166381281209be01",
                "346269476c810294bf435f0567d1dbb397edef6e14e933215beb5cfbc07626c654e3012b5b56d218bb06ad9d384e19610824d80d618eb9c319ddfe206ba2655c01",
                "1834af9a12d6a1f445441a23d320ab4f8a33b838c2055a3ba504c2e4b4e778fe5e2f7b1982f21129ed41eb20fa045f6bc0d248af77bf85830699826bf5b285d200",
                "deee28aad8b2c995811b297d38ad4a27bbce26e7cd3a66e9ef69049a0336ccdb6a5d10c95b48cc561d1138b2eb21441bc83e7c02b7e759c8c270b17184d6f1e300",
                "4b3657dff134d534749c5843eb3ddcccaa4f4c0cc7cc8d1916f002975dbc49d7731a595924b92d943a8c851f86ad78a017b35333302d51367b7029ab4750bcc301",
                "5e045424c0cc976af4aed5c82418eb552b65f3daa5faed4ce7252e58edf6055c4ddde6b3769fbcde1daca74eb7681cc675cfbc2041d9b72094fd8dd0b87201fa01",
                "9c5034280942f96a7dc805c436984a048a5f69b66c1dd1e8ebf07d9a34997a5f2f839a6bc4d6f17bf0f36fb3aab950dc9e5b62bee81bddabfc7d3aca80edf69b00",
                "ffbda2b52e5f3e66b51feadecce7bfdad2fe28599233c5d458bad947f8760d11290a822629788ef521d39d7e0a7acb8b4bbfb7e69d3b45c88b98d594ba2bb84c00",
                "0a21297c3a3b0ec4175428c78b656bfbae6864b4175fe02fa76cd9b353ca818a3ff3016c73ee471818f59d56112afbea170618e80eeb993d187bf7e4e608099f01",
                "5edf4fb85781e57e15ac862da6bc40052edcb038a2716ddcbeaf99c6aa5e44037903672256d3d7959cc519fbfcbba47632f9c0648869844713e57dda74b87b9300"
            ]
        },
        {
            "address": "Vqab1WiLJNvuijFgF1MMpvBxuq6sFUCA3T",
            "secret": "2c7035ee76f97882a5c42f9876dd754babbf09acb0b78e05e7dcc51abfb41487",
            "public": "03e775cae88d586b8df030ca149b93a71957a0a94c7e46c1d3a73b7f3c6488bea8",
            "signatures": [
                "f33228d492945ea6ee40ca7b70161a9326f908f6153c2de82658047a0569f51f248cffb24033dbe9fffc6d7a9ec9745a3e52352ce3932a536fb6b4989506ee1101",
                "e0509cdf76cd8a7dde14751190e8aa1272a04fe7635a51f454726e914c81e9a7744f189a3b62886bfbc33df0e5e56be6a16d555974955c124cea192cd0fed73000",
                "7bb2e5b1162127af297a6cb76ab5979b1bef18bd309baa96e720aaf7188219ed58d0d520700c8415d4d5fbf75ad2d40960e63266d7db8a1c922940bb3770c46001",
                "db6426d28e2345597df9aeb13b12a6921b4fcdd2c8017f33b98ad0a0062041072a1a270431d05a4af1a5f7e75eed79bbfe375682947e793011c31d4e1ac02bf800",
                "01c403fd1157ebef2233dad324262fd6ccfcdb4a6537476acd9dff6490219fd214395056c03118f9543854822556667f1380bef6004b307683629ad0787c219a00",
                "59eb6e47198963496cf86545e83375d5681031561de90e3e845d59317977a7aa4e70b08b87106f149139fce3514fbcf9d63d9da31a33c52a259b438050b86a7000",
                "85e49ce059db04f9c567766831dad49aca85f1365d9a87e3b4cd3a948a42be82105b4d54cc47684c135b453e685b73e0472f42565d6f7d155937826cece3ff5000",
                "f49bda680022309cb2480beaf3eb31dc88b6a17bb4f6afd00b75097ea8a17aee4594137fa0de216ae3e9b20846eee984e7cc4d5b68d9ea156ecef90bb371728400",
                "93fe26c6153eb35fce04f0308ea84a36d4843f474c6afc4ab1ff8415b8274d1236f1d0b683b73b3098802d53e5ac2a0da06d9cd62de7cac8695e8d167baf15ab01",
                "a65eaaceb3624a1e0ed73e5b04bd499b818e1636fa4f3145ba571e0d811a8ca42b8763f27a2a07b521fcb4c1f19e5e991127ca54692db641cfdf44d0bf39455600"
            ]
        },
        {
            "address": "zAvpEnXXBKqLqUuqW4SXQKKpMSPRF78Pod",
            "secret": "ba66a37d7ef52c9145221b0b744afdc2a39922e512af4387fa6d109392929566",
            "public": "02b2508601b986a275cde7ff449580639c8b78442ce0d87539110c5fbec4886f8e",
            "signatures": [
                "8c2202d04ddc46d2fd066b440c263e00102a2c62efe4ad53bbbcfc7c119aa7a83130d56f7e7a117876a0d4285ba056ebfd2c66f8ae81272d9f0c39d0602a8cca00",
                "50526c8372452645fb21a4f8b5a7cdeb4c937bc5d051beafd389911f6360514a4ec32e6d08c6227de99d7e03895385518dd5d4948b392935b7f8b69779ae1dae01",
                "e4eb76d581d4f99b1904be74387ab7954b52bbd387e6f7c033083dd7024ca3c31952acb23da09ce66af2ccff81a2d59baf17cc454ad71d6bd4a109486fb4fdca01",
                "84c8ec314681261c43bf9120544b9be17d2378d508ebb833a353c34216051f4d28c9713bad786d5a90b3a3b228467085dc05f4da092d6eba4c8643b0adb4e6d700",
                "f46706a56fb07d67fd6cc2a4071af59863669acf2d7f1a9941f8b36bde42c47e767089a7e26eab64b5bc8a6e116044a9a5eb3eb1f2d0cb7d4f51f9e50a76ceb001",
                "56e4b18df20901bfeae20cc9c9f45ad7a7a3c7d6d2506acf7571c04415308e00379fcc74cbef49823c51dad0c063f269596fa1ac434b8405cfb9d1b125b0a47500",
                "0855cf0318fdc6d0c7f106630911171e7c51106e5e837df48fd117be59d92d5144d0ccba6a42791f48ba49f3388686176a2ade9f0a7d91a103b2add7ad3d682100",
                "42c0522ac061f7d596462a20c5994201e1912ca4c0181ef7002570b0773181306038a5e0221b971f069599a1600d20cadaab5908d3944f885e1389b20ea16e0400",
                "643bba11d65520ed42000e94d2da7800e7b595475606114d87b603c1af4276780d83db0cd39999ac96fa35cf9977ed5bc8352c2a94ea4629bb7d6ad733c73eb501",
                "93b65ebc83179381e53c4010a7a63e95e2daa9ddefd4d05c342a6aa0a5891262764c21bd85cccca2a8f040a00b983836976540968e65f26ba62eaddf597d977801"
            ]
        },
        {
            "address": "GykRXwXiz5kjHyBsrUkHRNToHWSKEEhkAd",
            "secret": "0c335f2076e58db76dde9a26dba8995028512180208c9ffc9c01928682814d91",
            "public": "03a6963955bfa042116dbd4670361b989bcc0d841b96c0c402c83e7e1e23b64708",
            "signatures": [
                "f9c115799f868fd84a1201021830966916a492e68a56592d5eb8dfbaad0d9c34564f420ab00996831f19db39bb94d81af763baad2d3e71f670f53e0e8003e1d301",
                "a1ef2a9c00f6a4581105f586d735121f21f0236c48b1ad2d5466d392c53ad88f4bbe91493b909e48f6fa5a9ce5e7ebd93fc3c9a071bf2b760c6c771f04ed0b0601",
                "394fee301cab788f7cc4af12f245a0b4765519cec1af7208409cabb06986add670f6c8641c4b40b7cd516d0283fe6c2ad872d953fb34fb9b554ac272268fb7a201",
                "86493a09108cd772ed60f67ca2e5dad4c61d04e9dc24809247156400ca41e7ec31af35d01d71e24a3776673e7c825100678e9b7d060a7b5b5013160ac4f0a10e00",
                "aefdfecc52c33f074351c497ffd2508d0bdb651f7b5745bdd98ae384c266f993336b6bd67d575d749db3c54bb2dad5d977958840309b954e3586e5b01fcb7b0701",
                "3b032eb1fd883530a7d8f4fafd023f83da857f8c4381c1d0a055b8ffd1a3ad8b5554a1a295d188cca6ad6ab1ef9964610ea53d92cb868fc83b46a12206c70a8c01",
                "e59f70fbfb3b23e75e290a0569f323ed6c82e721ba7b268b75b5833dbb3c739f4ee0d92593ccba21970fadae8904ce4e95e6edc6429377229b74f6bec34ec77201",
                "b3936090c63f04f6a52720a102f1dc5ee26123758637b98e23c01dcee3d6f280266963e980439eb9bcdae68095fa5cb1d8bda02a1440be90a5e597f8c426bdb600",
                "09cbc77d194f64d03a3ef27cc4716241f815e8b3b46e5ad4fa68277c5d8d1ecd72bdb8576be4e325fcbbc67aec516de0aead8f871ab9087ac53a39bf6f9db26601",
                "704365c292a1d934d26956584bbe34ac0db54cf5b03ce3f9b1367805cd488ff830f0e2fe34727e8c7409fae6bd4878e10ae2b452fdf15c9a423afc79e653ea2801"
            ]
        },
        {
            "address": "aZ9jLZm6MWpy6kF3kpjJTNo2eo4oLbeeXx",
            "secret": "ecaef882b218b8e182f17883ed7462b4120064f26d5c7880a596e9f8bd0cff52",
            "public": "0268e2cc53ec1d81dc64731495428a98db2331e9eab7ff899251931662ddd6c12b",
            "signatures": [
                "b56be8c206b65c96cb8e0d174b289dc0f78d3d1657edf35eb2dbeae0260a89b96e7bd8847e206129348e0ab303f2a7f331d34fbe81d11b85aa02a6c0e9d3ee0200",
                "b4bc4d5be6e24a0fb415c211f4420dc92729f0a1085126342d04fceead2ac7c1699542e02aef4e7a5b8426915a1a68beb1687669344256ac899e5332066a455201",
                "4f037576467400a8b68bed9f47deac9956a1a6eb353677f10e21b5a424b2a0656efc0a949f9c0b125dc1c1208c80e708c5ab29eafdf97dd40f26172decd1726601",
                "2365b10f2be2fdde0b7831bf3f9aa24fadcdf4713a6efb422a6790e353dd71c74d813e137da07a6f9e1ca515b10abfc316ba280eea0eb8d1645fbaba20c2e81800",
                "cadf2560137316bb8827417e8ee322644cad64c4c1ec9aac63967f4a5ac0ae7971f5260c83d792c044332f07da13a0d573c9905f588b607486ffb00755a94f2600",
                "a16edacc86031c008d0b5cba9365ca9c39ae724d030fa288d11726adf59e7e3f4060155ffea336028d03ccd08393dc27b427121fb5b63fba892171aa0d00920601",
                "e85d863e3e5b30e31ca57c511614f6a53794a48a16197d2a504f6b4347e8417f73b2d1367988d687568f8b413c4d3b854daac8df95a64c22153b76e7ac03123201",
                "a98e2e0361339e11417f4d8d45585e8fb3a517735793b2c4dcb7d06838ef80fc06706b99f91dbfdc7568ef720d9915169e63003b435c2e2d03557c90baca319e01",
                "f2b62c93fb7d36e0bb6152ea57b7eb158fb93984f12fc7eba7151a8a4ebfeec902f2c2205a910c79288063e3b73896429f162cc253360f50aabe4372d81badff00",
                "3d99597f0d9f53dbd009640fde0e7c44ff567babeb4d5eb54b7f00f50c337bc92155b9342cd817fff6291d70e614681b3d890a1249debd89a6d3e14e6641e2fc00"
            ]
        },
        {
            "address": "2mLzdkpXtaLWvFuVvzNgZFcQgBnd2Nz6wEh",
            "secret": "d35734c6a9df59900f8fac59396a1e1e735eb0c43443bba39ff814c9f91abd4e",
            "public": "0272b067783e0ae0660364318bf3b408b12c105f6f75ad6da46bd88131f8cee2fb",
            "signatures": [
                "ab9ea96f4f3638fdf6b5166d7c971b7e5aa71c042704ffb4c21657ef29cad87e2ec2c8b1d220ac68f40efbc7f9236bfb28c02762d52bf1b5677a7063682cacf600",
                "e16e160405c0b410d1037fc217b32e2fcf626a27a5f50ee003065a8059bd40757e18a5f1d469009458725b936ba581a99af1183838fe7b0b3931cab941814cfb01",
                "80c491a4668da1a22eb4eae950c1456a07919286656e327c0b9190c7004922ad50bb59de0620ef381cf1c10515b2f31d2850650ee65d3cf60fe44276bc7ce04f01",
                "3d3f547e2644e3b8c49dc5a54882100bdb499879017f51949cf4bb8ccba9591040b1036483de48b27aba1bb7f8d73ac90a96fe787dddd233ee5406d3d8fcb4f600",
                "72ccf7ebdef8e297db0a7348ff83bf6149e50daa24a29e38dd2c5f0d8ddd689f58034fcf8eafe64eacaba243dda0bfcc498743521f569301c9b19f95ea71d9ca01",
                "b7347269ce29185b3ac9bf94f623307108dde70145978005d09c396d0739682028a3bbf0460eb7c848f3fd1648af5e90611e42b49901c40aa22e4f73bec0290b01",
                "3658c5490f32f423ccdd10fbdb2c5ce674424c8635c1236ed88a37732f253d6212656ed16c70fbb31e9980f27ebbd34400a424d2110baf67c348c167033c7a0400",
                "a4111d9b5b8ab7bbca90adb0b4c93faa45fcb03b717a6f11ac485b64ab3b0da505e2b749d971c700eafafea370c9feb66a1385943515950291fb3253b255505300",
                "34e8c561770c77c2aa14f6955a1f5acfb29b7fd9ae846bb537c50f02833a35d656a8146517cb3312577a751f8fa1d3a1d48377a9ae6f3fec5fff3806f335fe3900",
                "ed91dc06187be3c4688ffb6da8fe16392daf976dcc965faa4dad753a46cf2da476db8956787d98cac6af62665be2f31a9556b76d1cf4684127f90502d9a4ffd301"
            ]
        },
        {
            "address": "2QDx8n4AqA2Zg6BjHPbvKa6jjTqn8GuvDmN",
            "secret": "d65af2ad4afa373ec16c002605d384c6dacc8e6f5b803eef066626f518eee964",
            "public": "034591c117b23c0125cc41e78d887fb64d3ca4f4ba6c14ba9e5a03380114096ccf",
            "signatures": [
                "0b4418424dc07e0ef668f9363ca9e069946c8f5f2e0e733177fc37ef9e9a0b17626fbc899ced973cd2b2794b9980bfe8004c5bd5f9f8e7545fbcf3d45387844600",
                "18889e1bc48c7ec850fedb15d991145607c097c061c78eb8a88b709b01b7a996479f55f3ed9e44c8e48551d56e2292011e5e2af8820bd48e43a0a572dfd2197801",
                "45e65bd3a99910aa5cde9d482bfb5ce61b138b8d3f0269b7d892e5975bea8c9b7ac6b85541000f75f7eb0998161357fb7cc54fbaee11436fbaffe77ccd0f0b7201",
                "ec56ea2c59898f2885313db13dc7386d7d7339968139190905c0c8f6c1b93dc868b03b12f19efa0de748beda1727c9e7d2ad5b5f7121a4d77c38e675c70fcd6600",
                "893f74090ec8b968a3576e22280c946f75fb59b6bc8b32c1f5b74485f1d555ca050285b91ee0ed5a3d3e997a7c9c2f3e680092025065f5047631de41e8b7359400",
                "018748f5470e0ba9560ac9b284265fd93a7e65284cbde89cb8bd17c7bb570cc94ba0084159d0046769f2172152e53652e29c176fec65f03d8f319c1187530d1600",
                "8abe93c4ad0a2860274a38adf092dde1e49ca71501840d66f1b3f515e99ba6b05f231a7fae44eaf376030f1727a0bd60d7623573b85198e6a4d995b84d89c8bb01",
                "7767f6d6810a2026620886014d9197e67f73bc091b6c1356eca1eac80300f0a6080d8dbeb24785d1a53ee87612d833001b7f0368ed9699c559c7443c3148a95700",
                "9740dce7801a4845fa194ad13ceab4179441f2cd708797ef1c1720bec9039d1a7adfc34098b756dfee4b02356ff86160322afc29ee603ba4a8091108ff4c619501",
                "e75ac790094525f7eff99f14d92e7ec035b0134442f1ef55c6ded7af74d42a6c6f689e9fcbf2d9b3de722f9e1415e5c7dce756946e8ae8174a0866c22b8d9a8f01"
            ]
        },
        {
            "address": "nSXnnQA2aaLHdzg9LXgyoY1bkRYyoJcPNK",
            "secret": "3a6d13f46da4a800ef8c2e350f48e53cb601efca9c1af27f0650065d9334583b",
            "public": "03865c2b491360dfe2afe6e918261b9e909cd87e53b61afa3edf4fcf47bc4f9d51",
            "signatures": [
                "1d9ff908a3bbd7416efc2a9ad50ef9a3b7db795857755c79ce0457360812116f516960d1c6f97d1d8d0ac3ea2975cf2f4ffa0d08b1d35224ae9799e91b04fc2a01",
                "957ae4c1a90e1465564112a513597c3bd6c8a1e341f682b8a251a0c6272e9f562a0d3d81665425e7f710fc3d20a9f8a4a28b6badd63c92922b1933fda2d8376b00",
                "d791eda6f4548bb24fe5f0b1eddae7db453156187a10538fcd837fc63dc189f40359ed7cadd04c6dc65946488149854e4cb5baed743ddfd1c49247e7305d9fcb01",
                "7188ed823f256af8a430f9c6e56769c3455b093fc649bfe6e779a97219b9d3673dbd5748cc3bfb8097708f997baf7b901290ba0daef661369738a5f7794e72cb00",
                "5b5bd1b9b1ac663480cc4f1652151aa0a27d456392dbd7fa5c1077f14c523d200b9c677b150e4a03f68c363c987495b05cc7dbc1498f9347dd7e7b1c598f1c0b00",
                "1d9535097480035b32e949d5b678ab1bc0a40f998eab8f411d8917232ac58af0022d32d709431a693639926e36ef70dcbdba6841bf8a6edf007d4b2b339b02bd00",
                "f99830f86e5f4c812104bc7f7d4b0f2dea4e1afc0cc338e93f378cd82f044d4f2647771d665af37c3b83fa4ad153516a120f6177cad4c6b151bb7fbe057432b801",
                "d28e2d7aa2964f048b262c9bcbb9a462196d81ffd491b36700cf1ebdcbe51a6104a97beff3265896731d03e7f98239358c14235e2480d10665573e838b6e6db000",
                "97ed4c87a77ef0bd231debfe414bf1335e74be8a1d56dfc5fe7d8f611246506f1e7c6aa6395f2a0e31547d71e766358ab048581678d83b2ee2362b3e52ef7c3c01",
                "d6717596c6f62d6430c475a46f6ae0e062cd667c1bbbee66cb448daef72e6ef1093011f7e398488b280ac763f3b11b93b2d643380d1e0514dbaac2d6293271c700"
            ]
        },
        {
            "address": "25qo9WDafW5bL8J1rrfDo3zAFFmUbWM545B",
            "secret": "03a71adfe4f3a34087b6b0f303f0678b218b386c3d129a8366f9fd40e11c1050",
            "public": "03d5b421cffd4fa34d0aa36716d7b5f34c78ec362f6b2396d1104c490ecce196d0",
            "signatures": [
                "2aea2918de643baa9bec04ea49f9c3bb7858b09e7d0a2dfa8ac718367951ebfe6e3825f4a5aa08f3a8ce3ac1fd021aa8dbd68f2b05ed18746a53d70cdcadb26400",
                "c0475aa5ee4dc3d3264703195a145beb28731516684194fee43c9538444079670f30eb13522ad7ef654deed6a7a6a818f38d79219bdf6138461d43d8ede9aef901",
                "7ac1e3195f1ef8b99084f2d97250b8dba8cd55148807f8d3437406e252938f1d78d86fa5f9b6949942ef4579fdb0a8dcbbf3cc37cbcecf51605ec4aa2922cf2500",
                "af2afcacc960b2d12395e1de8668a456eb2526b250e5942db785fdf3a0b055d56015c367ed6de7efd680eeddc1a8f789ae787eda887b23a7e4f6c2f7575f10b000",
                "4b9ab114829349ba27e34152b51f9d3c83198673a354a949934399088508d3d014baac7e910c367627e37a1544bab8ce1661600be92c346463497e6965551a9000",
                "7e5c5d8f8f27d2c1461b6653089e7727c7a0f630ebe5012d07d75979095658ae0b5c679b3daa5ae34a528993d6c9f60319668f36e583bf607782766adc7d9fc400",
                "ccd7e23d4de2f095d77d08b6e34e134521c5aeab84c9ae78c427cbdb0f72c310261444cf20d21ab84ac2ee6472b8163204323b5108adc59c6c01e72fdab6eb8100",
                "f7eb4299d5b9fdecc1ea7b366b1d82713322d15390c057953d6b42ac76d0bacb36d9f3c5568bf2f5c6372d4f0fbcd630588f3c27c2309e1da4e02a09d4d6ce4201",
                "384b61a3719213b153ca45d788c34738860c6353d6d15751225ae3d6dc35bc192c0189edd24f96f95898a29164291c047a1d11099d397600820e171dd813b94201",
                "9392c342570352667d1d6ed8c1a8438bd8caae455e9901194f788c4fc653e04f43d328453c9818c0a1b009767e36a630ef9453a51b4aab4de80581a78119212000"
            ]
        },
        {
            "address": "2U9tv3pcptMson7aVDj7epyVhuJBQkSTA8W",
            "secret": "a7832a68c6f1ce353b341c78661ec2e39291a3d02676a7804c04eae2a638a68b",
            "public": "035bbcfedafcabc3f0bd26f3af4e9046d01e96e6d596e751e2a3922815f586d70e",
            "signatures": [
                "d0857d3237ec891c839269dafd3df42be1e8429765673bcde990d2e760f827b9189da08b0037bd8a0423bc541798925a4396b79688cf9e329cf42881aff93d1a00",
                "bd143fbef42414fc7520308c6492dde2fe442b19deb2d2c8412626c0f07526292ad3bca282cda727915408e14da782d3bff8047eec4011363a8db4ad562cba5700",
                "4893755c3b2c465c3a503465a0cfc7828169fcdd52139f042ce4799dc9d0a4003cb4e40c271de767fc8df0a6f93745a591fc2dc13f6b17a12c95473c1042857a00",
                "62f03a6284039b98acac22c0d64447ffd65be2101b22d104eb098e4a065d995d157226a117a6d34a2e2a053dc199b41a6e23074a8a700554c76fa45ffa4a1b8b00",
                "99d7cc90fb119c8b722c0582bc097b5bb260b0a871c9c05439dad466d1c970f112cb4311efe7753d44e91dc0162c3d2befca32848767fa642b50725e02e02b1501",
                "de62021fa95a4c90a5cee0b902d03119bb801ef99a6c575577b32f432be9da047e8b2a7e32e9910116219bf1c41dfafddf38f99ddeedd01ed1bed9853779e7e800",
                "dfed34d6c672783dd664ec8f4444467b1e15c2e3aaefb21804545fb47398c3d3728c86c27e1507d6b14bf3c5f952d7a308f0fb5e5cb947dd0971cf37440086c700",
                "4d410ada413d3af780693aab75d8280da0d9af542875f8b71f50ee194cf9829a33e23686760fb9a07f3bb37af99b1c97709c124b15c0fa89ec3f9709a1439fe801",
                "a5ddc28a3ee448ca1cf28ea8ac3991ce2f1fe562d52c8a7634d58871744253f2132e8bc1e7c13a370429eefa26c6956c19cb548d5e4e663e47dca12fedd16a2300",
                "3da1a98584f6ed35cbf918d514fcd5074157d91b99d84ee1267b10d40fe0d34b42d552f8ea1d09b44de9e32fc2339d1d784046d834c790c471fcb9249d4030a500"
            ]
        }
    ]
}