{
    "seed": "jvgFL+YrrDSJWjeXY3tJo3dek4BbeV+UzrMZ3yir9Sg=",
    "keys": [
        {
            "address": "JQCEabhVC6ZbsgxbmA5MHTzhifUbX2PUPR",
            "secret": "e7c807f67e53438daeafd79a7c52ffeb8d80bf5eec00f281515e7c1d7ceadd13",
            "public": "02661206c9ce3649dc890e58e24763dd1f102e7312cf778bf15c0838a589736c7a",
            "signatures": [
                "c8d3fdfa608b495c14fd0b47d6f8408a083986ddb58336082f1b0b2aad32aaeb27954f329267c4f2387104f80451a6abf237f40b5e93dbdddf39262fc35cc07e01",
                "411f4b6179671d9d13233d9dc9ae4c41982b1e7ee5beeb7389435f8351ae1dcf31d2fed790a49d66cc74c714792d2029a75dea964dc2737428efdba056b4a7f001",
                "87ab0f994df1c137ef4b0cdeb657630509eedab2f3fa390de2d8ef51f605743522119933f6751f446975616a95577398e7b0c44ab997634f716bbabcea9793c300",
                "77714367c993faaf9162c73cff53f78a0f2bfe6be96b71d28ef2680cab54145047f69c6b592da393aa48891f87fdc261e0dbef1ef718fc0fac80cd11b4d9089200",
                "1ee6bf3930d3220d2338a50e66c0e8192bfb98d8ab19e2bab7d0fca6aaf553d95e3f4dd3063d0a6ebf1f9d34a8a0f42c69c2050ff9174ec5a93269e7d6d4c20801",
                "026c0be15dc3c74994c403ded0ec0b62982a4916f6cf7acbe644f1205b5cefbb1353ded02926f8450274ae95c89892032d23fb6a03ce192ee0a4408af42332e401",
                "4739117ae45320d82e2e1b41ae3f60898e9bc0258d1d7b3f90de521db1ed8e9c67e4d9ee8b5d9ccbb1e5ca76d4cc3caa7bd1dc5fe343a4792b26ff29f0d894d301",
                "1c367647b6f9f5da5b1d1ebe3ca06028cc285037c3df4d52c95c832280312e9833e65fadb77fff05e5d649ca5a65b57ed33135d5e190186f376eab30c195b2f901",
                "21437ae018a00fc75f3ff8ecc69055fa20f320786bfc87e5a3dfd50767f5e64a392ff9dfdbfee7b28b25bfd043e98932ae3c2019e62bebc5ee09ce0385944a0100",
                "93232ce00bc5f85f28cd93237be83f861f1fdae74d53c2ad024d4036420178bb1f6df282a829ca5b7361ea348d188ca88c537878644f8e1ccf3bef0e64536d2100"
            ]
        },
        {
            "address": "2xYA6Ty5ngQSGxUxLarPiVpGexTWa7kmZ4",
            "secret": "cb09609a37b47ab42e522acc616a8276488b255b07c7d592a03de5fc19bd3ad4",
            "public": "02be247f8c246ec549cd378ce34bcbfda52a59bb2cffc92cacc26877c2d0d4e06d",
            "signatures": [
                "b218b9da47c96150d6477b44c656ab5bd4e3098f0a36cc37aee30d327e4bc1d37dde4dd8a4167d0fb54dae0b56fd7d7a7aaf7f7671898b81ed0958e4f51bcc0b01",
                "3efdb6bd6b772dc8039ea5ce52c9d4714a3b075463180b5a45598523da21a7b32fc6e730a2b7cd48b7e3fb04f61bc8acf07ed6b97922dd3600a837a6d6ef601301",
                "fce5664c0d550e19256dd04eb20ba1ae255a855702c7cbfc22576b9057ec32875953066bb020030eaa9a8c7856cb8c2c58c6a3e4cd2dcd7895de8f6bcd5157e801",
                "95fe28da7561ddccc725d2fb3aa540bcc8e4571c60b0e744f0ada9db5ec772885a0efc8de1dbee4d347b1caf601f37d8d74a075a6dc290f4960cf70c8370563401",
                "b70a88c6c2a2c76df89b481f3546e2a7ca08882f70447043313156a2d5b90e8d0de40c0c27e5dbc565d6148247582b6b05410d9d69998ed4332811436c7b458101",
                "fb0f74606f4e239fb7134c6bf3d91cf3a2b76c4cdb08d4c8189c6b457b0663cb7272c6673c93d94e4d7cf94bbbf3af983f541b46a3598a0efe60bfa2fea4508b01",
                "3c627b20e0298231599e59d4c803b8a49bab9baba4f45a49d616d4cd06660ffb1c2b60189845cf79546322b22396f613314807e034163e66d47318b9d0d35be501",
                "4363cd2d43a6c23df3304023887d7a4d291645c425aaa1afadaf96f1c1ab51b709c054741e5ae7837de4238d0587634c2e189eeb0f01f6bec00cf273a9028c0b01",
                "71448bee0563d244d32a17f4683da5c20b786f831cf32bd30f05cc12e376fd9f27c9c60a1130bf9887f2249f3286e4a855232091f1a8900dbfef9b1ad863f70500",
                "10ea5ad3a7699ec6de2d3402c333f2fa8ba7b186a3eb378214098a8d1e829e6a4e42505ead889f03113b1a4088b583dac42830879876a9bc74cdd53a815c379301"
            ]
        },
        {
            "address": "zNyfR5GRMNki3HcyWe8da1vhnq1Huf1pYE",
            "secret": "1469780a7a54f01572e2a29326b8726a1e5147a2d96222b1e8220b01e7ecb428",
            "public": "02e8c038377cba9acf5e6bc9d886973538b8897eb34de689c957caacabe8db839c",
            "signatures": [
                "2de7268716605679f813e044d0dc9592660ec76d9fd77eb6286c3ed9a56cc8726b63b69874c186335a5acef4477771748a33d4ea4c7040b6b712aa38e975a98701",
                "e320dc92764ecec970a60a0a47fe1580162f2f97438bccab0496dda3a1d985d8132a3d7c5c2eeb7f0aca5ec71a855f9121f06778150d7d0505135304fe991edc01",
                "fa5edd7910235a8e57b31fced17ae73d32366642eebb7919538ba17c565e40e37f3730ffecfc7ae42207e531921b7e0ca87bdef76523640659dc7337fba57a4101",
                "04c046ff48bf60c1ae74b128d71988f5ce435ee99af83cadbf14c6dd7edb1ec61051fc0ff3c18b020ec642219c72dd45b7c76f4828bc432e181b37959f82d40301",
                "b676b3cc400f3362342dd1d279a7230c57dca3973f5a82486717ccbe00dcddd87bb81cadd29fb322d02b2dcc59a3d47b78cdf25ea788ecd3e9ba7cf338d248c301",
                "f8adc3b7f0c241f45d8c3ca7b4add88b819ff8388c6eda817f8fb44b5d46e1cf4f1a2554f68957ba82a36996926f25292b7dbce9a37047875eab3ccccea19d1e01",
                "1c5c583bc903de18d020ba9dd2494fb9249b387252c3a7967f93ce8aaebfce184cb3edefa7480b886a944d1b1712e323fecceceb70a34371eaf1d87a5172a9fb01",
                "7a20e7d8587ab4e612033448e19cbf2d76309ea3914b52578d6000fdfc8243d53ea7f25c81acba7eccb9feec3d09e20fe8947656beaccbc9d63bd6ef79ef96d701",
                "800f68685440c16a9fe8eadf94e703b6cf750d798c19bb21df50e0afa2ab85e10a67b1773e571e55a26bca2d9c40ca6661815ad8723c5dc077be6a125d9019b800",
                "479d3e035de00b7dcf5cbf5e5ca641b8524f8dc415ec6c60170fa367b9bfd3002cb2a9f477130f105d0ae4ce2d56ac4c4d6cb8aef7244f65ca04c149f469caa700"
            ]
        },
        {
            "address": "2JLkLasmC3aZWegxfrFBMegUwPMMaTRHezu",
            "secret": "0c0290d80263d5ca9c3a0d4a8425bfb340387660feb48de1e0020853daa12616",
            "public": "03491b93d73f48083311ae3c06f3ecd8c16474e795a58e3ce301ff548e9bac33ed",
            "signatures": [
                "13728767950c9ce26b4b7ce9c520a7ad36044ac27fa72a7264764b15b4fdb2e3404d3cd1e716907231fda3db6d4d7b9f1055cada44d72fc3939fe892f4bbf82401",
                "d257c55f64e001336df83863ce2b065efab6c60799f7b13839f7abffed5bf5dd6a108c7db8b00dd4cc313150966a88b34770c9d963609054c3f791c15ecedb1401",
                "531982656772e00adf2d87834a532310a1fe018a7e44a26b110db88cd51c240e3501514398eeb26ac535613b35a2f71942f6e621598d026c18d29127a8b5c33201",
                "4095c7b25fc5deaeb3ceddbfbf65cafc5b060e5a790e9cec3b9b791d2e3a556258eea375d87839bbbd3e277c53be855c51417225dc9d586568cfbce1d542da4000",
                "87511d32bd897733747252c3373a17849dd6b87c68f3eec30e30f47ff75a40982546d22a33bd2398d2525ff99980aa96ac0e17ed8ea8574329d427262cfb5d2401",
                "d2011487bbd4b997db6c12978637c3c042e397d17d9924d65417b2134467a9d36ed7ac74fe0727ce3727dfff6d90e1607062edd16407f93b26e466162f188fb001",
                "5f65d112bc25524334e028ac597c3f9e289394a0afb2e0af6b038eee2a66a40169246279115b5b95e0c4c79e9ce738ea79636c0ae7c1f1e2178a15acf3617f6e01",
                "3e87be40a4d5a3c9bf3a8c5e8aded3e311788fecafa3736495a71e06876f55055d34376352cdc8c99de89ae69e48c7dc7f845278408562c681f1aaa02860995600",
                "a92ca8f889bdce1c2bb27b1808156afee9c5448cbbf9eee7941e379797261a3346258d418dae445da9c483c55b68c10285c8c5ac59b9e9690b3f0bb429b8782000",
                "138752502a10679ca518c2f1c8394b0f49a258a8f92f3e07752a72700817310a08e76da5600f15d214b58b0f3fa00a5797a23e294cc76f72c3913ebf624ed2fb01"
            ]
        },
        {
            "address": "fVQJVXDCg3xx7nSK9NtLm7xw5wfhPenak8",
            "secret": "7a64f76a55d52e9ebcc2fd8703153eefe458b7983e8be501cd7b53e99eb7bc38",
            "public": "032849624ed86775b96a940bb4c3ea30ce87d2bbf1bd78a8dffac5d5a26a32edb2",
            "signatures": [
                "ad8e2123a55c325578facac3b33a4f893b3f2afb1065b6ae51b26a4937d4ac094b89ac89036849a7474539be19af5a82a10476bc9cba60a3c29eed8e16cdd97200",
                "3e3811c10b7e1644e4cbb4feb05713be87055c3692124abb51f046d3572ce88367cb91dbbd56208c0958482730cfade12f481babc35839e37c063826f5b3165900",
                "c3cc2e9ba9068e6896f15e522dc64a07c2d8767a50e3c95f5d591e708101575655006f4124a433c8045248737772d4f8c49db07bb4fb7e4638592ac2901dfdac00",
                "f7e7bd47eb319bc33e14d340b73340c78527587e470a92a5372ff4d4b10780a03ec02ee20ba8387d2bc1f6faa4661c94e2193009c22bd3ae3c7218b70598dfd601",
                "d25814fa5075fe6f6dde48d0036638803bde3cdf6162d284cd49182488cb76985f3a27becf6ca57a04a17286fd6479ce89e6e137e47b01a347db4df0983193ba00",
                "d9db8532cc2595e35e499319e2193e28024d08f845c6ab83fc069009c3e901f9051953eefa426591d56d092ab7a4b7c8e0cafe3e6704ce0bd10466589cf7e75d01",
                "5a7556a143df94e47195afd3ec97fbd8e5a10d970fee7135674a5cff47da053171750083f985fb09dceb762dc97582f87ac312331ae2d2aaef9f34c536bfaa7b01",
                "b7e4cb3d1dd9405fa7c4342352fd0920078ceaacea6dcfb3fa5fc5b95ec4e9550c50500507cc8584f9671c8f2c52cc7f773451d94b34adde0438e14aa433461000",
                "fb48718e2d5f99114064c368f825842544968cb59a59fe3247a21b0f959397723b838a8b8a9b52690eb14a404987206f5408600e5afe1f03918a1a91fc53451501",
                "13cb6373816e236bdcb07c5700078604cbb6de83324ec4f952d9ce046991818242b3730f43bbc5644448fc65097c450191a3cb4a07aaa3115bf7b01de5c0a46f00"
            ]
        },
        {
            "address": "65uJtfRcuUQnQ77iXgusuMwUUE8X3YypDu",
            "secret": "1e83fd70b9c3c83271856870fc194779562aada020bdd771e9db16a26fe0e699",
            "public": "021733c35bab05988350a1a4012f1a960c9ec09df6581d0e205de3ef8b5589a006",
            "signatures": [
                "2d41e8b8bb40a4f4e7a6f3d4e62ad54a1ee0606a968e317bc453a45632384fef6768fc26faafbdfda6893b6cd397d11f25bceab298bdffa0d15beeefebd4f51a01",
                "9c7b0470d72e6adc12b1a1bc3cbce3a94a6a899f7a7cd29e4103f8ed25f1ea284dc034e5a4daaa44046869093bf65e5a918532b5f7ca9f3e5cfc5fb41db1341500",
                "4376eeb10daf7003a33f1e09c8b308673b51395c607bb64dc2559dfbb669ecc84ab7ce243646b4f1078988051d1c2721a1ec834852313b2f0b1d0473d703914701",
                "9e4c7b2251a21ecfa279428137229e0689e5d07fd045e5937996cf2ba36bc85e28a80a8dcc0d08d71a9aaf69e0681002dbdd0e7bf996220fb113e73e5a75d7cc01",
                "3ce1f8df018a64a9d076f8418f92c4766aa48e4863b4dcf9e5259f844d8e93d35d04853654e953be812d13282a996efcf7bcbab951aa315e3f8bac3b4c0fad9f01",
                "2f86dc5d8c351fe522dd28c48154f9012055cf84efe1e5ee852c35e0c1beca515df764310a3261656123cbb135cedb066f1e2d15c6d3da50809108b1dfee957100",
                "630ec741f809aeeb3427b0c3ad6b87d579fec9fe1783f927a9186df5059d5c1803b9d0a91d1f4d7761b374cea2ed1c336de82f0abdbeafeb718894f0b2ac253400",
                "211d06f41bdba332658455ecdb19e70f13533319e25e2d9e701201c4f6eb038a22a04478802a9fdc5da0ef96b4e97fca848d142c12d831269641aa013dd3da3000",
                "e35d120fb5a7ee7d644bc0b4b22a81b3eef841ec1388d0d094c3aa85322f04325b208770d47a5d9dc251e7551d63801fb502d9d10d6d5e216ccf4f456408350000",
                "7fdbea3efd7bc036fec0ca9eb26e0b7a257acf779ebcec1689b206f77dab863d0508e14c3cda0411f958975646b85ea99d67246eb0e000f96f7840a29c9878cf01"
            ]
        },
        {
            "address": "DrbwF4PMmGLwV1n6b5r1yUcnRjESsB3xER",
            "secret": "b2cac97f1fc63a1e1a16d1f322f4a33c173488ba3ebf5049931103728a822624",
            "public": "02fefbbfe2f400b83ae244bb3bcd2e4073335d58c35659100f2b323d887982918a",
            "signatures": [
                "d412750a5c4e7fe4564bee6f221389f0ada48c6ea612f77a9b1aeb586d8dc4a7129ff3e8aab7cfb9944e344d5e2129de4730a21e20d612a2e37f097549880b5a00",
                "b2fa691f873903b0154d6347be1eddf989e67f390ab1e3f1e4c8cf1470acf4804a5d55356807561d5c6c3cd9ac7ef70d54f845d0afc42734a05310ee7bab55d801",
                "e21e1102033378122861e21245e0ff0752aa94d7b097a26a16b92aebc7b7291670b5f9efa09b60bd72b21c1e386779400455708ffe36518299b25c1bc4695f9100",
                "52351ba65627367f19b6ad38ebfc57b2d797770aaa45a5441e61857ba0aa07f5452412d20710e6ad4e15a9353244cd69fa01d09b17d1b2539774c0c2ee477f8901",
                "129d602024659785f35229d08148eeb270192b5600a4f64ebd30bf1721f40ef70312cc10cb97cbcf2dc53da1e8b10723c43bec6b380344f635130ddcc89403f000",
                "e7e63d42e064530b329837dd38955731fe3cb68c7f8cfbf7bb7452df2976842b299624c6b91be28fdc3c70fe80d844104d4f35b5c5a6f550471975de4519b66400",
                "800fc84bc5cc7947c1860eb2d84e0a4a16995c75ed6023b34ba69b7b3ca0da10146fa36b391e95fd48af4e1281d129b73c66b7ae12141f1db72a177efea7835301",
                "5bc5e990c347f77cd4a0db7debcdc92bb6c8d8f0287b2ac7e542ece2f5df3a2834490e90bb3ebb3021f444fc6638c6361a51f92b62616eb31730e53c74d17afe01",
                "5b9537851a702c03851633a514750f4050f08430a287a885312c2b0db992879c5ac20bc4725ee26a83551f220314572fd8f23e5aaccfa0df80b8e9b38f357f1100",
                "ef0c38e69e2a6f90da8bf5366984a20bcd1444e46d5a96448f7c7fc2026f13150822069375ad746c3502897ecb977b78df08e3c65cb4f2c26981f34a9e0dec7701"
            ]
        },
        {
            "address": "8UtRig63MLaLcBWz1roupZjzgNFWZjFDPC",
            "secret": "84401dfa69739cf31e040af784a9f2fc92d2c403b77244c0ee1fda554b26609d",
            "public": "036affad9cd7bae39d491c37cffe118d5b3d23a82cb7d251bd9b0a26e02ecfad91",
            "signatures": [
                "93b45998033de9db250380fce60a61e3ade7e75eaaa616752efa84756278a152260b96b3d32033a243c525e81b70c7b304ba6dda691be1f031e1db5b8e40de2501",
                "2993e15ae39378a443662deb0a2389df953c1b819c760b05bc8c57e8b2a47df76af6d61d06a60d16da662ede2e0e608cdb3a12d8789a8c4fe6a21f1eae6e63f601",
                "dc85027cf73b354bd47b8399a22057baf11c4c59a133a335f598c5a32e3d0b410060a0e37f14b4254def16fc8b93347ab0bfdb56325dc3f361be6a45239c5b8600",
                "cff714d386410016878b11ea5a20c756e2b8eb5126cd92efd668c48d4b3d1543499aa234bccd23730bc745954cd901e645763d3f0e25472ecf5b86563b15448a00",
                "3a783749b0b78225ba0e6391927e4bc8093c1c0f7d165e79241d97d77dc969aa302a4447bdcf85ec3d2807ec49148dac1bd3c34c46f50ce835c408210d449fb501",
                "f1fd6960250d78d7773fc114cb8b08eadc5616fba800ecbfe6591ed4351e0da77668b8691157742ba1046c957de85db1c2337da9c852270906b5f1edf262275801",
                "8559c8902387ede48f83e19e9b9fbdc6aa4b30feaa5911c02311e02e683de49230895dd2de9cbea7cbd2c87c62705e3ea669f436bd131d2e14c946040a53c47b01",
                "3194e03f394b5f5f73ec5cdf98188be9cd702a4b23650d34dcbc6ba838c449c6346931eca359b9014dfeaf59e223e49977cd48b997b2b95ce612934919583ee500",
                "b56a1b1db892f1b55157f4460baeb410acb9e3941375993cd9487245791c45667de87e6a27130deac8ad53930cc7f4f36f60c194a6f9738b9b76099bdd9d258f00",
                "fec84af4b8fab37a828ff011beed6850e12160d08c4bb5bc41d175f40b034b25357589de2f8a2c4031be33f6cba385782143870947d2238f3071bbe6a780492a01"
            ]
        },
        {
            "address": "2FEcDysCMv4HMzwXqUGYdpEqPPzJmAanfo9",
            "secret": "e44eac00ad22c4e17a0749103e842c381db7bfdcf5589fee225d0171b044fa19",
            "public": "029f93f0c3a354d1b89f6aaa93b80ce26cf674988a9cb8042b9291b47639b621e4",
            "signatures": [
                "61d574bde2ad3a35a6d7ed33b47f5885ba88536f1dbe54bf4e61a4fad6eb383640da8d0e4b6f5552172cc7d0c9db11c4c7b4e8329223ebabf3349ea1dcf07a9101",
                "4f2c6bd0058643ada8225fc910ae42edadd4ed77894880594fc6a14587d56d9b5b1689780ff5ffe0550e336ce8340915a4ed2e07d5317eeb8e8d4a195b31251100",
                "6f4339f187cde041b7f4eed3171066abb1ac510afe00b334cdc6dbd460cff0be41ad89604f191db6666cf50a2cde47bb6b7555e6b200d4c1ec1ea22102adcd1201",
                "1d1d56be698880ed0e3edb50071838b0cdf622cc9401c63b46497d121c7a35b44aaad0415496ac0ca4e7a6efc2c28aeae509cdecccb469335cf7dede8301b86401",
                "8a33f78cb1e2767147a40bb33b2aa5ae367d4e07f9d954a11489901a49edf823431b7da2d23d48958416e310e9089e00b9f2695fcf0508993e8efab888703f0e01",
                "02a2752aeeba167d66f8ec9443ad8575570d766bd226d4fcfa7f1037392c33e520750a77e8b62577d8e469fb05a3d33f8e9c18fb3a02f2ee69ca8043b063031c01",
                "7ae9f070f1ac3292c3fed78d8676351fb330a8cccd016876576ad3d50bb861e41963bc58a736ec0f515e3879dd36ba86fa71632dfa1627b6a5f092d228e990f301",
                "a9dc1cdb26c36c56346f0cdfce899db2dbea965e695846e09623cf09185e17b8495511b6e5972cc631f71f9735102585e744144ea36e990fefdc215da688c5df01",
                "70ac0d8ba64116397c25d5515e9a9abd9a80eb028dfb44bee9b3ac97b2c00e9f0e8690ffa8d0ea8aa6bf6aca24b2fba06476c88170ef621f3002da946de2a83301",
                "441200b55b63ae560addc5a020b56937fd25021b23e1d951ba7c57d90ff7672a371513739db52f4294bee054fa2ef8adeb4ed38bb4d0a2e83cacfbf9828bd8d500"
            ]
        },
        {
            "address": "CZQfJSz4sSF5t3FVzu6kyvXYDugW3aSNVu",
            "secret": "c7a2c3a4d66588696d0bbbdae561d44c5ebfae50965bac29a5c34be86f9f2ad0",
            "public": "03e40a507b0a3a2e27734098d565f8bd1892db382c325838b4bae875453a0cf5e8",
            "signatures": [
                "785c64e60448d4c3c6e1e56bd0a1743c70fdfccfa0866385db6c86cf64dec8ea76e655a5621cb0c8f2f1e3e20b8aae8fcf2efabcb0539831ec7962fe310ea92b00",
                "c0a18cb45d85e65de31fac27e60c602452ccf320e93bd217e001bba8a96a2fec3c51f6e6983386310a4f3ba3e06ea8b4fb6c62ec7698d12a41bde9fe278dc8f601",
                "de824e91917697141f4d1ab5174477488468ed853dbff47710805d1abecd3df9454f497eecfc98a32189e00b5ccc0019bb0a06b56f6df7c77afbb4fbb65f639e00",
                "1a54dbc4c6fbc4905feb7d3cdce1143f0e5bb1836c12b6e4bbf9fbece2987f6a3fc6838fe5704fa6fe97e0be3cbf73fead915bb9a9b1fd555eb6dda4ba69082700",
                "7ff1df7d20ae44dfa8d03232328d0c921dee85441065691715b6a5604c74af135ec9de99dd075360893432889b3a4cbcd65fca62bb4a4b7de9d72ac9bb90e19200",
                "27bb1cf484ee097e6eb0e0d1c09611e162ffb41479d172c8fd040d89781c268732dfabfa77c1d8c21b8a2be1167c24054960273005432edfcbe82bf86c7752fa00",
                "adb2af1376af5008e9e59d1d7fd09e283ff2fabb9a8e0f75fed093418576f103311064ad3228a23e34363142f5415333bf97bca296f20aa2efaf11c5696428fc01",
                "37135bb0ec3ef75b4490c32cb476bf80d04a8c175480a755edf07bd87a0575dc213e25cec0cbf100114daa083875390dad119f181a4044b61c1575414d5f38cf00",
                "b0af6e597e32d5a34c75d1c7bcf9dba46edf8980a0da02378a4fa80e13c5c8e6684ab741a8dcc60a4032aec17310451c21d167493e4f91157f9054142090882f00",
                "df3b1d979e90dc35f5f89f98a29f041b261f1e18d9c9ab4cf323b797e7a077d45db26932095c28d3e7a2cac92ed38079c8d3f3f2bfc60173fbd2ae64d51dfc5300"
            ]
        }
    ]
}