{
    "seed": "osqujzBPUMZxaJ3Do1Y7kNVJkcvcD0MeduHY9y0YTG0=",
    "keys": [
        {
            "address": "DC6BLZG8zpsiSa1gGefwdPzuxpUccKrbXe",
            "secret": "325da6487b7076dcf1eec385918306aa041351226beb3781640eae8a432e1055",
            "public": "020f3512b4c14d806f71faaa21dac57a07649f3b6871425f654e3fbc7f65be1497",
            "signatures": [
                "809c24982147fa79488cfbd3940e73e2ecf2ee9e467f0e18e39fdbf18db776de60419e3535bff3cf67ba2791457afe74722744a872e3fe18d3bc37d3d8d397be00",
                "b4296714ecc2176ec0322cb6a13f9bd75a34f09d5365ae5131468682d1f674412c61a0c67085ad839cb61b51e9c5a7eaddcec7de4743ade77825b2e746b4963500",
                "508056bd0ffed1dfd2c6b0cc0c9c6ad26225db5c43f315a87bf8251355686ae212746fe8f679b7a9fa1686e6fd4e20dfa924ad9f0d186431bd0e5854ee58193c01",
                "4bb6ffcbdf92372d6b34fd216197482fc25a39492641e74fadcb54f461998a4339480cc1d2a6f9d082b8603ed0bcbaa3981ca871f515e32ebb4ad6fce804556701",
                "2b9d6fb8dc332b4c35961b916ca8a2ff62992fc841302ccd8dc199b3795e95d0750b6b359841fbb1f9deb5d28040d3a13e8deb759f8c3d5e95a7b51de70c1a7a00",
                "6295a6d33266334ca84e5f27937ca2eb0ad7de6e28e89607a061c6be2d26714f3dffdac337c67840d78dfbdcdef5f175cdcc681d31bca40ef33c742da9cdbf2b01",
                "fa2c67f056fefc0345e38cea031b98deb7b94c0e8b354e4e14aa8a28e7e2f88e717fbc72ac2c7336f000180be95bcf2f3c72704027e91fadb91a1cf3794d977401",
                "4c2e02faaa872d69564c1ec25d6ff77893808cf4b025a8271f716497e16f9244079b7bd642877f8595c5cec0a009b5773b1627017c2ef31fefb558e3ca87d09900",
                "116efeb0211296184f0c6b52b71f43b9dfb7dbca6a641b6a5daa4646b44655b3094dda11541899c235ead9ee5ed5ea9888ed68f9fdf51a77c973dc27243c055c00",
                "91007e5048b024ba6ea799d14c5d907d7febcb896d8d6b37c528d59f43f0ff033ba752ad336bad95cdb162c6b2c991e06d4e2aa72769de959d536a15049c6af401"
            ]
        },
        {
            "address": "2dJiYdLAPrgJtNxmYbmx6Yjf3J6o6tTQTd5",
            "secret": "ca3448d20174e2bef91842c97cc89961ce108b634798e3add08349d2ebb3b7af",
            "public": "0363cad05bc20e6061d1687f02cbe2c23e188f7272bd06a17f5e1035b434215d95",
            "signatures": [
                "707b5c34007269e88ce9898b604a1c9c9ad31e5989f8ee6fc682a5bec4b98c3832f33d84d9efb2f3ade0b8813aa5f3305517762719278172645d842bb0a3175600",
                "ccbfac78d5323f046a6585ba6b6fe674edbe1e565d33207b0f662a28176d0e1e7711309c9df63edd6e08f3a7c454d94cde4fe146cde5f4cd686a2103e788ee4700",
                "60b58eb3b8020113be1ae1025f5a5d57ddb4cb27adf0471f653fc4bf5a937a805d523921ce98c3f2f3f39811ca47601b4c1a5bef7ef3ae47c87877dfe49a04bd00",
                "1cdc3524c0e0a18011f5e8a627979309606c826272e1339444349c356cdbc2c05728c3aa674446b38f076641ea3c032a007a030e4069a570874545c4663667ee00",
                "786aee30a6087a5687781b3ed888907d1c067148339552b90c022b21728472613aa715b75cb141839c02b3a3e7d72b58e6cf1a66733be1bdc7d9f209a0cbcf2b01",
                "44e13e6d249dc2120e5920a93ff9d14b6d8b9f4f76bf3b160111e7247d816a0d673da37fed5407fb4adaf4974751d17212a88d646889f3c21d18dfcb8236847101",
                "d0665523c04db55188b1285f0f6fc79693f9468446b0e2209f1573bf2f1781b16d06368f0f1d7483ec3038e64af75569cb474eff030838397e1bfa331394f26f01",
                "d73c18368eaa83cc36ed1ba70424ed51b6889a1bd184e8e63b05b320f0231c876d70bfbd5e287e81ee947b1961c88790285c70b3167197f04a3cbd026b4a9af800",
                "d99efa290ad64474bc2c650af2e4623d491aab54317d73a4cbadbf10f706d49447b508e2874fe41fb5d62d8676df9775d3fe533e26c3b59e8290d02473b29b5901",
                "e4708608839de5df88e9d8091816566060ce16715e6488c0b376a31dd977777279a6f88316f3d2c0716d92048b8d10689b273d83dadf5d4b167799abac89b59e01"
            ]
        },
        {
            "address": "tNP6Z6m64tN66qv8MNbpgs3hXphXY84rLm",
            "secret": "52296f8c8b894ddf388ae2b000a023b6bd48817b9139e2495997a74775f5205c",
            "public": "0229a7d3b520548fc3ce2d2008368d9b00ad9ff5ef045ac9ac7f3f8f3036434917",
            "signatures": [
                "4bbfb348b79a401708a6a2a420e14fd003fb4a1a705b375ab679fc22a0a41f4272459c5d5f85282fc28566934d4577ae9b1a7089869331185a5f582dfd0e94b001",
                "1c5c40dfd36fe3787fb6dd38be1dae85f6a6fd4b871916cd1b95c1034429472e4934998b8bc82bf166e14aa9367dfc18331db53224a1194ec97e506005cff1cc01",
                "d90f16cea7f7098d6ff350a99a75747ae4d09052434c11d60d1f3bf44366d4fc310e19b33618ec4f3be097cf01c24fbc3cb5bc9289659e5b1cea5229490979a400",
                "3ea89cb88d288bfe01f48409a9de0f869ab9de596ec9d01df313f5362d33b44845e96e60146b218a085a0d55526a6418eb02c37355167b0b632268becc33731c01",
                "9e497a538a113c0872cd2427795e37dc0c6062065917cce07a6f406f2bcb1d203fd2fd6b2a411287cb253a6595da66c2c253e3d9035448bf1a867fc54afa719000",
                "c19122058a54edb872e7c010a2fd7fd4f2c0612f5fe9dfdb69a23c257817643f4ff5774d3714b6efa9b5a585f5b89f1bd3febc43031d10526b78ba1c65a753f400",
                "d2d796df07fa14f76b3ea84efef72d4412aaa67be7ced6b4c0ab2768968878614820fd94dab1b679a64548a4854f0beb7d6ce495d59b32e7226c4aa55b04be7800",
                "7f9fa76140303717d61f6fa1beb1cb1d492599e8a4e9758a76c36f9bdb0f2e165a86cd84066d094b7b5a5b1f7e6669fed39ae381f03b54862662fdfae9317ba300",
                "351feefd233570aa5390987f9dad774999ba97b2c1f39affa31a80b68030a4ea2afcbc0443ad0e90d6198fb22bc99a42afd1a264cd4866e2d7ac93a9bf03a79201",
                "12683e4bd838a9ccbbea355a374eeed3eaa0339055cb90040c79570736175deb5568ea3b22bb642067a2db8245e83fa3e9ff14cfa17bfdcd7538d91784a8e75200"
            ]
        },
        {
            "address": "28Jw9pmX3U7cckrah9kEkp72nPQ1rsRVEmN",
            "secret": "324ea8f53efd2dbd840d97b8eb1a81f4446a33ca0694c9e91fe87e82f0930d43",
            "public": "03dfd1e1219d411414b1dd12efca1a54e96ead409cb810020af7c92c8bc6a03d62",
            "signatures": [
                "095e9e13403b7b398249ba6b07121adea43086c9dae49259955c77bd0c42c84a66f58bc0cb6fe7e471d6dfb085f3fa936a730725ba551874b90c12d1f09e463d00",
                "1872730df7a78b2400ce26692298c979460552a7e1bda64c702fd10d8df1956131fdcb3c53621ccb2032585ac0e11a5d685e12e658c7f3f0d105ff9b4176c30e01",
                "c048a79e93c15a2820821d0a9f5d64ed5c1560c4a791baa79320b865a636d48932ac1db2fa43a58fb9e422da818bb971aa9a25be0e13646251d28ae94c5e2ba600",
                "c7e67e2222a5243970e88be22d5cb13620635e2e2e93e1d81f441a4c7298c14f29a897b38b59bad93aaaec08c5e408a374804b2418cb6044ebb3cc3029afb7e401",
                "cfe3f39d79f18c868bc9cd227f8cb32ccaab48b4e6481b72f9f3e74f17b87b5e5af1033b0ee04f410ccc20fc96242a5e5292ef40f91e3caddc3ddf6e83d1912401",
                "a06f1eae2fb6125574ddd35a586b2034630d672a38691b459206b8ff1ec0a6e8681ea699daf0af611faf1e17fbad60436fcd5ba7022a0401c1936b77ac6e081e01",
                "9ca4ab63017ea7639c8c17195e090c7d1006289da7ea61adb27cb3d647a9f44e756791099fbd7a380b780f6818eef289e7576140620a418a0fce013de7240a2701",
                "08d70e714be4493282719e96c6ff7ca063b003e595e3c1fb7925c8494b17d2aa6d17eba028e8419fc2fd76e7b1352074d711964e9b2c3818eeaa6b611f4895b301",
                "af0477044a15ecc71fcbf118695030d582930842eb49c1675a969cf2575dc2eb0d14d742ee694fd6dae8ca424143a5f22e53e01cf077ca8cd95434f0ff926d7701",
                "f0f6f7da0e96362162e433b3b3c445ea90f1d18b32d9cc1413248f0dc27e68c6703af07525f4dfab6e09ca83bb360d9962f8b67e271fa1bbb485b884aca6bef801"
            ]
        },
        {
            "address": "NBhY9RijacMUvN18h11DmPVSQTfiqwVd2a",
            "secret": "b07bcb05916fa130aad994a1d7de445acc2c28b2acfe97c1e6fbee7c95baaf5d",
            "public": "029d8e3cce3767b3ecf6f615dfe46d8ef93538f2748d4f0a116eb4f55d6812d4cc",
            "signatures": [
                "96d040001d138f7e8e8facf6add8ada3f2b3cbd73a9a7ce4184de7c6c8da694964df193acceb01fd53007f5947fbc035d8e85e84fb59d352ea746a068229326001",
                "67bd4e12abb98df97009a415984c1c494f00946f0fe58ec8b93fb40a05bbbd571fe50029c7de9142a2466b60e835d78c33e0185aeca77af671be437a8abeef7b00",
                "f4053547b9dedb47b479966fc4f31162f7d63c749beeebed4f9d0de0e59aef85145fe85cc249a776f35f0798d4c140f75babe24db0898e8e5aa0ad094a087d5900",
                "91f63bb31c6ebc767194b073b81374d6748cebf10f46d8aacad986c450641939490f6a3380186f98540c5252882ab19d8093c25275d656577a67f2b4a51b573201",
                "5fa1ac1fe4fc4e07923241de99b7a3d7471ae5d601277bbe3c21cda7c5ec9db44c89674432eb551580175e8001586203f4163b9686d82378c5b027f844c0da5601",
                "c4fd4007a107d2b58389eb9bef87eec5e8e6721eab888a13a19b5059aba4a329162c64e9e7bcaefb043fb1fe677b2d6434fc99a9cfb1f60067c00d98b3cc5f2c00",
                "4b2c0f225d0a94279ba2f99859a730aff20ee09eb161c9f74650f4061c8919ba364504dd91ba52e0339acedad7d65a5ef9734d5aada7aff1c3b707e28431772b01",
                "f28b175b0ad668f075c998e6cd1325515dd6795e506b4e7f3b1b41167f8f7fc84ddf8eb85bbe32241347fb81c22a7ba46e052817b168102f43d630ed909231df01",
                "ed07e4b55f64713de65af6e2d65fe9c88c782bd9f54b0cd30fc0c95f2b4d8e48244398e72b4aeb7bbe698f3032a5cdb39329e06952683dab69802861cf3f325200",
                "c042e9d6c8a0919a297843013b0da4f16f62b0fb98ce047694f50f433ae9ae9a4dbce35a715a374d54034386efed191de09cbd4d1e180c5b292f06506298a74801"
            ]
        },
        {
            "address": "2FyNgfqHoLncq9y2Ruz29KwueL7oK9aKryi",
            "secret": "f46a54411adb3a34ed4a11e4bf01d3d87ffefcc2a2ce158f415078c20e5b01f1",
            "public": "029db862d6ecaa866217c85468d7b0164208dd37087a90c5c8428524959e982d79",
            "signatures": [
                "192f8833f7172283c5c9c0294baca36002429782595fdc924c987099bddc7c6065683b14dd858eaa55ef7f87441e6848130ddba06b9cda2a41e635ab072f378601",
                "93e6c81c91dd59aabd9247892a73f3939f1bb0b8ad6229c08e1f308f72275a066910573dbf60ef1f3a72f31bb0848e66e14c55771f5862d9d90b230c6fc8d02d00",
                "1ce3643c9c018800ff12ba0a121b98a0f858ec40c2e6a9b5fd37abe0fd6d9e7d54612e64474ed28831fc0175bc989aa9f1aaa436a635207cdfa085d6e18906b001",
                "429bc18483a652f86ae32e20c917de9ef043abe922c6bdc95d76724d95aae40c7c9e273784f58255e5ea873de4826b81686789470895984c7d8aac2a13365d3500",
                "f4dd8039559a894885d1cf76043a4c4bc69be4e439050d965c4e2889818f582021d0850d7e2691b941d63b79819d9d11ee443f953395a1b76a54c794125a95e901",
                "6f5b2ad4c639745a02a5633dc6f336ad1f8d4e035573abb8b9d91960b2ebea7601f62bacc3eb8c89b1707dc0ca3da4d0f8faf5b34f18ff8c0c86578d5340674c00",
                "e9e052fec6c7086b57d7dc12ceec2f637eba01863336e6bc5a6d6405c8721ddc13f41a526937e82725037feef805603ce6a4c97421a28e5804c74ca66434404001",
                "10c5f518ffd52e5b0759565706b618401d958e994a8cc48773b4081abe5f1c693c3d33378c08e29703018226148079fcb929c47389cca503155ffb7663c3fbfc00",
                "3d943c9d9290f0c01410175ebfe7d33926c309b5a6724742632e962e2492181809596d7f5b712f64e82dcfef0e5f2dfe76d85911146e9920e5ac5392da1589de01",
                "67bf7d8eaf1636985fb661774a0c4b5377184b5a5ac1f6f8c6ee4edda83ddbd22f161d315e924331ff5ae0919f83b1ce1b49cff295defe5617264e21aa75f18801"
            ]
        },
        {
            "address": "24sXyRBQRq1kYZhwhfHhLU98DZGcTeHwQNz",
            "secret": "af178cc4704bdd222cc94016d529c5420710de96ec8926bb0a395855875163b2",
            "public": "0306b389235982bd983d081f6584bb45123bb45e8055a844562b37ce7971c539f9",
            "signatures": [
                "a6d3d5d20fdd1620c4a60e665272657e24fbaee36f61121cf9807f2207823bc51900b811ffb4ab32a2a03081ff4faeaa2d16d73fa82dd1814c683d53add34d8101",
                "a176b6bd3ca6d38d8b38492178d78950575ae7ba22a6e4c43c30010d0b88e37f7a59d1da6430c92ce9f45276ba75cf48a4ff25f4dc73be8428ceae7943c7a79101",
                "ad4287bb732b1d2dd038d3a3efff7c14a617d1fcd14d5431a5dc3264f082ed0a4aceb53231c0025fff20ace3215755d83a4380e61d1762f5b2a7139678830be500",
                "394c94399fea17bdc9d5ba2ce5895c671ab755d10a7b10cf9e414b779762b5a309960d0a5c6a63490959ac2aea2b78e3a46ff404d001bfb89217daaf6aac135801",
                "2656802a9978b3ebf7bce6153e7ac3ceb227121a2a030d0a18c7555c30d332e80f75e0b528ba372f44e457989a5879016b84c06b2d9ba305adad899817ef2cf201",
                "e9a7e15fc35ed1b76dd33a5bd54893e8655acea9313cc3c2c4e5561b07d97d9e67e953ebfa256470c8c680bb80ba373ac03d3cec9c8a11a036665df7db9001ef01",
                "0fe18385d5e354c2d53398351d94f0c4716a27e8b2ed564643939a2ffe8f0bae79a0b60e15ed1d26a57277f25440aa1ffe87da1311e735f22c76bfe183f777c001",
                "96ef9eb7cb0d210642b35dc139d86ec9bb1244045faed3b3e81fe03874aabdd316fe4c261d075373282a678c57b996f9c38f9aea0fafc7f95202fd057325492101",
                "7b9fa00ed2687eece3dc9ebfd517c76e49cc435048320699b7983aab895c196a25eaa9c3b423aa5a56ebd27bc197ee40ca0705ed0bc082b5bf826d9f1faacd4f01",
                "163d0482069bcec72d0cd9aacb4601902e41ff7c5268f8a80e3f3f1bea5390d2592d8c24c2784b645f5c1776835614a85679da210b9e2d67fcd72462acf73d9101"
            ]
        },
        {
            "address": "2eEijADfBZAFk5WpNhQg24DnqPPWaUwd8G7",
            "secret": "a3d764738e2dc9eff6c1d423362b537d2e2d8346483d6a5a034293fd9d057aea",
            "public": "02e7f5c694d4f4b4ecb146a634fbd3fe450b017a0b8306f4f351dce5773e81ba8b",
            "signatures": [
                "4611b93df2c55426447f5bc13cb2dc60d738bc62b90e823e25cd0607154fe0b6194df3869d33c25db8c9ad94b89443440e01d617b26d628fe090a70db05588eb00",
                "a7102de3b33131aaf1462c9b37c31da6c5e8fd8bf8f6ea5821eb3aec8672a93b42bc359635a36bddd0a0fff3ab605776cf63544adfe5044dfc302d6665f7d98c01",
                "2a78f73c5fe82809661e4ab087fcff0275aeb6dbb6e5200359352d708705f6855828916a6442ee15e3689113ff3a00b0cd9617fdffb429d96885a5b881b1f6d700",
                "b0d5621cd30790b21e32d079eaf465bb13356aa1972d91017ce5e53aa8d1acaa06bfb3850f59edcd71b5b7a5df72d87af038f1ae4a5bf19b6628a8fb046c360a01",
                "ed1fc78e0f115aa052a9d3146b057516c140365176da613af737d1641d7c70f71324a533c06189f3bbfdb1420febb09917dec38ba2bbbe5cc4bccb89eb8f82fc00",
                "db6cf55a88608ae3d438cb994c490c0c99a036c4254414f0c04be67475c179c95f5d6be14f009dbe391dc6c5c078c673e2b627b9018f425490d07e87352159f401",
                "b43fc4b582eb91acc18cb03caa1b8460e85364115268cb4d70236b87fa58140b0644123f8df014d3c7195b3ce081294a9a7bb2946050ae24cbb98dd643e7e30100",
                "5a14a381c75753e4f1403fecbdcff1ce0a0207ceceac88a6264b68eaa164a4263e419903c61b455b5894a3e83fdabf4137fe27ef57501b252a5a40b1733c2d8e00",
                "1bc9144b3cc9c33032864d23c42d58da1cda12e782fcc20ff66487b6b4eac7655f4ba61d26aa2632c9033e9b5231da547d3737ebebe86c36d7219562e04792a901",
                "44fa785abbbfd89a8dcf6bca7785e1fcd52188baf3368da756b7a8fba7d6360f54a974a54db38877cf84ff45ed136c0cb36573c3a26f952eba03a77de1a49b8700"
            ]
        },
        {
            "address": "1CRfbjpqCGsrFuU1iRWQcCEfiS9vSDGDnb",
            "secret": "7c4fd501bb1a2f4dbf7dbf0bb9d0134fd90935d7ae5689d2005a030ee64ff0a6",
            "public": "033f24693c5e97edcab4c2fa1a3cba46354af26865b055c6b7f699cd61b0731d69",
            "signatures": [
                "9f01d4332f3e069d930d98ca5f7c8f23374924c317503b2859537fe014ab351c07c36c8a6ecf6a4c8bfc571558399cf3c31b4dbaff4b1d5ab37dfb0c0b0e384601",
                "7e18b44021d19c3d4d36a2fccd3139c6bcf8f7e3bf2ecd0270d3e01eff0b94ca6366ba2e8fa086a6f2ee3d5d9197a47114333942b754ea9cef3e210e528af0c500",
                "8912e1fa6852554783c4d77be8e45e7a14c0a4c8b0473201813430b1ea832a700031ca373e48ae06a78cb3d95f2cc24b93c0a2eb4c02db2511e3c2db7fffe4f401",
                "1591e3f7dd9b74483bd6c65846b9e59f94aa2f6dd02213c715f720e098e19f517aecaed7eba340374cd69bd39c7c9d0accd78bb9c3b6caed9704e7751a27710e00",
                "9ab1221cdb071b3baa1943e1e2065f581d2a81c1d33d42f00b106c0e52c03ba5326e99bad3e1a4fe76a5fec41a29a82a366d2df1ed7b5688e1c9c591a8c937af00",
                "699e98e30bd3e769bac617bb874a84137e279a420e09acb1bdc85f69d1d8132509f958813b914327aefbde00232d2fd860bf37f0aa085c2c672a3b47cabe0d9a01",
                "e731c954198de65dbb56cc586274804ca0148a1a9f0ab562be25c7ca5ccb5556101dcd76b3137da7a8847bf63465fe174e537a80e7f507dcbcbe29e8f99fd61401",
                "2d8790ab17a76d20e1b6d213505d08fb95b0e949eae75c4aacf7e575680179620be72cb7781037aa4e5e9656eb8b6f86eb81644dd102bd4b8259668e7eed38b401",
                "ddf5b3672691bb851ada7425a749bc95fda1fc6f5cd2a14e11881cb06033543619ae8665086e22c308040b5488a2c7885e4f73e506b69c7138ff7a67f474c11300",
                "a835ca7b0a5b355dd58983932cf1d4d15035a86e49df81128ecaf9fb783317115f69aa5d6d75302a0c128e3c531577f77ad0d5b6d215d25b890e941938d3bab200"
            ]
        },
        {
            "address": "2bDMZ8tKNd9jjpaxor2mNN7eyD3tvGQvGrh",
            "secret": "5b5ca59c4abe3a782c370365bb9b85cb64ef66ed194fa2a0fb6b66616735d9e1",
            "public": "0372ffabf5e1fe4289af91fdcded36bd3841e20926f9ea1e1048c1125c2aefb7bd",
            "signatures": [
                "9760ad87d8566f068df40cb8b7510cc58fd5d8417c3c24e4a640f29e4af047c13fbfa476656295689a0a4543c0235af56a2b73cc310f9433f8392e8ecd36645301",
                "5136f29e66edd0961f8a21511d04230ab71639aede10447cd21783ca79af10514420c3571d364112b3236e8e2c4613a1b35d365d522d7e57578d06bad5d6dd5701",
                "206af9e7a04b8ff4f34fd353ff67c74723abcf6947c897901ada314ae14d5be60939fbcdfb0a19abd7dee745d4ef41d536dba5af63ff4ed51a9527f75d7653a000",
                "39a21464e465370c3303fe9615535efd132b2a9625a5b687bd48dee0529cbd7926e45514566d8800bb0d730adca3a81a70d6092be7e0cce3c990585a37954a5701",
                "177e0155ab098387673b2b95627f10437aa81aca8dae9d485f0a81d3a1954bee644ee54b2fbacb76ea2e3990d5ccbad69b6048adaad9f365627c3d4d62ff44a600",
                "0e1e137d69c9b30ca391eeaafcc3e6c43b4d8261fa591ef9710e666797c214b54cedbfc2057a5c4c7f30ae3328b8286ee33bc38e301003b7d96a696628948f0401",
                "0f6350ba71a39d629a37b79e4deeaa785dd634d833667379b5f56425632be10a7be104ebdfcc3304e6d2e7b672066305ee894187a86b1d04be617cea14d3b86b00",
                "89d2aeccb2685af100c6df043f2ac618abffc9c25aac53e459231a9f86452a89005a26d25559688e543c24c23871e2c374a62237bf2d3c308c4b4e334970038200",
                "e22ff4a474f973a28d084a842a3aabac7eea8c6d7f098b8dce13a327f9b4957b625ee95f947c86c072490a2606908dd6068df998106ea2a1bfefbdae1ee59f4c00",
                "98902bc39b4e4d58dbb9906384dad91b0b2ba15f9b59f47b6d1985e1e48da08f213a4e785d5a1c18da576f5d9d2a37b4a6b21c330a26d4cad23bd75f1419e2cf01"
            ]
        }
    ]
}