{
    "seed": "c2xpY2UgZGVtYW5kIGR1dHkgZm9sZCBob25leSByb3lhbCBvcHRpb24gZnVlbCBmb2FtIGdob3N0IHRvb2wgd2VsY29tZQ==",
    "keys": [
        {
            "address": "2hBixkyUneVyeWK8HXr9S5wTuHPPjLQfVNk",
            "secret": "a4196da38de61394985555f95c8cb063b055f11a654806d1bc9000ca65fd48b8",
            "public": "026a7c59d51fd0412c7964e85d428e8e7f462596bf55b6e92fb42dda47523fda13",
            "signatures": [
                "2d324fb86d84dce6babbab85615e3fa8fcf40db5265eb12c7d2177463d414f4074f46bfea5af54d9a1e4718d6a3854ad3dd0c07218f7b337b0451677ea1f553a00",
                "6eb90b199fb3777ea55a938d99eb0aa5660000bc12945cd7500bc3e465e00fee5eb0779fe7f83d04858928376bbe74faef7b10477fdb78247f5e5f45318d5d4000",
                "32e36ef19c712fdd1080090d5231e8c1a756161b26da3d55c8fd86994d66d8c07ce4f774fd2e05d75ffcf9ba6a38396ea58774e6db1d8858232cb1be6a394d8901",
                "9cd97b11b5fefde1a0418d6b52436c6cac206e79ebe124053bf365e5d9ed9db042a9b0fe513c3cfaf790af1bc5711b45ccc5ed0724c44e33eec62ab3bc460e4800",
                "00b53304db9b47062c92c91a392e104e51cb91ece9426434f32fff31ea1fbddb5324cd9906564c603c8a36ae54f19748a281474ecc8ec788677dc15f3c5ddc1b01",
                "41d8e48ebc1a724a242024ef1a2121077cff8f2bd78f27893ebbc14442854f3036094b99ab8f8c7c662005cb32b3bad03858a9d47a8d8eec0c0829d06f37d31b00",
                "eaa1f2b114c70d7a04c9eda7892c615ff33b4f0f05e2e9b8b28bc0f5672c04d95f84f284912bf8222b80ce237294c163ee2ee928f0400b1602979de890b8330d01",
                "3b4586cc527ab41c6c65383dee57a12000a2f3df181cfbad65511a6203666640681286b23cf890e72405023ed282d67c060433b93a0601e2c0014e7deaa1b92100",
                "05ddb5df8ad91c32b933a1fe8c0ae217287f51494635f5dc46f3b8c0c58ed8e54b0f1a522ebef697d41bb7a776702fd7f81710db217346f372acf2140a0a0b7200",
                "9fa9c7e922a89fe3f9beb528fc030b9ef53284144e92b95a13cfd19bce14dd9f19d5407a8c4273b6c17fd61c73178b7af32c8c217f00a131f3625cd145c08acf00"
            ]
        },
        {
            "address": "2X1uf2u1LK2S8CC8e3VWGVLjiVhHGkPyB51",
            "secret": "46d449a4e9edcfd54dc0d21d75797421a3f0aaf6363b4fa489e3889a8dcb34d5",
            "public": "03c164e6e935c29b4a93ba87cbcdabc49b8639bdc69f1e89dcffc026dfac7393c8",
            "signatures": [
                "2bb7fae7a294a511468194fcbe2000cc7d4e3da84dba19226f89f446c9cd67853a1d6b9519354c9de307f10d9a375aa4f2af3601de56312b087a15317f40938001",
                "b84ecbc6f15a0e377bc74efa502029ac87b55bc3d3ffc79867c41c909d34b7112ea1353b9da4024eb3f083bbbc04214f5332cb2d4d25bfb4b47ae0f95515ef9c01",
                "1c9a32563e107c5d225dad141db80175d92997dd44ac7b1d0f6c2b0c5fba018373276221bf930f508ffe429ab0efd1a88cf54449d26992cb392983f0f7785dd800",
                "df150b6b76ce86e688e3817fc10d16aac4da2e5723ce75181254269175e491a613e7d69f892d718d10fd5a8abc54fc266c731b33f77599c0a30b9186d6cf8dbd00",
                "e869020afcdbcc8c07ee6dd356f83daa1aa5522aa3c2d9a0627c76e4745f0d0f4e3593a69a6a22ad3e5ddf7759b6d9ffa36f0c081f5462cb1cc76765da12e50600",
                "3ab42e19889ca8527bc75dd3a320ffc7602371ae754c28cc61d2ad986268ab62790a940a0f9a9e7a9c1b32c0f98fd2c52c55171fb7de8f5b4f339997df46e76800",
                "20a89d2aa6ebc277ad374e1ba8a8cb54bba5da83f4b0b786d71f7118c87bc73e680641af294c70a4bd5c6d837a8ae373a272e56e1ef6879ef2868c0d40f67a3e01",
                "7a12400e7ba39600a1b2dfd9da749b34eff25246c83ecdea065cdf5f1df5046937cfeeab9c9096c678ad27b96ceaeca81e6cd20c00d23b7aabcaa13143649fdf00",
                "389b8fab74bd3c02c51029543663f8930e3b37aba3ae08264761ec8cd77fbcbc24fa5bf47482ff4db62ece7ce5c9f8554b685379256228e208f7d65a8e33c37c00",
                "351ff96e4913784381de11fda7b52abb87d4b786add98e534d215236100f44922435e0f8e8a264d720a8b49b88307be2a098c0614610a216dbe8862f5e51d4cb01"
            ]
        },
        {
            "address": "nTsFenEp3j6vda1f5uRe4d8H7ZEXQkHEZ3",
            "secret": "c7bee90a73f6cffb9abcb920ee497fe7522fff3ec46b35cae5f07bf3fb0490a2",
            "public": "037d3dfc78dfa302b464ef903a085fddf94251587290d965754d8530be02322743",
            "signatures": [
                "8869ee2ff57bb97475d007f70279f9e3b81193259e64e2bed77957e8f6cdfcbb4ab2501d617c5ca2d1dc89233817a0b91f5a8a2d23aae07354d5ebbe97a3dd9c00",
                "10af988a9c826232bafc857dbdde32c76cd6532d0213f101d4afa3994da15a261210b9ae7b69273b538fb6c3deb17cd53113f3b1cb01ac9e8604d209cc78cab900",
                "6e858a10f3ddf96b2fd8d49806dca2dcb0745979e288c8a4a913e7bf6c722a531d285d2f081164d414af64bfa8ef6c8c9928ed7d25cce9bb28a698582802fa0d00",
                "3b1ae90d38869d522cc70e6d4a51063bab5eceaef100cba3190c15dd63681067700cf336565409075b825e4031112e1eb0bcd209a7a0f5a99eae804b9599104601",
                "4bd286c40792b96bf0d1588be470b96d2fd2e4ad7ec3d48e81fc129a95274b9b5ac15138902cab4112730ab83767dbd9845fb3157dfc89131a5e4f36fa63fc0f01",
                "1270a0b3f00f41e1f10eb53fdcb5de369585bd95a0900231c7e7f03c2b0cec942adae9e17a043774bec2e40d36fa15e4c9adfb9133cb8ede06d07f840137c57601",
                "8a12e03ae27a954c4f8e865fa6428ef4806c40391015962d9ed151a9cfe3a87274a3b1095b76e47aa72e01512bf5d412caca5e336c198f82db668bea7abc452f01",
                "1ee1f0fcac14db2ce6203065e58f80fd7e518a56904dba875928baac48abf454513225dd572c9d3c28c11580a7b480dd8c34c24baa2a895ee5b61b0613ba507300",
                "d0bd8fbb858f52de5f38029c5251941a0a2cfdf3cfaf8da684db747b4470f6943fe545e9c31a8666546d5d1b67399fa013394418f638de3fdb54d93d68347d2c00",
                "cc8842288635cecfcf885db9863a870674d37285a795a326ea11ce93aff2aef0372e06054831dd776cf0d986e7e01a05070a2572bb7926635fe153a464e64e3400"
            ]
        },
        {
            "address": "2Zj9ehnjn7c2P9AcoxbvQPBiX72yjHEJaPb",
            "secret": "8727e233f4165d2cf3805052e9df916b81a19d2e859c48e15576fba347d4123b",
            "public": "03ec84a0cebc8c690f106fde7df91b86f7b7dd2bd6bbc15d19b6813d11bf523113",
            "signatures": [
                "d878d051562f5872f20cf27067b54b677a7ed2ab44e4b88791933369e632993244d88b54060d3253e60afaffc30d8f89b6de5fedba6c90dad01ab9680ad2796a00",
                "fb2f87e024946cbdeb11fca226d0efcbdb7d5c27e24b260bb1f6184bdb6446881917d5ab8e0f780fffa13b9459c6e751de391b3d7f1c61938736f8df5550534401",
                "3d6b8527fb2b455a6d8565bef090728d3e0ba88b5f1a0599d296d21f268763120ab02a9f3521a96c4e93ad369080db860f6c00da586e91664e5cc410d9b6e99b00",
                "baf8d8164e225bcef8a8ded4d54980af405fb6ff28281a16f64586f78a1a0d82670cdf6195f9ae7bc2a7ae9d9f5e32f81e5e6623e239005f4db8cf84ba85c10200",
                "90f5ed24882e6e7dfd4eea059e3ac3d2414fb9d1cf7f58156be9e194c1d35e1b44b063a7c81c595d7e818ac6b28aa4aabfc9d8dab2d9c34310d6432dbbc5907101",
                "cac8341488306402682b33e723ace25e45f599520753b65f0744cdaa64b14069255126d9d7ad18e219794165f6b723c500e72195ac535a554092444b0c9ebe6000",
                "e8e3a8a6937abe48b730de30c5f486f9dc583f7054315c8c96c51e54be8a76772b476fea0543d6f825aa02fb8fb6b7b4c9350bb33889b16eb968fcfc3a64678500",
                "cfd8a7cda65e598602bb91d522bb328a3a273b803b6e0e209019987487b1de7a52a87fbce1a87df47756a94ce97e3c51d6f4e66703f2c4893ab11304c407e56001",
                "206e31703569b50ac2b2fe0d7d128dc53200a7f84ae74c0cd5153271e9d9d4367a9ad4d7c6b19236b836394ac40a1723468f96a35f4e813d4dc499f50feec2d300",
                "7235cdbf150eaf66951644d4fc07226997c313c33eeb171f0bffc5548223317a2c6d933f970656babddba290e044a03d880eb5cb2d77d3036c3f925dd9b7a46201"
            ]
        },
        {
            "address": "4DueLL7QCMVrwsbR5ydfJ9pnR8vahYytBz",
            "secret": "ae81bed68945bf50c190e743deb49273168569001e452be70725e1d4844594b4",
            "public": "0295546a4287fb64ae8077ac4b8ea13768122654901492f3920541d76bd2b7acc4",
            "signatures": [
                "bdbb583965e1281daa47dc4010c30251dfd30473e44348dd9111d517117f5d4b56c6ed8d137e0eb0e68634e196266c0c8de51d5250549a760c46d1198ca7795a00",
                "be84724248bfbe549ec32ba7c06ab7d40f0671248b349e9b4587a248a2459cc31f0fcceb2da8a5d5715dbcd9ac92082029bec9ebef4c00a59f18a5fbecd81ab000",
                "c215694fddc95dbf210c4e6291ffec12c2dc431583159efbb0ea0edec08549cd27ba5a682b07fb1cc97e6ad92cc8c41fb6755ec2fda6edae10c575f93a0b761901",
                "b23e9e76c81ee93e6a27e984bff91cd9546282cc55c8c8bc06502715484fe0610692f71015579110c1f96609550e7d4b0c30ea8fe291c80c73e65915b97644ea01",
                "d0e910ee5328f38fb8283e87e7e64c38a99b2cf0e3ec5da096b032d77ec7be814a110c66b1e13632ff373b56c5a307d013d636aaceefa92f9683f71ce4c7478901",
                "021a0670aabb167b9e7f184501247b031cc34492e2f22565b3173aa7091ac49f64c8f2535cfa4855ebf8e4ee1e522cfc6242ee87cb75cca29623269a954f465701",
                "aa9c6f5a2ade42fe2f520115508c9182fa9652880511027190d26ee56ef088134d7689ceb3dd7a1c6350b8a49817759ec15b9d3ab7f0514ad51446902b41fc2e00",
                "14182c66e730a7a8c22746abbb683d2f65a4492ed644e835aa376d81d848edcb229b813c89ce41bed07b4114b7d8b558a7b53132065bdd9769c228d195a204fd00",
                "4036bd33c3b8e0aeded4275d0d5928c71e808350ef1c6926987c5377cc48395870169fb2987db63a5641080a2037e9fe5881b8e38e493063727d31327d04952d00",
                "8434cec2a8c8ec3daa591a4b2cfe87426b4b71d0ae5397225ff39ad01c5fe15e209ca7e4de4056a64f043b73b622ccf4d2b3d27f362cf7d7fe932c5f110d986a01"
            ]
        },
        {
            "address": "2XUMdVGXbHaBmFBiYcfwssY5vXnQTav3BP5",
            "secret": "312483999efe5e2a416a5300c9ada328cd422b8eb81d348aef76b1ab254ffa31",
            "public": "028992d0ba3ec0cd066223a35fc6221c89433e373836e42ab820909dae2a7649c1",
            "signatures": [
                "da51c05e697d2eca9f130713c958e0517d17a8ff829f6e6e7df581c74954b1b75d475bcbe3e96fa64048fd89cd4f5abb418efdc780ae1fd44553f9980ded225800",
                "d77d1bb5711b9f08dfcf7f5cc69aa3883c34b5a38dfe428aa705ee2190c2ef6c4a1572e07348616f57f1a6133161136278c39a16a421039c1ccf6de16a02431500",
                "6cef8f2474eb973aedcd8e86fbf82de5245db429408e8161343d681440c08a0730fb6f80fd42ba3f10a74a784b18e3cf7c36a2cf89bae3446f0348904527d55400",
                "296ca1df8fa846a321f4ca49b76e06e2b8712bd4a7276f0651c38ef1aab9af265c411d0a76dc499073e7be7b60033db5cf2dd85858311c17dd9fb7582a954a7f01",
                "3528f0101c5dc155c9d68580ab804e424a6bf81ea85bdd3864ae6eb347960aab33b20a3d4ac2763a2bb50de1b5cf11362086a5659e5859c7d6aa2d64d6a489e501",
                "3c18a53e7f1a1d627435f685d3dfd4b7ae2c40ab4b43de1c559b5f8dea6c44a358fa73f0fe004fc42c1f660b711215e477a3752dcebad0af01a4d86b7b3cc91800",
                "7a5d1227d136933f935dcac3198ffd462d00fa9e91d76d071d69331cdeaa98a33ca61def907610fc121daaa9d552f872090adb31d25f60023c9dba8d422c335c00",
                "a3738eec0537aba0fcbc71627f588452b7401e5892939aba2119e1b063902da55fd912777e1d2bcc61944f77236efd2d7a84f3817b1a996a320f71fbbc7dc0c000",
                "3afed1e7749b9bd23a97a55bf9e6aa9f9533151ffb731afa52455a00ec9f1aa9575369c0ce426d64830a6bfa708218ebd337728b914297002db298f10cba9b3e00",
                "b0886b57153458794497fff860c70955b7ea80146ef30e413300527f547798e3775bd769893bec65c7cea503d4fd8703e08b6aef736027ba2feb06315f9b2b4000"
            ]
        },
        {
            "address": "2f1gvQUSUucGZ1xtNcqDb2QqT8mR2YtJF2r",
            "secret": "435d065f46be884edaf18ef9371ae6b9723e0931a45551447826368b3b1472be",
            "public": "03dc267f778651a06be4b14f2a47063aacca922a218a1f984f224a8ec55f6b8da9",
            "signatures": [
                "2c7ab60525daea6fd2bd2a2944d3f7ac62443f2c5f3ca4dea2252a7bc6d7a7520cf8e0e0e29167cdca142e1c6106b0f723d9caeaf181bb7ba7be3d3dd049053000",
                "49dee8cb5efabb28ab2bd248482d913a7de2bce830637728e6926ca6f9607a8436eecb06aadbec7eb8fc49064a73d48de1215d2541e196f450a870565dd8562100",
                "1ababc8f886af10ae76d167a93c6a6d5049c7d2b72257c6d51fb0242fb2d13a027b92c76463e3981489e665b7bff2707c577d960cadd5b392aad117f13e1218500",
                "8461a17909adf7e7ba21ba08f9a351e3f059cce7b81458121e432a1b07c2353e46c874dce95d02adfa1cbdd723785eecabe93c3a65ac732e497a6a0adfc0350c00",
                "3e458d37cd58a426d176f2e3acf123880f44607db8805f5cefd4c438c4eb1ed779eb69fd65dbba39d91cbefc9f54eebe9322aff7c8989f506cd1bd74a05fd66700",
                "6658d5242d1fb860d4de1d54cbb6290893990a84bb139a9b79c50c20fa8f5add37af3552601645ac8fe35ad5790ebfd8fcf8b371b9f862e67e48b929bbba3f1800",
                "71b2930f5e1b703e90d328f65164673a26558a3126ead81d61807354d59cf91e622d19725c201ec16fbc621feb5679957bf710fb5d54935673e8cadc4e25be1001",
                "cc4c1e0fdd2301539ec0ace1eff47807af38c26c20c0b7304abfa75346472ccb38dedab61733895911e37591b35eae5be7daa554f22e75baec3f5b9b158d758900",
                "5cac030ff5bb66bb091a86693a2d972540cfb61bd79869a866124dffb515f50907f7c90e99e09c04c3bdf18b7aeb5a82d5d9d983e2993c01a75571a335c8852101",
                "9758a5917b51e9989f476eb9fa051a32d2ecf19ad6ddbc2aefb81ba95c16e52d3dc528db27b34ea150344458490d58868e5ca493b8ad4cf21dc356e776d0d54c01"
            ]
        },
        {
            "address": "2QnMSr9PedSgf84NreugQJaxnaGJLHY9axQ",
            "secret": "9e3b1370323a9aeb7ef6872489f3e33a0349235854464d656ce4b0dc00ea56be",
            "public": "0255538dfa3b6c02635b667704512bfc4c3d33c48dc878d8576076e530382f34e8",
            "signatures": [
                "9e40e30eb9ad0d99b592a148ba1066542651e04e90bfc30bdd98c258754ef77d500d11f51ec5eefa4a1be570d12cfc580bc55793fe430e75e31676f9b2c1bef901",
                "0f19610905349de8673a6c9ed78158a899f6fd25a37efd22b9657af5b51026246669112914c6d203364456d8c1ae06d5767bc12ee51e91608bbf8b54ebf2ae2300",
                "14dd6d4ebad35dff18c60df85ceefa17a03a9e0c5e2c004cc0ecd29ca8096e716333d8e24a32d0ab3cd74ac7fe917e4ebad00828c27093b6dd26eea20f0def4801",
                "ca337390ff73808c302904675b4f954b6d4be500ed1cbbe1536693f3ed185edc5973e64764773763408d366d7dc80c209fb3cb323300bed542c359686548046a01",
                "5bd597d9019853d5d13f89d55fdffe6a12e1f1969e786ce52aef28df44da1b04595b497136dda48e5eeca2b19741d3851c08d51b18a994f55e1c45bbadfe9d8a01",
                "90d711499247f36f3280b09bb6fb9d1a9e89ac3b055bb59bead4c08945d2f9de59f0d6840314ca4641d39a80d9ebdcfc6cabc603db53cef6fd12240c576c7f0400",
                "9f742e202407c4fc7462278dc4b8382ed34161faca80f3015861b8cc9cf9b1256d7017777e2fc68eeaf913725dfea2af2cdcdac76f88415dbcd2f6e65b9ef98001",
                "20fd3fb2c83a63f69a7fc021d8cad22bbf9516f4b1f4053d4e032d5089d644c638eab2fdd8cbd9a7e5e2d797cfcfe6426aee8bb570c6799eef48a84fb333e24a01",
                "0f4135937cde24fb32c92be875d39022920e04d76f0a99e60328556570b2250b69df184f9ea803c9cb720d441139d3369e29a4ce53252d7b71b015303d6cf22b00",
                "2cea41e7728facd686876fc173ec9f3b82e243db23d284394b46ac929c254e564a58772ffc1cd1ff1940d0dc5ad7969f134471ab408acea0116c1bf2346befcc01"
            ]
        },
        {
            "address": "Zi6vjiuB86UidJSxPnRnLuoQKNqbhKDTQX",
            "secret": "a7d72f9c41978b79e61dcb6de20d05d31850bbbd5defe2e594262157292eba49",
            "public": "02f947801d035fb531c1859be4045d3d6f54d4df41927277a42040c25ace724972",
            "signatures": [
                "34e7d96043aaedc7b18d19a44934e9a59695bf5cb2b8ce04e845b6d5547103f046150acb03a3d08dceee0648a96d0877b7747d07d609b5bc2738eed78406571101",
                "9eec6edabe7cc6c38a3c8f731aa310683f5b1b5b7f18ff597ce1cc85b69316226bdb6a853054bd0e0b07f7b6e95a14c1b331ceb47c42c7de0f64978e23c3f89401",
                "024c006a48beefc070dbda72b0335726bc875143330cd5a5063b5d36bf81bfa971cf8b5bd8b0a097f9ce85b5e1e32d3516b9dc7fc18b2d07f967d2a0a85404e800",
                "fae32316c3926889b4a6c351e32865c5f619e84678db65eeb9a8b97b2aa60859246e416af3844a9a8d036fc95cd583ff6d194424fdaab1a75d6302bec4d5fe2101",
                "c8e1782059a35a98d0dc23ddc45a29e6ee37855e7ffc3a2db02ba548be82943d4c01190bcb22d8bde6a18545428022a5cae17efe9b1b59bcb054190016be55f800",
                "67437425c618bc99fc2b111ac534a8337db17b07f05c2dc0c8699809de0c69ac5201bd0ce83d4af61df6597f0aa819c66c859b3fdf07e12739494e942dcac83901",
                "7df6c5bda9dcef9a81ea470d1cf0a6c465220ff8cdc9a549021e02fa1dfbf2aa16f2434d181db5ac44ef949b0447bb56ce0ab2cf43e0ee6c7f4835267c12d48401",
                "a55b5663ec5c53f034f45c199ca720198e272d25012444d6ed1e2c8dc312223a084126d0b7b0cb0dd9753fc68d3a1c3daf625203756c6c92a924aeed718680e600",
                "c3a346976e04f54d750dd830fdea864495e3ae80e1a3995e5b7852db907cac1f454d95532fb7c536daf11003987065fc835414b1a19cfdd9d08f4332ae1e691901",
                "53022befceb0a4f6de14ee1a6f287e75413614f4df77b0ce4c1a1e8d85f8947e7ecc9ede42ba82ee06f06b4a6dc70a25cc12fe9ecc6f1c4e31350980140144f701"
            ]
        },
        {
            "address": "2EVQ1xmJ6A4iHeZXRtD7DawoBoxX1vRmBxq",
            "secret": "04ccdc4fb9e5d77140a5ab7710b4993f9accbca372d142e358301f1bf096e05c",
            "public": "03fc5a8249345fbf2b876f4d0234efec9e88b6a9b3a6ea3fdaede839f0520cd2bf",
            "signatures": [
                "a47efd9e820c974dd9107bbed207f6324c042a21ff0d41e323f799974ea963282fe800b1f1067d8c7753b3e666dfff01f2bb6516121fd1cc3afdb5ed2d45ffa701",
                "39b2a9098ed07c55e1492ac28673dfde7a9fb683bbc5c9ce62079c7abae343764dfe618112bbcd5805226e9a45a98f8efac840d38ae4db420fdc13e6dc9f05a800",
                "a7934bb9e039f1ebda681cc87c833c7158666a9cabcfde5ed95aad53f1fb529733daa506e7f65845e4a5c7891ae059d62a52885010a4113d844df2d03acd17ed01",
                "d8dd518bbf0d921954a840ca9326f9eef5b17eb00e4c158c03b298426f682a55077685305337e06a1d5b0ed3d48be76e6a404eda1bbf4a0f58bd84ea0920a28b01",
                "3787c025ec0a21ef202b340770fb21d9c5204d969feceaa7639316b0875f0a6875db7554b4cf67c476f32292d7415ff07eaf73d9922e2639890d15dac3fd2e0200",
                "89dd0b2bef097e4a7da14f90bca131005084ed954434627ba3c9e904515120d309a0fe9ae64c5191eb483d07a294ac37be0d53153d511dcfe8a339b79db1572b00",
                "b559569007407a5cca128d0a3153a8572d8e8d1c765913b23ea27036955962470abf538464d519fcfaa4caadf9322c3f0a1a432ca5d3f45bd993c6965f4e63d000",
                "15ebb160d7813b01269fd09e07d62b27b1665d243ee1c1be913595bccc6fe3377b46e2f1ce0fe485a810bb98c988d70b9dcf3a377d99ebe664b88a2239ceeef800",
                "1ec59aa97c2e40a0766bc470b0a2079c58f337a6c8eca1372696785446f77b1b42704bec74c429eb2a084a00e676d084b175323dd43022f99fe513c17625d0db00",
                "ed37c8d62f87802a0cc8e2feaa56c9ce46681d07f31da88c958317e5616b1278043e6abb646407909ab2d7f8ea880a7d89e696052a9b01da573a967fb91f141301"
            ]
        }
    ]
}