{
    "seed": "rg==",
    "keys": [
        {
            "address": "E1YWJLum4Zo67o4HvSHcGwgTRRS5jsbM1S",
            "secret": "28cc037e29023331566461ef67695ec84cfe2e3963b3284cd39ee3be4340cb3f",
            "public": "039f1cade86afd2d1c2aab43bb91f346dce39aade4f1c4539b68b220b2deafd2db",
            "signatures": [
                "582ed859fd7ac1047451c96dece2fce048a7a2769dbf7d6e26fd6d8665ca77d74de3e4fff87cc8eae6d2be699110bdd461ad3d2cd26a5f3b0a1ee57eadb8926e00",
                "65147b6a8bf3b95a29d3717c77c0673e03abfb2e1a1d087686272130b3120d5425970e25ef2f2fee5c094c41d3a6a61314b73c1d505b53bce259904854da270f00",
                "be54697842c0ddc05fbc4456ed2d25c52c8cb6a421d63b69c8a74717a70245a9574314b50a9da78ee7ae1456693887b662699ec495e0192d6df6acc1fad1c28701",
                "93bd2264ae0770bc43304dbf03d841044b92a9a0e1bcaf02616c9fc27981efea59bc48fdecde42419d8504889f2142d1912f68c2526ea6bac7bde4cc6899818900",
                "279c3f244cd708c0382585497edbb979542362842f431bbb2fb79c1e32c349b95c53b90d170f18aac97fd8cf5f7a44d3e3d4ce80d44bfdcc28fdf96404c04f2200",
                "790bd0d363885beb9ff0fbc40c2731a09efe3239a5c1bef3770f20845e15456967dae17ebf7672c3520b3f2056f1c041723d8adf6035a79bfadfa3538952368900",
                "f7bd0099fd178cb133e8d756dc78b4ba9f35f0eee557d5a6cae15adfd3b5274c7b41077a8b1d938d7864cef8654ec0154f6698735fbfdddabdc11baed63b180f00",
                "29e7751f0cee32a72664925334dfe384347524b950776f19bb8f1f65a6e709a23f9f8970f3e3bf47536a99ed2926aa5a9275b75f3383b3d34baf662c03bfbc5f00",
                "a4db1d71434b9eb07c3f75e9b6f4116a0ce972420c1873e588410fbb89dc31ac3d812e71cf4909386dd46824f6baa9c5c3b6b27a5bc7f9e5988c60fdd5ec506f01",
                "fcd688f407736fcf408a7aaf27f1b2cedb72f4f9f6de248c1b1be600d1a79d8200aadeb8d330062861b4a93c948d1be588d062d02c36bae498d3d969c4194c9a01"
            ]
        },
        {
            "address": "2TXZrhjdPPVWX3mropZdAJ7C9tfKA1H5btJ",
            "secret": "3a6ac4318cb089dee2fe368495932155be25dc2cfb1994986cdd5a4eeb97951d",
            "public": "025a9903b928ef2f66596d3fec381bd8ab02be4dd419d6147a2839f4883720c424",
            "signatures": [
                "0d1ce484bdef0becc50ccd02245871e1bd28338313ce57f754c931edab9a822638f9dcc028b722e0738d5beda6ff9ebe71db9a1c432bc144608a58da7b5a73a700",
                "d1c15c29c7d9cfa1312ce992120ea80ad20b79d46edd91815c4bed09f414d4244882d6fdc99d7416a35f2af2a148ebf2adcf66d35e6f2acf9fb61d23ed31714201",
                "8b746e791bdb92becec684471b0463aa4191ea1735599b5c48850693f79a1b4e195d559735e0db727ba02ed790cf17d724f2c8085bbc755b3e165eb7afe52aee00",
                "4b8fe3f64d924f290d451cb3b34ad3433cf0f5a1e63e2ebaeadd8c19507a8f5d558d012dd1a348a7143a995f1d6fc87d476379843271c1a3b217eb835d6c1a5401",
                "06548a750b3a35ebc8408d251aeec0e2deed67e37f297120acf78391ba611ef625bd64a40e2521acc1110b9fe4fbb47b8130a70d10e7f16f8d15ebdcae50cb4501",
                "75d7cfcaaa4e9f483d11087f4e1460991b96a47e3c13be1c7711dab7f9fa9cf577085bdcd8be8f852efae4cdb5ff32acbb7c62f944565e5fa2773760279efa6401",
                "2ab8f885369a6671cd27ff2990a8c363a7c4a06b7f83db97421443241204a410170c37e10c8912aba3475ed773b80853dfe6d17ed7d3918191ccbaf84640a62c00",
                "8590c0d45abb75fa18976c9e5c9f28aaf157a5d00611321d7ae86d1adc4ef87a560dd28f3dec5db3ab0156c19431a19d900267a36d88bee206e42c17e0586d0f00",
                "c4dfa4c79fa9ebdd739a89fac870cb8d38aa52480e63c59f42aa0046dcbbea5c2fca4e64421852c8dd62ff7870ca24fe44b5513374560d4aa49f60921ac712fc01",
                "8a3d9436b8230a13ad2c00173e819deb4117fc106064b044ab560c89d7f01a065d6533d1d2aad1565b22f1b69d005ece97de62c6e8c45da8f853f532ecefa24f01"
            ]
        },
        {
            "address": "PTu4VmJMkpSZNPyReRoH8n5MG1o3gaicPs",
            "secret": "a9e8dce4a111f6e752bdf29a5879c2c5f77ecd1c5f612df3e9edb8b251df803c",
            "public": "026c915201c05aac2a8893115fe41615a49ed8d601bbee9867c53c7e3813f95088",
            "signatures": [
                "c723e8e7ac59644eb1a9a59e6b8dc261104e7f89cad7e7e508be71a93a9ecea70c63a10f0d93eb5edfb23b0183e0a654dd042cf2420c6228818e819f8a63a4c000",
                "50bf3cd499902e7350d89531941af889a0dd9bb0e0bdea2282313c99b291a6884080095a1eeb55f5a65ebbd209d889dc264bb7da5ddb7e13706a88dc532e3c5401",
                "f4a9c141f072faf21151839182d55e841e48ce3d793e14ffc36088ffd76b1d650760bb36721ae64b2792cf2eed0afb0fe1d862d42ba9673348382ff3f1ca245f01",
                "37a7ff5a750b8b77fe93cc01f71f4d4a324ac70fd5d1527d5ab41c1775f09087321f3da3198c38bbef0cbb886596804a22006c704f6592652aae8366a1784e9201",
                "95fa2b244623e26c29ee4cf050c73cac85f1b49246790f34838d2922e4b3c90d28377d332cd9f9bf122afccc889a84930b5ec196b399c9550b1b83372ad7486e01",
                "b391dc7753846b34c00091914219addb98d2c8f843d21c72c8f0b57c9292ee4642599181c94129464cbdd8704b93babe7cc0b76d281555536a93b6a17ccf042001",
                "54325c4d401df59c618bc76f16c1684f3cc25aad328f5944d232a9f0a3170d8a393ec2c78c7389be320044f0770bb6c2f9b97a0c8df111425f7683753c783e7600",
                "9479da56bd083cd4e8f53e492e651105659ac18682488ccf9019084d14c8fa9560873c07e85f5fc002e573ff7c5465b8167382652d088082ec8584f93db0d5d301",
                "a4c4429e46ab80549c155fbf05fd7ff5d1adc497024cff628f751522ce429a825856c0c7f62a1dc92fd95d62bacecc002a6800d41ef6db5d8737dacb9d60e08601",
                "fc82184adaf042736fd92e36fc42dc7e0b63125b6014916065bd3858402a4d891c8c206bc05f3a60ed6623b107ee34ea8bfb5182e5d75c33b8b5672ec5c536c100"
            ]
        },
        {
            "address": "mkx9CqV8vnX8m6wgMiQbW8gLLnHh6vGz4N",
            "secret": "ec677f802da9627a8c4a90d385ae68399bfbb69c15dea4cba08573cd81ac5a9a",
            "public": "038797d2c1174dbb2e128e165c9d3814cbbebcce024c6fd459043f0dc661c7db24",
            "signatures": [
                "273a38e3d7ba7ac27064fb70420911526994f497976c809803cbf933b95651f570c82ed60b0d5eee3e434754f525716ba85d1fb4f4b6ccd85680f12c178af1fe00",
                "e4efd05ec215a0bccf810283ce8397f023cb79cf549e9b84cc9a879da14a1def127b603baf0756698db559d4ce57f12c84a90233eb952857e3864236bfe413f900",
                "cd7bdb06aa7c5fe19a365ed29c120edc4936443b074437e048a174525fc8a49678e6e5d34355d771835c176f281341eb621d1c9912db8d04d51ef9e8289b3c6301",
                "186363b97aa04417a725771ab2f53219f75bbedcca84a7720c542bcf1b7a7bac1d195cad9b52b23efc8278e0035856d1c405220164b29189ed094dec7618656600",
                "c6eec9029162fad395aca44947e6cda7517f10835e5ca801462fe7a868086eef3cf8d712bdda3f4aae38b288c09a3851cf6d8f418721886a0a8e87e9fab6bf2200",
                "aefb39fc91f106de7f7349b53ce3e8efa97986ce3503e8ab527af820aaae04a053cf336698cebec7d306cf5c52618ff77aca763ae5393ce8d5f45a580ef9ad8a00",
                "7f2ace494c7b7ddc380da34d60ef4152f1cdf8bdfe082603d86a9d52a543e66253635ec64531f6b09d5a546549300d0df2ded35ec25e84f7b0a961f8b392423500",
                "1fc025543feb8990d415283e946d3d42593e3f4259ad36de79d3211640b61c2607da58688dc13734c15beb10018238aa22cea4460deb1c0a95626699c0b58f8201",
                "a08ecaa36a67fffac7189c82a72ef65a419f8ac513cf87e7d1e2780c25da17e72d21e72755f88d6fad7f5c9b21fcb5d9ff3e1cc0796d46b978e0023663fed85d00",
                "58733846895c696b0dc113a50751747fdb0dcf32b43171acc591013c2c6fbd7239f707a1c5820a8b922544d2cbd3f49bdcbba5e7bf28db69035bf30b202da4b601"
            ]
        },
        {
            "address": "ufRofY1rDAa2QQojenfxsM4X6ibkqCeEb6",
            "secret": "661e38c38e3a9a5463be99e2e57d9dd6efd5569545cc0d4eda18be36911408e4",
            "public": "025b6f563fdaf60aef899c7ea420397602b1b3ff23ff7a36230cfe55fd88368b8b",
            "signatures": [
                "fc478aaf82572939f34775beba8665c9fe1366969dbe69dffc17824447f45192506556092180d7f76d3a317902e33a9706fce4d9dd41cfbc29794e31d00d123501",
                "53bf45832787f16e51cb6bb8468a790cd494a3719b4430b84d1d4050a487d7ce347fc6e1cc810583b681447bbbbe0c9b2a98b12552417a4c687ce4de59de5e8400",
                "fce73f2e0970d1d02338d808609010351a2c3cfa41f63e7e632b32741978f598158096d5dcc54584b05e288b3522db48d01e6295a1a64750d8c971e734d0597200",
                "c44114e4381adc869165fc09554859f1f920e8cb25abbd10bda4f20c34fce4665b4403b43ab653f14354ca43e1cdc78e669b5448e4b9db5424704253141b62c500",
                "80f551c54136d983cccb8e656eeba08874318b0fbb1239d2d0306d49a262591e7c44cfba78775ea5153b2bea5e6c108398b17c20fd8e401929c5e36aaa3b692801",
                "4c978f3ffb2986d0251e54672cc393e1bbfed047083fd3ada43544bb2beb3f9b14f79550b5251431a4993ade176063589dc0df26ff16355b65b5ad6e06d9892100",
                "460dc20c24368bc2793c15df634b3da1ecf55ce3d86507514a03d9b945663cf00887da944dc845fb1ef423e7ab51fe556b7391d697e6a69400e1e676f1ac24fe00",
                "c90f01c37871140f69d90b2c5338ee058b0baacf05277bd5d1945fe465cbe0670133edf40c746ac174a5926b102dea63cde0e283e7d7d6b7cbb1faed0f5ffbe101",
                "1ead603fecd7f7860eaed98169f33f479e45ca8ee2aa8bd220e9e602123435c84581a5f8603b2a9d16fd5811a3e6ade670fdc5114d7300bb1e12990c5c9eef4000",
                "6731612a2c6b5ec693f8c710c9633840f321e572ae0a2a0e641193bd1fa543f55acf916bc16438ab756b365cefa68d749569fc49bd75a993cf193ab3036ea9b900"
            ]
        },
        {
            "address": "jhRanaAD1Ta8fVFa6jR7u8sMtnABK8i6Fa",
            "secret": "1d3da4928ba90d5bf443fd7fb56a6ebfc2a01fcc30ee33eaf8465d82b683850b",
            "public": "03f3cfdd8ef2bf64c313f2feb8e9a0124bcd5d633134fd8eed177f46e957a77e96",
            "signatures": [
                "813cc034cb0a590d2b264178509c874a27978e1590b39536319fba150cf16727759965f1c02ec72d01d2c76b403753460cb569739a2b4193f94184508c5733ad01",
                "eb31c1e18718ea401dd5b1bbeda01886a4c40272c8f6d0d56a5ecde09df3085d513be8293fb7e47d37de19849a756ee6fc7ac73f3a8a215b2096c5f7662cf2ba01",
                "a8850cdf7936d3f8339029efa5bea9c9422719c52fd31386044c0f7ab8a628622b118d80df8a5972a5e0736de5a2ddb9684fdb8d620f7a68dd72e4a09c10bc7601",
                "9d6c8ca1145714afed5a3b6e2ee995375ab6262cccf0d24f22cd7067a4350ed0751dd15bbe7ebac345a4d56d75a3c850f229d3aae44dfb7916c39e07f252d37900",
                "84eb2b5c4d183334cfe54dc7601217f81672985a6f2504440ea867cea0eb8446193a6f82d38a1bf7a32c3d8f2bbd3afb57767837986537a1d9b7dfd05e4552e601",
                "afb88d11917ae3cc498bf982efa0e5afb1c2d23eccd20dd5494766e763673dfb664aff38e6f6482deb6cb05f38439355ca3ffa395af381cafb8353a105cd321500",
                "a4f772b50f0e7ad5bfac148f58bad6bf83a98954d04d51608a9a218b9adc1e5417fb5ca3210a3f04d0dfa2ab09e44f6b667a51f6f005e8366d83032e219706bb01",
                "21bcb3564cafda1143937042447b79a89bf128d881a88099654a12c5ebc05f4b6b477da247639e2080f1e0a0c0c5cd5180f902735e634026235c2f3e1a9407db01",
                "18259cab8828b0a8b4fdf6b116ea053a82e1ddb71ac3b8868d8f14b4ed3b8d290dbad8a67f9ebe626ecc213db20e3fd90ebda5edb995682be0afa8f35690bebd00",
                "41d91535c7fd4a9d7835149d3eec0c72b90a6d1b73a92dc91c35af16f2d35c107bf9e4c2123e09921439e161891becc5a2be9c5ddbc8b1795cc6804ed3eab34901"
            ]
        },
        {
            "address": "77W85kDVi2ygMY6EjQffPtZQ2A5K1kJeTp",
            "secret": "450e7d29bdee2f8a2e15ae2730152483498dd0b31dfc693ec7e4fbc6eac502fc",
            "public": "024e94e6e275c8a3c6e409c91b071b70c0c1ca2ddfbfd3d08cc76c1a98ea719eec",
            "signatures": [
                "647bbd3dd48454ed1ca0075cc15a39a2be0c91842dfaa57907eabaf9ca6d561219e69cdd04804ac2b83508b779a2acb71cd3bae1f6e9e8352a8b1d9240fe9dc700",
                "04e7cf21fbddb4b196ddda4b75bbc92e82f7ec92fae5c824da045e352845b4a127f84d07069132fc1530b425fc64791d556733422ecf6a571425f622b58cdd1f00",
                "90545da6f9a0e89c703bea93df3ce2ca7c8cb05d137659a2a3407707164913f928712322ee2067b26ebff4cf052f811e630936f0ce21affcdc7d99f21e25fbe800",
                "21ed7cee0e1df586105273b54228c54a21e7621fd97592d6ba5501e2a277ef7b03282b2109dc87c2770d28c3c9b381ad82c7c79b619322a1f797b5c95d95a9ea00",
                "0f4fcd6374b0b9aa05a3a702e41afea1173bac9077f8b5d037395097ac5482931775f134d59c55f546ff33211bb1ca83911c1901f2e4aa44358d3e2df97a558000",
                "4b3f21d76694fe2f03012f2f4cb506e128f610ea3e8738ac94f22523bf5e1f4830e712d3902342ae2779c49cb8ab05de744540443f69900f1904f5b2e5a767b901",
                "e1a91763cc1105ea763e67b9cd1c25f74d41b39f400df22003d779f2c91e4ee20ef444a3c454f8eedfc6b127c8961be3e6b25a75db3ad49451774606d35bfb2c00",
                "395b880f1c233c3c12c0a7d9ce08c5e95e35873e7b5659f8a1472f9a197f59d8345bf678724bdc2f83138cff4c3ccc5de81bb074efeeb2105a4aa28e66825e6e00",
                "0ea0f9b45f425ea224675d88e24c092e369a2d2a969ac0bc959d4d7b1418c10223aab768d397b7a71967e27e3eef91494260b43a9da4460ed5f973220221c6cd01",
                "4142a63fc2be7e70c9da1501360b84662bd02eda9dc2d7d5e6c6217d075d1d683faa45cea9069cc8fff98348c7f2f31ea30ef5da710f27a9203d13a41b89c00601"
            ]
        },
        {
            "address": "2fDFwpM7P6tK3krFcrhaYY2x93B7D86dCnq",
            "secret": "189bd3947f4682e4bbdff3195eb88cc75c023248242fc1a2d3e37d707551e593",
            "public": "02ba296ae39678461dc7a1963624b71f8038d6f74785f01d8e884c72f228cf7e88",
            "signatures": [
                "89fe07b2f3da7f6e1c5de1dc60111033b8976a7e79e7fcf062c0c8ab3d7e9ea0206e68b8b01170fb5d7f491142725573625b3a006df68af15836496f00013b1900",
                "62923dcc288cf2e7a118e44a4e087d13c86cc63f1f5157f0199ae98a900eb81d20702990fb9804c7d3ee668ddb80ed1cb36855ce479b54f0971ef7300373e72d01",
                "59479f47a39299809c24b8e206f129d204597f2bfb416bbfbd4b8608a1d89fe33d3c1ccc4ac469393b12ef514f5c82d2e2ca780187ba1ab1e376f164649cf62501",
                "d3fd138264c4b63d19341ba742456ff50b63bfb62bd7b2d70f18901a1d1478b73f03e45328e587d0f11c16c3dbd43c1ddab6c4ad989975e47093a4362287313200",
                "397e578ba4e262ac884394d924650ea6b5065c72ea0ad1e917ba256875afca776055d0cfb36f4720d76f7b276da462fcd09e2f3ff791827660cd3ac139d1deb801",
                "9fa423cad02fb69b578d38a059bcbe142ff273a91a042f61da0f73b72c80f8e24ed3a7cd1c8986af7de8ca603b2fd09812d14c098556fcb3879be8fd65fde9a501",
                "a35ad7955b416e9db5f0070fcfcd601084ea72d313f1f5f20fe7ddda8f4e8cb0608d0a524ec33c0c7c7b9e22942cc26c13f1b5d986695ad9611aa38490dcd2d900",
                "ea661e1459ead9509b69621676e1bc53ab2844c189df802caba4894d22daf93b1711c6ed4095ecf989794c5ff7f6af97f2cdb200fc4185b657a986b75910c90500",
                "16064c60d7077e55795adc7c0f34ab0fdaffdedb7a128e99c0af9f1365463ffe62c8e537e4f591b0dcd3a26393f04eaa0651a9fd4f3d9152da2cc96e3b0590af01",
                "98ecc21e4cc24e917150352ff2cd1df43a18fd7c81934ab5826763d300848962261ba895d13a8b5d102c1b4897cefcc5ae3bb777dfd882dbcc3a0437b1a7d9d301"
            ]
        },
        {
            "address": "Ly5LPYccXjDtx3EA1Amb6kwZe4xL2HTCJT",
            "secret": "2a00b256c613cf7de4acb7b47efb7b5be2cc328012717f3d585e6eea02df6f53",
            "public": "03713f5421167dd1b76aeccb351d4bcf4086edc9c9be95d4f9efc4b27bb41c93b9",
            "signatures": [
                "e8b8246e1dd328a7fd59d5e5023ae736d14f03f55c71a1e164642f0abd2d46975c27ae7b4ba1cd0acb39cf55fb24e7c6146011e3bb4fa7d425693b0ee8a3fd2901",
                "c92fff56058c70c86863c7b703cf245a73ef615f4985c9951b2647be5c4b543f0c840ef819c7bf0583a11627785ab310a21338597fbc8900aa2f0b21fe81f90701",
                "4f319b9e8697570ca0acae7423498da1aae0b53497f5feb3752279c7416498eb4b8a0b61f9be697dbe59bf9071c4c507fc0d6f59cfa29003aba8789a2caf5cde01",
                "6ca0e05d533fffd7a3514c8d0cf7be303cb901dd19171a07b9dedccdcee28c830231e465c24d2f728dc88e9d9a742923b237f69132fdd45d282bad446e60750501",
                "e8a4f6ce818a4a66e9fec715a01d4412d6bc8ec64199764f6864cd1004a6a54919897cc7403ef9106a5dfc76c16d56fbfcfe6f72f762726715148a09322bd5eb01",
                "f236ab0ccb778d2cb2f3b1c94ed6e2aca5c2dee17a0fbb5bd560cc463e4fc8602e60c1dba5efab13f452a6b205cc231cf65bd015183855ea00d457a5fa0bd34201",
                "d0114bad79c8173035bbbb330ce157fc1c1cee17de0801ac594d2b86931f42c54cb01efe70cc49bbcbffd85f363821efda30357e819d9a71e64f092b53f18cf500",
                "6830f56c0c6db89cebe1672b1ad58ab4691e72c8e7ab44430cea79f1df58924504154d1f6109526f57d53f89186c4c631755123274d53365de0fc8c74ea2ff1e00",
                "c580993fc7bf98f4d75d64119ae5e3472d2108add0a3ac427470b253433d9f8d36ab1e2e2e60cda7b7701ba0a78387df04ee3679a5fe0011306d8ee29ebd102100",
                "a90ad4f18a5292bbf30e6b6a9e8143573524823d3e6b0a066ed78b3e9f30be6c0285e6554e6e9a1c24a01809dc7e0d439fdb57ac054259ec10895a52a5c2873400"
            ]
        },
        {
            "address": "fVskJWYkJekapAcR3QQvBsegn63BkRCsE",
            "secret": "115c197195ed609ebb91e4d81a5fa57f0819ce9e08774a330db4fa52d97417da",
            "public": "024a4807e5f3c20b777705cee1a58905355232210e84b72c74e25cffd9fcb110ed",
            "signatures": [
                "f210a289f3cf7dea3476400432a8a64e7b2c62a3b12e8f3fd9c8c22d4928e5c607894263fcbd23e0538dae2deb979b555d11539034b8ff31f99fc7f51d69a30100",
                "f463eb2677fa97af9666a103e110010484197271ef4e710dd792b8fe0964c9b8307c9c40fdf5633d278f3ad3fc1f00b10c42310d11135158851b6b19edbccab901",
                "14e222fff75aa114b3145022a34eadc6abb64e69e7f1b905430c38b7e4e4af294c720a884a9c16f44c8386cb91cd53b2af334da27177fb4f1d282ebfeeb80aa401",
                "9df1ad76f388829b069d4474c4ecf0d8bf7de01a31e287b10fcc883c4fa714441490fb088d0586402cfdda4202e4f648ef9257be506daadb9803ddb84545eed200",
                "9c83abbf506869f684bdec893a5d5d1291929c6b66e9fd35ebe655e1528f2b0d63563a380785345aab85e375132b7257b6b26a066b6a20c9c8ec58adea33122001",
                "80b6477e48dbb5ea75eab67eb887fce8229ba9352fdf1175f6e502301be5ff0e370504d8ccf447dc76e58ebf0a8effcd3604b5f3935fefb78e6230fb1aa3df9a00",
                "2bb168b7613b165187391ea14889863d43a8d967e63edee1fae608d2cfb7a7ff4939a76a1571e67481065c4e56a72d2bdd55877c474fd62dfaffcc6926a360bb00",
                "eff83a7caddce6009dd76d07a5a9a09478e3300dacb39c4aca637d653ec4cdfb380bf7e83aa27fdc632467b4a64834055012601d05306ef3aa7cecc86f50ddd000",
                "6f87163870bd241190f9bca7d3df36901d8139892f21a6db2575cc5b7f1cc55a21d85e68bc73fac1e2d29fe01d51fbd55741e7a727ced4947c8d6712f64dcf5801",
                "7ecaa15895a85a13a2f8faeaca642e4439187f1899fadc7f954624764b29b64e0e617808ff959e0a584284f65931807817d3ae23255ee8cce74a8b65412507bb00"
            ]
        }
    ]
}