{
    "seed": "vWqzW+tavumliuNymgNb1scvd3DxS3kEU9EznZRyjys=",
    "keys": [
        {
            "address": "dxJmhYz5CYqbxaurBDKndour8bKsX2BCg2",
            "secret": "103bc41600c537a83751efc3b3375224ab5e50f062d5f679ba39a69676ddf4af",
            "public": "028628228b9fa099df41f59a84685964e7b5b9aa2c2517027bc97163932d3f44e1",
            "signatures": [
                "673112ab3fc33c8611b71baf4f5859b11f15775c619435285c076c77406ddd5b355ec1dc1091481ecea3ec23b05857fa5756842b19433cbd16edb98b276b4f3300",
                "b884b685184fd7b18465d266e5c0aa3f715ef1ebdd2c510fd1d93985ed73700e07cd8967fb4bb41baac5dfb1b5acd43542368843571a8c2328c04ecd99480fc700",
                "74ab28ea8eaa8abc10a60900da86209415f9c2da7c40c4dcae9c24f4a7577607264c1fa8abc18afbdf618726c5fa4088d074b22281419fa72042204da4d101f700",
                "42e5c576f3c946efdf7433f68bf8bb08bdb9a4cd96b1df6ae21c1f977452565b144a0a3431d1fd01964c016a545f70581508ada70ed2d2e2471f61adb9fae9e200",
                "d94e96c42e8206c754363103c1dab199ba324ca4a84382800cf95be2bb2fec4a641352aac50919a636cf60e21f6124b0898096b2537737e132b3a591a73631de01",
                "462dcbfca20d8db7933e5ce611bbeaf3445be562df729e7110fb262651efb8512186b6b19902894c2ee0dd2749612c839976b6ba56b42d091357b9f63f40400800",
                "1a7f718160e4ebc415679c176b4266582cdb59d0d3cc6d5844375604313513356663f148e0813fe02a6b4e657c76cb2fd5095a78048c639e431def9a0ea1f36e01",
                "0c94e5e5dfe0ce864cfbf722ebe2e567f7b3b0303eae438f1a8fae2c232b8f95344ff2b43c1c5473942eda7e2c292b11c99bba70281964ff03105a1b916155f601",
                "ee890cc57362d5adfb7e664671a4073c5d126b5da52835089916e45f5ee71cb227bae34bfa070ad0920bd9106fd0bad517bd7346cd85d7042a2ba88c029eef2e00",
                "0199f28e2f9497c17c59e31c863984d7d4848720c9c151b6334e2c56dee15fcf2d642e073bfb728498342d9f19ea1dc6f9a4e8af31056e850405a5009be6f6c701"
            ]
        },
        {
            "address": "wWfAkC5DRKmBesD3ycyZPLA9WUC5hKBY8J",
            "secret": "ec68100218702342e62a0138e49fecf0281e97214f224f3ab2591be5094764e9",
            "public": "020c1e5d0e449141cd10910c9ae064d878537bcf7a617e6f694a9f377a6528b96b",
            "signatures": [
                "74dd33ff9586150eb0a6566e31da608be6cd9519c0a373a10794a3f2b0415ffa2f0b4304e895b4d9c7a6a1bbcbd0e4557800732ecf39239c193e27738f432fdf01",
                "d23c6e62b777c96c1e21091fea380733c223bd68811c7bad12fcbf9a159b84992c7b011e4152d0339bbdc4ead5de4aa1a288997ef3a5ad0bdaaf79653077df7900",
                "237df8d524e32e90b2e2e009b0defe40769fb341147191b2ba45aa277aadf81068fe8f206ef713e674ebaea775385b053c85be37dc2490c0c4f736a7a1feaa8301",
                "83157989273570d30d0221ccff0497c8e9837d728fee2adf2b3142e8f04cef2943410fff868ec9c7e68602e083420b29706d3926c2d397e1e1587c31a60c9a3501",
                "34212857e85e5dd71748f02f77941550164b4702dc55cfc835a22cb99e30ece054c53f43a3bddf4ce800bb2aecb2ecc87137acd3ca8a269af9763bc3abfed62e00",
                "5348dd18e2bbc319860ddbe3b5ef9627447718252a189ea5957982acf54f0c3d4d6bc9d191cc6cf454281cb74fbdc9e05971b712119bd39332d94a4d03340d2d00",
                "14f7d8da4fd890f6bdeb978a389a65d954a82037f1a59a3c22a952d1a6071a5601c460f31a6cdd5b9749412d44b8399068c9605b18c9677ab89ee3d92fb74a1200",
                "4cbbb3a086dbae9049670ee8b55e31ab36fc012ab22674b4f036091bb511011a5ab11e3500a47f09b0187a407cbbbcaa3b8addd885b6b0639278903bd2d64a7b01",
                "c8db912171497d49570aa43ccb6a5984f25fef8f44dcfe6edf4fae6e737082ec03d531e0f77057b47dbc5e50af5b67b74fb8915fa802f21e63c1db9125ce579300",
                "d13cfe83aa0faffd130cede0acd5c6066c333474e7f2a059be3e3c27c081620d6f5fb985f4f595377332abdad3de0e27db9ccff7dbb24211b7375682c46f3d4601"
            ]
        },
        {
            "address": "2NpdyMGSis7pKksyJdw2Lw9CkLxRXQ4mXfQ",
            "secret": "e08ae8786cf4f17a7b6024143f7e99261b0f30f240b4a4eef241051f4b051c57",
            "public": "03185a63e2d55ae868e815e5ccec398ad955f5ddf8f7f5878843810d22a95d8749",
            "signatures": [
                "5d97d0bb03d8eff8cd742665a59e6cc7bee75c809f46396b607613e5e6bca6a84aa089f7cd8f53b18d6bc3068493ac1077da6f818bd65e18457d5b457549b9a501",
                "66db0f30c1e6ede54bb6f70fff659935ac180bf41d62b2f3a649d8821d90e9f9452393d0ef245a4b9070a3e7a93b05fe3933ec5bfd3042ea3a644e77816e57a900",
                "4dcd8b7df6aa6fddb60c9ae6781426d09f43b3f72bbc8c6e2f80e2f052bb29fb68d0541edf0bd7fc58b468850110fb3209742c3a1e4cbd0fa385adc55d76bf2301",
                "b64aa7147d42e3e67617f21b5f49d0ce03dd5ff677efe922a57d783f438facb43d35df5d3f5bc6bf4418b12189bda65e791e837fab789f5765c58a4f3362758701",
                "a61449bbae701565ec8b9101ffcb1e5cf8ccaf0148cc074649322d2ab07df14329b60562740b410dd042996d17f9fcf9bcf48eef01cf14439cfb7679ce49ace200",
                "9ec3b65bd966d8d29037a74ecb0da1425a8bff15b82fb5aaa5ce85dfdc26a0c869d43b8073dc98d9871907908b13ed80997a11bf61724646d94525d0ca33185401",
                "5764aa6b439d5eaa4ea629cc0bcd0d0bdfae933da8a4aa1beaf7ed8d6c751446784fbc57f0182c6f7bb13c33641dacfad3ca0065c1bad8c49690ba42abaf00ab01",
                "1a48518590d1ad8fd92863486c10078b3c1703037cbea02e81ab17c41f52e8120b394db294c7ea4a4d8c9e5e735bd30c3a1574125e8005b80b2d429c4baa764b00",
                "12e8b5c303a9d348bfbbfc7ccf5a74e9c1701482f95d818f51aefeff982e18ad0e25b86221553e6282be68cfe384ef7729cd716b3b66e48863fdebee137d2d8801",
                "d9abcdf0970a1b8fd7721fd8bb7a6f2712cf331d04e300b7cb0a12caef919d2b335bef5436cb624cba1aa669df168840eb80e0f9f40c6ed180ac58fad922a4d601"
            ]
        },
        {
            "address": "2YsC7EayfSJEMpH5tkFABZ7NxksBxUcRKFM",
            "secret": "d609d3e43e182e23c9414e10427b1c8437d5de881836ae882819b4ccfd39ea03",
            "public": "028158909c3c9e59135b6019738c31acba380d2d42cd07b3bc0e302fbfae9c3ed0",
            "signatures": [
                "5de888e7d8889d800935e92430ef045b4b61896ff9b400edea6a9f184e56be5954ba6dd40388a43332cb2515553e227e936c3f39a40ae7fa254a37dfd478a89a00",
                "9534f206b47c69377a9134a5a372817e68893181d5489f411a90ab47748e7fb621b840c0d2a857b7555f266611960c47814d3c9460c6f0ee33b688a7a95e0d8d01",
                "fdb21218173ee37a35a864e6ee685b66ca3b3a62275499b5050ba9563203634f7f4ea6988aef0cd05b504e0a4f090a341d3cade4fc72876171a41d4a8e7900a001",
                "c444d5d828e5d9551e6c85a0744655d75fdb35c90174557c442f6866130489a07f8d3e72ab8f1c4937b5b56174e83f1f0099fe8a90a2034a30ff33a58cd95b0a01",
                "7b105ce2133aa4f330c7bcef90473b0433ffb8f15eff07533f31083d816a05c86e18e972ba8200db9c173eaccd57658d29e541805c467642b7c71fa3dcfa9e6d00",
                "6c83b4cfaad9fe84e9fb6221c96f3e3f7a8a570d912df042c17f01877fcbc5755b52aacf432a0655461446c25ebb6668828f2c93930dc0c25cd0625204fc6f7401",
                "a524aef799f60bda7106f53f7be4f6dfa23c650f0183fb6c8c7945f7a1091db10b569cf203541516404853c6f84b0c903015bc1ea4b84689f76503af90819fc801",
                "64e06be4685c5f44276114ee82eadd0ac0fd2dc32e06695aea6b9bb1c4f539bf13a1dbcef6083d764d8fa1246ce72888fb242e5e2e2fd40708a1101f078f568400",
                "0405169edaf9044e0730ebfadf22bdba6d29433227626eb1183b4e1fad384bee129c911097fd5b5996a045a39b75fae33f20d6610f3c160ba6c9f7fa61afddad01",
                "3a4d6eac4ae0c420a2b07539deea5b9703816b8f1c63ee015e9300a89192035e4a6bfdc1c0764268b36f545ba40dc69b0de024fb89b367f74f0582c49991f1bc00"
            ]
        },
        {
            "address": "VWBgiD8Bm82C5scBT7ouJXUdCt5WYBmwid",
            "secret": "cd6cac0f13566084bff6d1415a6cf5b481d1180dff8041f4b0cbbc3ad9c45575",
            "public": "02db0ddcb741d0ea2e05d2e299a09d063456dc3370cb8ba32adbcbd5f2de195d55",
            "signatures": [
                "01b8d8773c41c67426921f5668f6327f3a678119f207fbbb3ea88031fbc3928a3b516ef61495997234e59ed5548b5ed94f59f988e3de4d12f57bbfdecf2ba00000",
                "1832e3ef1aa54595cfce5706271449f00f634ddf07a124673027e65bedfa3751377dc647490148c8a753c8458824edeeb7a6a1dce149a49cd57f04d26cf775bd01",
                "a32e7217378671d22ee640ad993cefe1cd7d35dcb8ec8c4946a202246b8ddc837e0933dc6246bf061115e7adf77b1ea7cee2e570da6afd263c4bee68061c7a2601",
                "ea42d95fdb6dab4c5df0cbb87fa8f893724d26b1784b7e19eb799f1f8a5facc34eef7b929acb300c953864ff36dfebab0e4c069174217c8ef3cfef6587f5644600",
                "a281a7e62930e0ac659ef9c372ad192cf86db5f35d71c656b72b03b9b439fc8d551bbcd58b8904f8653dc4fb3698774cebca153ea664040ce0184be627d31ab001",
                "83c70b8c70db7fcb8da6887a6c0d575383ceae53c28f904a31ee69ce6106317a23e6c764a23b55118cc8d52bb621ee3f9782165580d98bf4b74f10ccdac5f2a700",
                "42ded223b124824f156a96ec2a3b39a98daa76eb845e365c1238a38f7b49e663286b94e55dc245221d85345497f223d1dd81aecbdec5613efe4c4ca901a3c9ee01",
                "c07eed52f2b0a550e57cba0175ec37fcb71aca4ed0fc37c4528a01117c6a52665196310f3b56b8439a156c33ee67a6108cca46b7b6081c5fad30be432f2f0e8701",
                "04faaea1a63d8c3fb7174d21785afdae0e8520a4bfa9e5a82f4915be48cd4180158490d079fa2b7633d4082c8f1ab2a25a9ce4e99690b08cfe95ee60a92eff8d00",
                "12826d3405affe5552bbe42b5e9f1ffcbdbfe3b88b537ca1c6d52a53fce068f5482f9c9026b8e72858506d9b8d1bec3b1cda36878ce979916382e880af7715e901"
            ]
        },
        {
            "address": "6d9MoeBRrPUSW7C88QFe8T83GKxKfd2CY2",
            "secret": "e7cba671232e76a905770b9dcfc280a0f47db8e37fd2e5cd32cf67d3d7e44c4f",
            "public": "02ab3080b4ea8a74789ca7ba75577609de2961e01e583d8432f50e112ae1c6a7dc",
            "signatures": [
                "0f15c8684f255ae234760053b193e2e3e799e0972f11aa7cd6ab62e29a4fba093d66356b08a0fc544a6c62c37b419e65982dacac87c445570a76cdfb3e981e2101",
                "84e597668750e6c582ac72925d5f51c1ac43913f15472a13f45470d8e35ea6da6134b2d0fb356a6386a0d7bc95b4d35deeb8381d61e73ad852975e0c188364ec00",
                "f2be4f437fb1a7f8e6ae876833d02a1b2407e29c393565f43cf28a6416cdc839593188c29d402479321d4cbfe92f0c70664bf19f550eba0c72c2e064727b93fc01",
                "e8ea5937f15a16c93b56b60e527f14b343453a689b2fbbf98141775e7419f030190a32e8a831c4148f703f1861da656e93365cf6bb59aee628270bde6b6310a701",
                "122ebc51724839413d8760e5b7e6317e7348e3c06690083baa2b5dda38cb103d3d6fbd0b924cbcdb4803a7c13de1b3a3794b464a6e2cf7ad9cc33305cb3e704401",
                "e68851a6bbde68b5645eac304e0be24f3e8b51c763b0a5b3cc3b7d58b9ce1b4a3ff54a30199ad276a41015781f951f058eb20e513dbbe0097da5840821afa8eb01",
                "23555eb3dcfcb3757f0ab11f822822da366baa4148448e76f4123ce944f0b4c80e1998aaf3e00b38e8efd33d8cecfab46901cce7655f37958d67d92b280e687401",
                "46e956e8a6c12707ed890079afdecae1c94c5e39d3d04c312bd5477e6770e3274fb763ca342857e80358a2101e628e7d1a653f227307337cb292a005ce2f03db00",
                "d3c7b3ebebd0fc24f378f1ac9a2f60bf9c96d9d88d64369f33fdb97893585b303d6cf556dbc12e991c336ac7df9e48cda650f4e5219696108f295af769cea5f601",
                "9f8ba0642998c5da0c4691eae7a51a64120ab74ebce32d58fe8f0c11683ad06f232dd3f3b0b9aec0b1c53687298be5584b259bc7738ef54b247c6e436929e01200"
            ]
        },
        {
            "address": "UBGqCZrRCWLNVUTejLUTmWs3ZjcdnanAEa",
            "secret": "cefc013f3eef428213011a542db07a220e85b2ea978caec5c47170e2fbc52a61",
            "public": "0316f70fba8d65a0f9f3e49b1cbbc3fd3ce83b62725a59ed85bc1693c98e9c0f24",
            "signatures": [
                "e15da877661402d0c6c8440d05c3780591c61c5f46094258363b5ced7a3c23e565468cd9cda0a34be02efd37e49239d3b9d6f3fe64f53f359dd1dc52275f6c6900",
                "b5dd04df253eab7c671b4414e1dc706f703016f9f545e4d765160fa8511e4e553ce7ffae05b9a527b84ffeca7ea531a7f8bd51add548305d3bff5273b3db6b3601",
                "c3135db42f34ab5443ba8ce3e6833c24ca84100d3247fcbb71b8615dc958ee917edb1deb12bc9eb3c259d43958ee10a53e22e966ffeff4116a04714a88ee285c01",
                "9183ca8eb77e2bed8c9a788fb13c0f2c834619edc7013f58ae7c7444016012ff033bfbb32494cef26f0e308aa69d4c10cc92b0a8dc3da23d883319808496dff301",
                "7ccf91f8222c834c99d28f79d7f858c028150bd0f234fafbaf55a39bc1d9f1c30c39672373d94b2c66658c91f770a280882909717eb4e6020650cac801c7aa5401",
                "6f7bd016f7130ce5f33f46da12046b1bc9a8fc03e5fed7165ed16b1eb96012b12ce6166c43af598e24d8eaa8e08c60923de15e55088148993cab843f7fac758001",
                "1b62fdbcd1b0eeb42a2ea162ac8332607007d3e94c40d3f329fc5f06abcab57b493cbd3f4b490c5635390500c66d45f51bbd340899922aff54204a2cbbb1ac9d00",
                "bba47fe6febf896cc1f9f02a34d77710a050adaa8fbbd9ef2b51bbffca08cb9a22146c0eb84099cf48b499715675417a486abe4de28f99a24a75e9bccc1e91c301",
                "ec16b3721e1f05d368969b88a9cb476e8aa7c0177691bc080d5f698decf5969f5d7910d95360cd49700f191cf0f7745d01c09468a1061d28630f8b4f923fad1800",
                "76a0ca994efc4714a3d1bf10c7ad81825500a2492ab5df87682acd145bfc6c1e234c1e6238254bc451ae957353531bf2bdfa7899e99c3f7eeedfcc0d3d35a9bc01"
            ]
        },
        {
            "address": "28mhRTjG2P2fah7AJuUrBygpxhmheYy4qwi",
            "secret": "a5bf25ae3ac443489d23aa9fa45810a36deb19fc56fb67d09ca920868ee81933",
            "public": "02e2a845979adc6147886e594728f975b3121fbeae3bb5e026a2b2738c104175cf",
            "signatures": [
                "459509346729140b8534d06867f7c3885a59b38ca9264ae6243e83fd71ff023631aa62a9926ebc21b164717e227813c0a84b222cf7881038d7692c208f1911d300",
                "36dd71d7c43b438be226dc6bb3d1695162da774d4aa9d73621ce40f17e71d59c47129046201b7f7ff42128af0df2b8b1075d3c96135fef755cd50d78f443965800",
                "e3dbb279b2df949cccd238fd7c9682024a7e86ef4be62c46c21d1a5add6d5bd75ece28373bf65ef0ef01e35873510e1bd6d632390c1d0043af57ee6fcb8e423100",
                "21bb5e11f34214dd7472ddccf0e156ae8c2a3b2519022246ba77f2ba804593ee21fe5b20dde87ac0e60948400187cbef45b70ac20f44add46cfd045d87b839ba00",
                "f8ae837a61c9a083e366417f0e4be2d43d490add9d34ff4c513d6222194c16232a01b51b9205946f4cd66a5ba69f1ccb6dd4ba3906ec17711547378545d1be7e01",
                "0393357ff49e2de374492fdea60319320c37ccbc03e7e6b9ac42ee3422303cfe0648c75c57d3062b5c33634ab0916baa88a998505281287e99ebbb000cd2e42301",
                "2900df4afc8b3a123c0ebca53ed6f6398e5172f5f9676b76efd6dd2d5c4fda68568b72fe2cfeefdeed89fa2604d7bd6b3bc9ec9cddb307832a2d4368d863bafa00",
                "f10ed20af67fd8a37f4100885e08195460728c89dd5651047e658cc679237c445377114888c7f4402140f2886492038be603087cc921d1baa2ce5ba62e9e40ad00",
                "8e00142a82c8259adbb209104373e52d7b3986fda2a29af86e4915706675a35b3af0b4a31002d263355d47e6072a7959d4eacacafdffc5279f6e90bab4e6a84e01",
                "87f22431354dcb7f1484d18a1207365d69b69341bcbdd49dbb76ad9ce53cdd3f7c806f14e71b3f05fc1b43726b3be409cb4b06f2738553c61e2ee7713898157300"
            ]
        },
        {
            "address": "o8KcCaEq7rUzk9jU3ej9NXz8ySGoAsM9wq",
            "secret": "a774d84ad42813d48f293e77fd9d872d4bc5dcf94a968fbac437811a37e0273f",
            "public": "028084b66fe7cd20247fe319bbd62116732e22219ce6ac0c38b10ee7df6a5e84ef",
            "signatures": [
                "1f173b3cbdf6157b181cb88ba8fde5490288b1c994eb3d15dd64109207aa330a1eb99b8061555b30addf7e5a1410b22c1791ec979e9f1e359fe67bdf1bc331b000",
                "e44ee5d90f91ac62a4b08ca7adabb3f4fbf242fda2c60db76730788a1746012517b7e656078c36e6d2aed28bfb65cded94d4f776c7f3e339829668e2d24fbb8701",
                "684052ce6947cf8ef9c661c317136f087f8ccdfaf8b9e9b309c6e61ea43ae09808fd5a912a45e6ac71e4833d7089e1b610dfa1a67e2e3826722a145efe7ced6501",
                "673ce36127a13f491044262e8d238aaaf5dc806bed61d7999a262ab215aff64747c2440e532d8bdc6b04b889aa856e0e53f2fd1bb2bc514854e46cda7fac379f00",
                "2ac98375228432233fb3d2d3e3e985bef2e46b65a906300f759f6c5588f30d21656385d9a48412387199a44eb21ec2a9da4434e981c5b6e1dc2740565a381eb601",
                "acba6f64c54168e9d0a3dfc01b52326a2c2f18d3af10ca6ebbac6bfca02064147887a6cec9613dcbbcb909de55dd5870561c4d6a98683cd1bd34db16c93f6b4a01",
                "9b0b680d306e8f196fb882c8ad3fe3591486b19487c5ff7c5ede4a9c86809da6586d28e62bcdafe4bf6d1f48b0714e8f876fdc9bee9c5a946db34d095fb66a3501",
                "5c1a56d3fcd09a8d749ff6e69eab86c3a850d9ac4cd4aad1e650c7cf83545cf22192288535eed8d67b1bcd49ca0c4d3ec950b1eac2d1ebf52d052ad46323f76401",
                "4ff012ec8b1e136eda5d7638e407985ec6ac20932a60cc9f6387cfbd07e5eb8c6b9e991876f1230008e76b9881425a10f74f731bd67b95c44fecb7239cc215df01",
                "15f1b3110921e7113a3e2c0153699c4932189a9f11e08e5e780b171eb6b3dfff5ef5c2b283ef0883ce128c32323efe8ae4aa240d70113ca0103870842e65482701"
            ]
        },
        {
            "address": "F5b64tWsytrtoTB7Gka3Y8gL8bcozi9ZwC",
            "secret": "c9da0f4e53c8299fc289eea70a8204053f8e2d357496bf37673b7a2a09606239",
            "public": "0249ea059bbf219d4e5fa61b68009dcf568a4c3b8838281066098c9c70e6302e14",
            "signatures": [
                "2b6a68e36f23bb4e70e325b74df03af03507c617e1a3f2f3d9ae9de51684e69502a1d4b9d4576a58851c3c30dda5098fb5e483c387a6791d220ae360fa46db1101",
                "9bf76435655fd5517083d56112a85d6390f2cdb29ef0083b72f05fc80513553d3855fd859c062c615197f85fa6ea2f64df0a08c05f6fde543aae1e5b06fb070001",
                "b4b3d577b3f634171ff462e6ea1a5d7847095c9be3afe56e1ffb5910bdaf5993776a79fb0a11d31af5b8ad03fb82dd60852da5db60812fcb66c430b76e6590c900",
                "aea6e04924a561febd89188d0735fccbc342d23afa7d4874a3fb7deec80e38902c85c386e2319bf165b28e07f8f2e5bc65d53124a2e18f3664f14f3156916cf000",
                "de5a68867d648b90fb090b366800a458eae988401778295d6737161bc2cb403b7a6c65054ab8a63de5da6b78017dba1fb5225c6d49fa02b0a884c8139e00b6c601",
                "b00a6f1b743f2ad3efd370c33bd763924615e06d9640d7473183822f8aa6be792dfca685286084a2d88027079a4eb510c49192da0355217685900c644c37a29300",
                "e2c318045aefc3099a25545c35bad5c8b34a9566b5a5e3813a3ca0b9c82698e27209aa93d369b788d8567a9f77c47796060895a566c961652b606f40e73735ca01",
                "707e73c79f3212dd48e2d14a807f59a4ce2cbab2d60f9bfd213f3253b4b37c962f66e7b22e16633bae7c6fd4cd25489f731b99f6a68062532f509214ca7593ef00",
                "acaf82b616b71700291f97934baf5693a018f685594af570ff51e6b19bb93238174b5d5bd4fb70e7ca1c7a247b795817269e4a93c399d2e55065f9851e0c6d2501",
                "7a6afd718dd5126b7a238933f0ab66a93f68bd83b0e233698706662eed4d61486eeb68af6bc69c63f30a6107584a302dd2f3d404feb35868f155b83939541e0800"
            ]
        }
    ]
}