{
	"hash": "a121fe93d0ddebc50e6916adebb524b5b4f087b7a35904b35586f908e3b6b09f",
	"inner_hash": "a1d3345ac47f897f24084b1c6b9bd6e03fc92887050d0748bdab5e639c1fdcd4",
	"sigs": [
		"a2a10f07e0e06cf6ba3e793b3186388a126591ee230b3f387617f1ccb6376a3f18e094bd3f7719aa8191c00764f323872f5192da393852bd85dab70b13409d2b01"
	],
	"in": [
		"4d78de698a33abcfff22391c043b57a56bb0efbdc4a5b975bf8e7889668896bc"
	],
	"out": [
		{
			"hash": "f087da7995cdde1c7ee49d0418f28fa441adab22e6d23990e7f92935be2aa154",
			"src_tx": "a1d3345ac47f897f24084b1c6b9bd6e03fc92887050d0748bdab5e639c1fdcd4",
			"address": "2JCPnb1212XWQn8GUsQyv4HuB5VrgGHzb7N",
			"coins": "177.999000",
			"hours": 13908
		},
		{
			"hash": "3a40b50a75b2afa06e009fbeacfbe372f346f9753f680a0de77cae8524d72d68",
			"src_tx": "a1d3345ac47f897f24084b1c6b9bd6e03fc92887050d0748bdab5e639c1fdcd4",
			"address": "PE2qwUxTxe9RpdTnMcJtrP98riLW83nx5d",
			"coins": "180.000000",
			"hours": 4636
		},
		{
			"hash": "dbe965543069910f403ce62be61310ef8f873abbfdf26d296ba8884b4b8291c9",
			"src_tx": "a1d3345ac47f897f24084b1c6b9bd6e03fc92887050d0748bdab5e639c1fdcd4",
			"address": "wnhsTd3oXoKNRyLWj893pScqWXPMNg85RM",
			"coins": "65.000000",
			"hours": 4636
		},
		{
			"hash": "b0c887a2e54d4946e70589c20d4dd48c525dc7bdc00daf085329ab73a8c423f2",
			"src_tx": "a1d3345ac47f897f24084b1c6b9bd6e03fc92887050d0748bdab5e639c1fdcd4",
			"address": "tWPDM36ex9zLjJw1aPMfYTVPbYgkL2Xp9V",
			"coins": "27.000000",
			"hours": 4635
		}
	]
}
