{
	"confirmed": {
		"coins": 1000000000000,
		"hours": 1013371112
	},
	"predicted": {
		"coins": 1000000000000,
		"hours": 1013371112
	}
}
