{
	"blocks": [
		{
			"header": {
				"seq": 170,
				"block_hash": "e854e12b5ed0bcb26b2348448fa2af1cd30cf371763fa91019d62a950bf36c95",
				"previous_block_hash": "e266c8beae9f650a3f1cdfa611d9016d99e2ba4b4a67b5d6c4629bc6e66f5f9e",
				"timestamp": 1430836422,
				"fee": 62,
				"version": 0,
				"tx_body_hash": "95d847102c01d071982e67b8e7dfae50715b0fc0179d33f4b050974e634905e1"
			},
			"body": {
				"txns": [
					{
						"length": 183,
						"type": 0,
						"txid": "95d847102c01d071982e67b8e7dfae50715b0fc0179d33f4b050974e634905e1",
						"inner_hash": "c13b7e1722f3616f61948ed42382d4ed41164e7e2110d2d60bf86725f32531de",
						"sigs": [
							"cb7da0e16b83f1717614c7f160580ac0048a4276682ac4046c3324ba6f4e24901d162f7ec81a8e5cdf3676df6ace9a73c77e4d3ab7f03a4f0272c75f3715665001"
						],
						"inputs": [
							"bffea1990d71311b695b2d343b9f09a216b7a8257c1cdcb01b2ab9459e1490e3"
						],
						"outputs": [
							{
								"uxid": "be081639ea8da63d8542707e9ea9625f6afc97da132f43ed061645c359bb1e65",
								"dst": "212mwY3Dmey6vwnWpiph99zzCmopXTqeVEN",
								"coins": "10.000000",
								"hours": 8
							}
						]
					}
				]
			},
			"size": 183
		},
		{
			"header": {
				"seq": 171,
				"block_hash": "a58ab1c90b6564043f375c48413800c33ff05c9eef017250672ea5a0dd11bf17",
				"previous_block_hash": "e854e12b5ed0bcb26b2348448fa2af1cd30cf371763fa91019d62a950bf36c95",
				"timestamp": 1430870562,
				"fee": 6084778,
				"version": 0,
				"tx_body_hash": "fb495093f2f4e5c6555c50150ea60c0a6f430e53aa971ebb3e2b5412866a1f06"
			},
			"body": {
				"txns": [
					{
						"length": 220,
						"type": 0,
						"txid": "fb495093f2f4e5c6555c50150ea60c0a6f430e53aa971ebb3e2b5412866a1f06",
						"inner_hash": "05596340e51ad628080101c8e92a60f27e0f5ab509e892f9b65a0988b1575ddb",
						"sigs": [
							"068a56e916267a1756d9348bb965f3ed2dcba956fe4c626cd4836921dd836f7c0fa923d6451d5c87aa2eab528ff19ec332434bd12e197eeafbf0896e84940c4401"
						],
						"inputs": [
							"6b3a0cab1d9ad6fd011a3bac5e6ff4e3f7903bce911dc7fe83926eae557c34c3"
						],
						"outputs": [
							{
								"uxid": "372703f8109295f0f58fbee58795979e10dd887869f4fc1da4881ce8a3c0aeb4",
								"dst": "R6aHqKWSQfvpdo2fGSrq4F1RYXkBWR9HHJ",
								"coins": "647750.000000",
								"hours": 1014129
							},
							{
								"uxid": "a35044035cce79cb988c757dcaf5d9a065957c0fbc1a3559d08ed46831504fc2",
								"dst": "NGLS4CYvBdV9HXJDpeY8jrdQDqLeBvfAwc",
								"coins": "10464.000000",
								"hours": 1014129
							}
						]
					}
				]
			},
			"size": 220
		},
		{
			"header": {
				"seq": 172,
				"block_hash": "78ae70c3a0f403b6b5d14dab13e3d29f151a0e279a8a4818fa0fe9becb639dc2",
				"previous_block_hash": "a58ab1c90b6564043f375c48413800c33ff05c9eef017250672ea5a0dd11bf17",
				"timestamp": 1430870592,
				"fee": 849078,
				"version": 0,
				"tx_body_hash": "7abef7e4080bf2cbe9f147d7c9cbe4c950b38f8477d304466c938b937cd379ba"
			},
			"body": {
				"txns": [
					{
						"length": 220,
						"type": 0,
						"txid": "7abef7e4080bf2cbe9f147d7c9cbe4c950b38f8477d304466c938b937cd379ba",
						"inner_hash": "f28366f7590220cd42faaf9ea041c8ca4460707e0dbfe1d3ac67da8d9dda268c",
						"sigs": [
							"e9ff8a0ce6c5e8b09936e031ef8cc6a0f3f3ed0a5360dcf2f649db3a2da958441c20916b27d1ad2ea8415679755b36967074e20feab7271528cb6b3266268ec201"
						],
						"inputs": [
							"074645413ab2aae818e657f6f36420447a872e7cdd2ff64324b486be4d4d1edd"
						],
						"outputs": [
							{
								"uxid": "b1b832a911d45aeaab73676caad794fe2ab99d423f80c4ff58cfb269656b03dd",
								"dst": "qxmeHkwgAMfwXyaQrwv9jq3qt228xMuoT5",
								"coins": "28100.000000",
								"hours": 141512
							},
							{
								"uxid": "c31c199a54ecbea5e57bf7f5e73d231a09e11713dd0ee70e340e4b0a9c9f9fdc",
								"dst": "NGLS4CYvBdV9HXJDpeY8jrdQDqLeBvfAwc",
								"coins": "1000.000000",
								"hours": 141512
							}
						]
					}
				]
			},
			"size": 220
		},
		{
			"header": {
				"seq": 173,
				"block_hash": "55b1be7e73d1ec35d71c8bc6f62e1788ded35752b39188c98cab6c9347f77ead",
				"previous_block_hash": "78ae70c3a0f403b6b5d14dab13e3d29f151a0e279a8a4818fa0fe9becb639dc2",
				"timestamp": 1430871512,
				"fee": 764646,
				"version": 0,
				"tx_body_hash": "a7665cec98224150968ec1ef9ef2d6b3175c9de8f9f8c7bc786b30cc74997c57"
			},
			"body": {
				"txns": [
					{
						"length": 220,
						"type": 0,
						"txid": "a7665cec98224150968ec1ef9ef2d6b3175c9de8f9f8c7bc786b30cc74997c57",
						"inner_hash": "5bd2503c4ff78e7c9d182bfe5e62e54f1bfb944bb526d97b272021d8ccfa9359",
						"sigs": [
							"dbd1e8763cb9681aeb96edc0c8483decee30b670778bec88da249f9d4f2201c330d2a16349608ba51eb8a387805dce9618810c4e6fd7af548cccee7d2c9c5dd201"
						],
						"inputs": [
							"372703f8109295f0f58fbee58795979e10dd887869f4fc1da4881ce8a3c0aeb4"
						],
						"outputs": [
							{
								"uxid": "14027340f6e1d98bba3f7f5f3b50e3588f8a19e4d021db944e7a28b2643640e1",
								"dst": "R6aHqKWSQfvpdo2fGSrq4F1RYXkBWR9HHJ",
								"coins": "635750.000000",
								"hours": 127440
							},
							{
								"uxid": "793f3f0e41c9d1de391d864792b79ed8c24dde5ff84a73c161d660a73ed70c90",
								"dst": "wYRMGKCkEpWD3v9Pz3Lqvk3u5HJpp4YaGK",
								"coins": "12000.000000",
								"hours": 127440
							}
						]
					}
				]
			},
			"size": 220
		},
		{
			"header": {
				"seq": 174,
				"block_hash": "0a4f2c0ea33c75ae7af4eb743935f53f0953e26fec3bf7128f0a88fdb879f497",
				"previous_block_hash": "55b1be7e73d1ec35d71c8bc6f62e1788ded35752b39188c98cab6c9347f77ead",
				"timestamp": 1430871622,
				"fee": 111521,
				"version": 0,
				"tx_body_hash": "ad44a8027a825e82a20cdd910d9bd41d74025601b7668c80655e9b45afb8bb93"
			},
			"body": {
				"txns": [
					{
						"length": 220,
						"type": 0,
						"txid": "ad44a8027a825e82a20cdd910d9bd41d74025601b7668c80655e9b45afb8bb93",
						"inner_hash": "af11c711190f9b52114dd31dcc4dbcdff3f169c6ce2559ff5baf14032e057145",
						"sigs": [
							"fd019f0cc492d5b6ba1bab0e3c77659b0e4773ea9b7dbe9808ea1392bfcd41e20aec3438076cb6ae4104bb6730b47ad1f1cfe878155f984ee380da10991b2a5601"
						],
						"inputs": [
							"b1b832a911d45aeaab73676caad794fe2ab99d423f80c4ff58cfb269656b03dd"
						],
						"outputs": [
							{
								"uxid": "c39acd3494113650c1a6a7809287af7b12a78bbd97126d4585dd1715e2cb5a66",
								"dst": "qxmeHkwgAMfwXyaQrwv9jq3qt228xMuoT5",
								"coins": "23100.000000",
								"hours": 18586
							},
							{
								"uxid": "2d3f7890d11efedd4cee3a7ab4a5cbc56d2c8df4f02124bdad9ec839400053ba",
								"dst": "wYRMGKCkEpWD3v9Pz3Lqvk3u5HJpp4YaGK",
								"coins": "5000.000000",
								"hours": 18586
							}
						]
					}
				]
			},
			"size": 220
		},
		{
			"header": {
				"seq": 175,
				"block_hash": "218d3fadc712eec96e1ca2f68adbb468092c597f269fb3a3702b77c2b80665af",
				"previous_block_hash": "0a4f2c0ea33c75ae7af4eb743935f53f0953e26fec3bf7128f0a88fdb879f497",
				"timestamp": 1430908702,
				"fee": 110149,
				"version": 0,
				"tx_body_hash": "9364ed6cfcc289df74dc6bac1993f7ab3441b898cb3f06918198d2476c83dbac"
			},
			"body": {
				"txns": [
					{
						"length": 220,
						"type": 0,
						"txid": "9364ed6cfcc289df74dc6bac1993f7ab3441b898cb3f06918198d2476c83dbac",
						"inner_hash": "a55922b0495d39c8e9db70ac9aca99266d5a7f3644106b4b5468345d955acf41",
						"sigs": [
							"cecae09b7925e9f6db1ccf5ef9a93687a43bbeaefe2888abcc07411c71f850c80c05ed573abd67bf9f0e8a096a1aba8187547e3d062e5ed147ac51961cc3559701"
						],
						"inputs": [
							"14027340f6e1d98bba3f7f5f3b50e3588f8a19e4d021db944e7a28b2643640e1"
						],
						"outputs": [
							{
								"uxid": "8e55f10a0615a0737e6906132e09ac08a206971ba4b656f004acc7f4b7889bc8",
								"dst": "R6aHqKWSQfvpdo2fGSrq4F1RYXkBWR9HHJ",
								"coins": "625750.000000",
								"hours": 18358
							},
							{
								"uxid": "d91e07318227651129b715d2db448ae245b442acd08c8b4525a934f0e87efce9",
								"dst": "2j7twMgd2kfeU2Jww37cWH7GY79hX73MSVs",
								"coins": "10000.000000",
								"hours": 18358
							}
						]
					}
				]
			},
			"size": 220
		},
		{
			"header": {
				"seq": 176,
				"block_hash": "7ca9af9ed16449652da34d3ab49f3d6fc6be8cc1af3d31be81043e684f14de37",
				"previous_block_hash": "218d3fadc712eec96e1ca2f68adbb468092c597f269fb3a3702b77c2b80665af",
				"timestamp": 1431162639,
				"fee": 2711954,
				"version": 0,
				"tx_body_hash": "a17cf54c20ac7ec6e1362acf24c5e5589ed8b49bdba791a87430de160a473913"
			},
			"body": {
				"txns": [
					{
						"length": 1481,
						"type": 0,
						"txid": "a17cf54c20ac7ec6e1362acf24c5e5589ed8b49bdba791a87430de160a473913",
						"inner_hash": "71127fa12d9ca390715586fe313b4e130b24614e0eaec276dc2dd25b7228c39f",
						"sigs": [
							"95855ae7d279d4797bafe542fd1803eb6a89533f29ae0d89d3f51256feeacc343dbd3da0d8d104e436c04643c72b5dab7a74634befc942ef9d96ded3e235ab4b01",
							"55222337fce2733e7a3f92bf808da32759f33327c616828bdb0a350e5d3567b34fdef1a55340d7f857c4daed9735ad64394697ad941fc883f9365693991299a500",
							"950281f4acb6cb8176929740aa90fa8729ac5687ef6500bc087429c43f5414e319c26142fca51c0ed9e5d434a6c83d2e3c837d7c9213398ae2104429d03f35dc01",
							"c41f7425ecb51359a1da6ccf090a565beed72c891c49a8c81939a46f914c55de5766e99f1519302bfeef2224f856c859391d1f531004ee088083259fca82b17400",
							"ed7085f8ceb26060851a71f665387d7c44774c6b9ddfc8d3a06e1fe50168d48510f63f5b6a0998c2a30d24bf37f1c6030035ef8df6efe6dfdcae38beeaf3a5a701",
							"a88fefcc8f2809a288a275aac579f340c5138f8bfedf02964d4e3ed0492ee54e696de7e6f7f0b3f315461fb5df4f8e5e5fc7a5339ca6899c6ca7b122c54c90db00",
							"ad9b245807ab8c5c5a713ab7e3bfbbba8af032bc4915c1824d95e95827d95be473eb1f6952ee489ddad59049364220bab124182251142b849235ed552404ba3d01",
							"7a403c671ec5a6a6622ff63e4d482d51fda747cbe85cf8ef642aa840154be435409df707aa81a3c4e553e0c2c250a452e8416dc38697c35f830de27924a052fc01",
							"06b5966aa7c7dfd425e773aafd46fdf29b41734b73f84ef1cd8941e617e0d6245e99f6d8be8b9609686b0faee4923b8bc149078ebb18c1b2e8f6318c846675e801",
							"c5634bef581b26d600ed6f4cea47f402633e74ab8f5497b2c2ca69a01e3dfeda0a38308a4a96cfe58857e4c0c2311ecf4e3f4eef69aa771a1db89c360892492200",
							"4807a114ffe9e44797843f76c74e81d72324885a67d560c4e1d6e4cadd271b637176a932dc045844b52a4c92f6892ebb0265838366827fd0e0b6b7e20e4e1ff501",
							"bc1ca4e3d0afd920bad8c4ef8a6b847c71f75ae8ca913ddb5d976dca42af12ea3ec3a2e59ec8f57fe4fb41af3f439387272ea847240ee89468c4d808303cf9be00",
							"366f0f68a36bccd22e829eb05f960a8015466bb5eeb8e553dd37b52ab624d1756f68501db2a8d14fda04d1adf3239a9785ec142c14c5bb34cb8d47629c191dc901",
							"146eed504f7acbbece951bfea4eb426e80852e3dc6ae9c8a68480fdf4e07ddd73a5709e2f9df0154380d837a5ff66582c07a0fc27d0df4e7d6d28bbcb90e3c8d00"
						],
						"inputs": [
							"04c0cd4cbee1e5414791d9e0b9ae4f889bc52d253b5f70b09fbc32c88fb415ae",
							"f3034ffe54e869315f8e11801d3e755352fb75b878b24313302273c1b7ea62cb",
							"3538af0016ec0f4d0e943c5d49daf280b416701fde4040fa72710c0ca1b5b559",
							"0560bae3917bca7581af9b6c5a58e395c701ce9ed0241dac2de8a3e93c0b839b",
							"3fe7d61ffa993e00200ce6be7ba347c603032ac3f8c4ace07767e630fe94d76c",
							"2a09e97f7725a35af1357842206875a023252da4ebfce129eaf4cb87119cfd41",
							"617b584bb9e6b1d80daac915fb3079b22a326777d1515a40e7b7eddf427f4099",
							"18293d947aadf89d9e57d18fa01408867a9abe267504edbdabf8c2a57d9a6323",
							"045dc2e76321e37884588093083ce1b21be12f20ba1fa36f2a755b894229e3cf",
							"b1e5c694c30326cda3df2e634723999befbcbb141415e9a36bdbf18d7bea9870",
							"db7a63750db787959a9e0d2d6be9a1ba8bb3d6015bae2353a27ae9eb55b39d22",
							"5954742a6ca4e3e872d12d4a93436451ad52e6d25e5ac28371e308b2d7ce75a3",
							"a35044035cce79cb988c757dcaf5d9a065957c0fbc1a3559d08ed46831504fc2",
							"c31c199a54ecbea5e57bf7f5e73d231a09e11713dd0ee70e340e4b0a9c9f9fdc"
						],
						"outputs": [
							{
								"uxid": "d6735d3ad70dbf553048faf1c529d047ab12282d04e320bd67c915779fc4e3fd",
								"dst": "NGLS4CYvBdV9HXJDpeY8jrdQDqLeBvfAwc",
								"coins": "24950.000000",
								"hours": 451992
							},
							{
								"uxid": "a5f3c513b5a01dc5e943a5cae91f54b54cde55e984a9480d68d690f40dfb7914",
								"dst": "v4qF7Ceq276tZpTS3HKsZbDguMAcAGAG1q",
								"coins": "5.000000",
								"hours": 451992
							}
						]
					}
				]
			},
			"size": 1481
		},
		{
			"header": {
				"seq": 177,
				"block_hash": "3e8ac6b4c715bd92db824163770e28ee1b5362d449241f77719f13614b3c320a",
				"previous_block_hash": "7ca9af9ed16449652da34d3ab49f3d6fc6be8cc1af3d31be81043e684f14de37",
				"timestamp": 1431162689,
				"fee": 338994,
				"version": 0,
				"tx_body_hash": "e4850021fb706f2b7a94fec9ade3c166823dcd980dc3954437471d98fb9d2280"
			},
			"body": {
				"txns": [
					{
						"length": 220,
						"type": 0,
						"txid": "e4850021fb706f2b7a94fec9ade3c166823dcd980dc3954437471d98fb9d2280",
						"inner_hash": "1a07c8a17c429aec5c0725dc6e4891f4e304a483211f99b847a6820e410b56ef",
						"sigs": [
							"e7d92fbcc6716645c2c28a66ac289453b2967c620e105c7699cee251aa6916227057789d10889689a3f3c743dadfea09e1cf747cc7b7ccb5381fe1af1069e06201"
						],
						"inputs": [
							"d6735d3ad70dbf553048faf1c529d047ab12282d04e320bd67c915779fc4e3fd"
						],
						"outputs": [
							{
								"uxid": "ec439e7c7d8517824885ae1520fa5b19f991d7ade3a12209c0e87f6ad1d30229",
								"dst": "NGLS4CYvBdV9HXJDpeY8jrdQDqLeBvfAwc",
								"coins": "4950.000000",
								"hours": 56499
							},
							{
								"uxid": "f5e7796297b7201b1ea87736fadddc7b451f9ed7d4529cfe9f03082e80917628",
								"dst": "wLhHnBXzdhzFcuWRmfLCG5DTnPVEtHdhzB",
								"coins": "20000.000000",
								"hours": 56499
							}
						]
					}
				]
			},
			"size": 220
		},
		{
			"header": {
				"seq": 178,
				"block_hash": "bb943b37f989326b057903ccc6eb1fa58a5d35e38706ae1ba81e0a6100bacf26",
				"previous_block_hash": "3e8ac6b4c715bd92db824163770e28ee1b5362d449241f77719f13614b3c320a",
				"timestamp": 1431162729,
				"fee": 395493,
				"version": 0,
				"tx_body_hash": "ecd101a6af263973ab75f87a3116231e6fe84a2281d0001c9aa2d7195545e78e"
			},
			"body": {
				"txns": [
					{
						"length": 183,
						"type": 0,
						"txid": "ecd101a6af263973ab75f87a3116231e6fe84a2281d0001c9aa2d7195545e78e",
						"inner_hash": "41bc4ea9ec8214b461a5377d0ae0da38831bc972b8dd54becaf195b5943dd55e",
						"sigs": [
							"4a604f9845e202871ac8741962280bb5db6f1295353042922a6f46671f27cc1d6cd4085aec390205aa5ba08f2c841295b4c86d2fab81d6e29fc958dfe9712e2301"
						],
						"inputs": [
							"a5f3c513b5a01dc5e943a5cae91f54b54cde55e984a9480d68d690f40dfb7914"
						],
						"outputs": [
							{
								"uxid": "ba1adbf3006a239fb7ef6efb1f9390a25951a5185dc312dd81bf88025f838456",
								"dst": "NGLS4CYvBdV9HXJDpeY8jrdQDqLeBvfAwc",
								"coins": "5.000000",
								"hours": 56499
							}
						]
					}
				]
			},
			"size": 183
		},
		{
			"header": {
				"seq": 179,
				"block_hash": "93fce3f520d9ec5b5c29226ad39fb61e3b9a92464fdec87d6805cf8e8e782959",
				"previous_block_hash": "bb943b37f989326b057903ccc6eb1fa58a5d35e38706ae1ba81e0a6100bacf26",
				"timestamp": 1431339429,
				"fee": 33129894,
				"version": 0,
				"tx_body_hash": "f58f664eea258100126636a4111838e489ef5aec848ca8498319c290fa2a0805"
			},
			"body": {
				"txns": [
					{
						"length": 220,
						"type": 0,
						"txid": "f58f664eea258100126636a4111838e489ef5aec848ca8498319c290fa2a0805",
						"inner_hash": "db98f515ce6c3d99fd7c39a6ac59ab498b1a2cc8fc6a13377ac7d3d463898e7c",
						"sigs": [
							"1ca18424c9a313e9c253aecaec3c532c35c60e454f026a3d2794c772bc74a19809d53f8862962e865dd822dd054cd7f32b89b810968d95c9db6a9a0c1095390601"
						],
						"inputs": [
							"8e55f10a0615a0737e6906132e09ac08a206971ba4b656f004acc7f4b7889bc8"
						],
						"outputs": [
							{
								"uxid": "fe6762d753d626115c8dd3a053b5fb75d6d419a8d0fb1478c5fffc1fe41c5f20",
								"dst": "R6aHqKWSQfvpdo2fGSrq4F1RYXkBWR9HHJ",
								"coins": "615700.000000",
								"hours": 5521648
							},
							{
								"uxid": "01f9c1d6c83dbc1c993357436cdf7f214acd0bfa107ff7f1466d1b18ec03563e",
								"dst": "sKr6GJwXTBcvG1P3qdrwnd4UgtrrgDa4jU",
								"coins": "10050.000000",
								"hours": 5521648
							}
						]
					}
				]
			},
			"size": 220
		},
		{
			"header": {
				"seq": 180,
				"block_hash": "63614fdf08b67fcfc99d7b43d115fb9f57eb5c6833acdbdc712ee361f391f292",
				"previous_block_hash": "93fce3f520d9ec5b5c29226ad39fb61e3b9a92464fdec87d6805cf8e8e782959",
				"timestamp": 1431574528,
				"fee": 2265261,
				"version": 0,
				"tx_body_hash": "0a610a34a8408effe8f2f70e4a85a3a8f4aca923f43e10a8a6e08cf410d7a35d"
			},
			"body": {
				"txns": [
					{
						"length": 220,
						"type": 0,
						"txid": "0a610a34a8408effe8f2f70e4a85a3a8f4aca923f43e10a8a6e08cf410d7a35d",
						"inner_hash": "d5b18a0c0c454e56fe1f7d0c64236d633f65717c04f08cd943f5669b4cc34667",
						"sigs": [
							"2fac42571bb301783e46e804069c73c8226b637ae6385fec793e3a3860feaa6918058c55f461cef38341670c5c2da230d2241f267dbde6fc0528a6fb24362b3b00"
						],
						"inputs": [
							"c39acd3494113650c1a6a7809287af7b12a78bbd97126d4585dd1715e2cb5a66"
						],
						"outputs": [
							{
								"uxid": "75692aeff988ce0da734c474dbef3a1ce19a5a6823bbcd36acb856c83262261e",
								"dst": "qxmeHkwgAMfwXyaQrwv9jq3qt228xMuoT5",
								"coins": "22100.000000",
								"hours": 377543
							},
							{
								"uxid": "a4b70476ea1e079ebd3503b52eee32d490515457fce6a5aa075770b598a9d14f",
								"dst": "CDD8GoJUHEvBm1pD3BQ3hEC2KcJNhvUzpu",
								"coins": "1000.000000",
								"hours": 377543
							}
						]
					}
				]
			},
			"size": 220
		}
	]
}
