{
	"hashes": [
		"5341e6b2646979a70e57653007a1f310169421ec9bdd9f1a5648f75ade005af1",
		"2661920f2409dd6c8adeb0c44972959f232b6429afa913845d0fd95e7e768234",
		"904058de76c2b450c6a6290d409ebc8992960f1b34fafb069f2e30d580bcefbd",
		"8f2877b8c6fccb3cde7095b660e7522697ed6f008b281d3e1ab6ba22c7482625",
		"8b4f0c61815a4c9a232a1e302ccd77b29d65c4f9c6ab6e5cfbdb545529569b4d",
		"3c528aaf36a358c6c22247bbf275acf7d1a12b993a9d8d39b77a660cfba55be0",
		"6e5173176e8b9ee440ea44b4ad018902ea332247281c00a7b6d66e715982d941",
		"a8f06399084b2f52bb682c5690b1f2e82fbc0aff93c2d9720cb80b2b001a0f8e",
		"03e0aca0427993f69a6ea98bb17c5afa2a55f944e3d4af1f1ac896c00c57f1af",
		"270402ff9fa52686f0c7286becb628b217bb40e75577a688fa403a4f6c18cee9",
		"c966c3fcd047536a3ea797895b8ba27ceaf27d354eb1fa452eff9c1f678cb7ce",
		"5104d8b1460bc34e8a5de61cc543ccdfeeeb3da915b748f54ab8f6efa066943f"
	]
}