{
	"confirmed": {
		"coins": 1022100000000,
		"hours": 1013748655
	},
	"predicted": {
		"coins": 1022100000000,
		"hours": 1013748655
	}
}