{
	"head": {
		"seq": 180,
		"block_hash": "63614fdf08b67fcfc99d7b43d115fb9f57eb5c6833acdbdc712ee361f391f292",
		"previous_block_hash": "93fce3f520d9ec5b5c29226ad39fb61e3b9a92464fdec87d6805cf8e8e782959",
		"timestamp": 1431574528,
		"fee": 2265261,
		"version": 0,
		"tx_body_hash": "0a610a34a8408effe8f2f70e4a85a3a8f4aca923f43e10a8a6e08cf410d7a35d"
	},
	"unspents": 218,
	"unconfirmed": 0
}