{
	"header": {
		"seq": 11,
		"block_hash": "70584db7fb8ab88b8dbcfed72ddc42a1aeb8c4882266dbb78439ba3efcd0458d",
		"previous_block_hash": "5c5e6b0f6620a3af54a3259222a5269e60db768d7f805edce3f3e29f2597a487",
		"timestamp": 1428808851,
		"fee": 0,
		"version": 0,
		"tx_body_hash": "4a87de6869c974099e3f5522404fbc7b23f90a8f8dec958bf725317454036cdc"
	},
	"body": {
		"txns": [
			{
				"length": 220,
				"type": 0,
				"txid": "4a87de6869c974099e3f5522404fbc7b23f90a8f8dec958bf725317454036cdc",
				"inner_hash": "53ecc82b426d4b806eb1c743e892edbc7eb7051c88f3fa8afc74a6a5b80cc57a",
				"sigs": [
					"dbbb5acf0130c39a6b2fd760dda1df5aaefd94d8a0904e6faf959feade87d17a5c754459b635e0048e1019dadb9815a54d8bca4cf234f6876b19b5a0df5e494a00"
				],
				"inputs": [
					"ec2c2238793d71240502de3e7c46ec1d5bf938c76541185f1c3fdf0d99a90795"
				],
				"outputs": [
					{
						"uxid": "9c7d3674d7a6b28a559a052e6d354ec13d2e0396739973c9f0dce08f8c7d157c",
						"dst": "NGLS4CYvBdV9HXJDpeY8jrdQDqLeBvfAwc",
						"coins": "4.000000",
						"hours": 0
					},
					{
						"uxid": "3f8c01eefca28ec6d89d34b899fecb5c97f9348b412c61e7c863310b8a85b953",
						"dst": "2M2VC93aQv5asdcNKt7pzJdkxeL6xLw9JPp",
						"coins": "1.000000",
						"hours": 0
					}
				]
			}
		]
	},
	"size": 220
}
