[
	"104.237.142.206:6000",
	"118.178.135.93:6000",
	"120.77.69.188:6000",
	"121.41.103.148:6000",
	"139.162.7.132:6000",
	"172.104.85.6:6000",
	"176.58.126.224:6000",
	"47.88.33.156:6000"
]
