{
	"length": 294,
	"type": 0,
	"txid": "a121fe93d0ddebc50e6916adebb524b5b4f087b7a35904b35586f908e3b6b09f",
	"inner_hash": "a1d3345ac47f897f24084b1c6b9bd6e03fc92887050d0748bdab5e639c1fdcd4",
	"sigs": [
		"a2a10f07e0e06cf6ba3e793b3186388a126591ee230b3f387617f1ccb6376a3f18e094bd3f7719aa8191c00764f323872f5192da393852bd85dab70b13409d2b01"
	],
	"inputs": [
		"4d78de698a33abcfff22391c043b57a56bb0efbdc4a5b975bf8e7889668896bc"
	],
	"outputs": [
		{
			"uxid": "cf3a56d79a41112dbb1b2e78a61007071cfe23f1ea5acb7674c0d5e0e432c2ce",
			"dst": "2JCPnb1212XWQn8GUsQyv4HuB5VrgGHzb7N",
			"coins": "177.999000",
			"hours": 13908
		},
		{
			"uxid": "5e8289922005ac75828e14768d9d510c4c874bd25dff882aa7a9debc2a1fe573",
			"dst": "PE2qwUxTxe9RpdTnMcJtrP98riLW83nx5d",
			"coins": "180.000000",
			"hours": 4636
		},
		{
			"uxid": "d6e8ced2161776befded43ac5a6ef7faf92585e541df03bed0a5cf453b020db8",
			"dst": "wnhsTd3oXoKNRyLWj893pScqWXPMNg85RM",
			"coins": "65.000000",
			"hours": 4636
		},
		{
			"uxid": "cfd0f09c8e0b849162e5d684a9ab079550849b1f9fd463aeae9489d640622bcd",
			"dst": "tWPDM36ex9zLjJw1aPMfYTVPbYgkL2Xp9V",
			"coins": "27.000000",
			"hours": 4635
		}
	]
}
