{
	"transaction": {
		"status": {
			"confirmed": false,
			"unconfirmed": true,
			"height": 0,
			"block_seq": 0
		},
		"time": 1535637620,
		"txn": {
			"timestamp": 1535637620,
			"length": 220,
			"type": 0,
			"txid": "701d23fd513bad325938ba56869f9faba19384a8ec3dd41833aff147eac53947",
			"inner_hash": "f8293dbfdddcc56a97664655ceee650715d35a0dda32a9f0ce0e2e99d4899124",
			"sigs": [
				"3981061c7275ae9cc936e902a5367fdd87ef779bbdb31e1e10d325d17a129abb34f6e597ceeaf67bb051774b41c58276004f6a63cb81de61d4693bc7a5536f3200"
			],
			"inputs": [
				"fe6762d753d626115c8dd3a053b5fb75d6d419a8d0fb1478c5fffc1fe41c5f20"
			],
			"outputs": [
				{
					"uxid": "8f9c09c37e0c636178e4229e2e8212c067ef0a8c501be9e2757a97b980d7a98a",
					"dst": "R6aHqKWSQfvpdo2fGSrq4F1RYXkBWR9HHJ",
					"coins": "605700.000000",
					"hours": 5716263
				},
				{
					"uxid": "32a060b2e2025cceb40f3f982c887952d3358d468db1719dd892eab575c14c14",
					"dst": "212mwY3Dmey6vwnWpiph99zzCmopXTqeVEN",
					"coins": "10000.000000",
					"hours": 5716263
				}
			]
		}
	}
}
