{
	"outputs": {
		"head_outputs": [],
		"outgoing_outputs": [],
		"incoming_outputs": []
	}
}
