{
	"confirmed": {
		"coins": 616700000000,
		"hours": 45935222
	},
	"predicted": {
		"coins": 616700000000,
		"hours": 11637641
	},
	"addresses": {
		"212mwY3Dmey6vwnWpiph99zzCmopXTqeVEN": {
			"confirmed": {
				"coins": 1000000000,
				"hours": 205115
			},
			"predicted": {
				"coins": 11000000000,
				"hours": 5921378
			}
		},
		"R6aHqKWSQfvpdo2fGSrq4F1RYXkBWR9HHJ": {
			"confirmed": {
				"coins": 615700000000,
				"hours": 45730107
			},
			"predicted": {
				"coins": 605700000000,
				"hours": 5716263
			}
		}
	}
}
