{
	"confirmed": {
		"coins": 1000000000000,
		"hours": 1013371112
	},
	"predicted": {
		"coins": 1000000000000,
		"hours": 1013371112
	},
	"addresses": {
		"2THDupTBEo7UqB6dsVizkYUvkKq82Qn4gjf": {
			"confirmed": {
				"coins": 1000000000000,
				"hours": 1013371112
			},
			"predicted": {
				"coins": 1000000000000,
				"hours": 1013371112
			}
		}
	}
}
