{
	"blocks": [
		{
			"header": {
				"seq": 1,
				"block_hash": "baf3b622f043bbe3ef480416251a6545d07f173e5969dde2b63c4a12956d38fd",
				"previous_block_hash": "0551a1e5af999fe8fff529f6f2ab341e1e33db95135eef1b2be44fe6981349f3",
				"timestamp": 1427926392,
				"fee": 99999999999900,
				"version": 0,
				"tx_body_hash": "86564b421cd3d4fe6f5f2d7a3e5db9d6fc340892bddd3a150533dff7036d0efe"
			},
			"body": {
				"txns": [
					{
						"length": 3846,
						"type": 0,
						"txid": "86564b421cd3d4fe6f5f2d7a3e5db9d6fc340892bddd3a150533dff7036d0efe",
						"inner_hash": "0f7019627886818d2501af189bbac18e21b8e959891c5b2726f89e29355aa10a",
						"sigs": [
							"be602113fe288f750001ab65f254ceedd8b05b1becc456a0a52a0bea10b8280e38d950933992ad3265e1f81d197036fa634b316f08b3b319ffce081aa43f3bb600"
						],
						"inputs": [
							"043836eb6f29aaeb8b9bfce847e07c159c72b25ae17d291f32125e7f1912e2a0"
						],
						"outputs": [
							{
								"uxid": "e3e72ee077c8b0c3f87da7cf50cad8876bd3f489f373d9fe82fc2e971df56f76",
								"dst": "R6aHqKWSQfvpdo2fGSrq4F1RYXkBWR9HHJ",
								"coins": "1000000.000000",
								"hours": 1
							},
							{
								"uxid": "26f585cb96f35307f0af5b9aee004a29b7795695f4c5c836104e2fbbf429a3ce",
								"dst": "2EYM4WFHe4Dgz6kjAdUkM6Etep7ruz2ia6h",
								"coins": "1000000.000000",
								"hours": 1
							},
							{
								"uxid": "18a43b8b69bbf12a9e49e6f9783ba258397e6567301aeed9e901a1e4fed9fef9",
								"dst": "25aGyzypSA3T9K6rgPUv1ouR13efNPtWP5m",
								"coins": "1000000.000000",
								"hours": 1
							},
							{
								"uxid": "5a69ef09b5de21b117cac62141a8de4eade7558c42f0ba8b50996f5ec7867c5d",
								"dst": "ix44h3cojvN6nqGcdpy62X7Rw6Ahnr3Thk",
								"coins": "1000000.000000",
								"hours": 1
							},
							{
								"uxid": "aef761a12e3d0fa9c4a8db62b8bab1015c32931b7e3a7fc9a77282cec218f79d",
								"dst": "AYV8KEBEAPCg8a59cHgqHMqYHP9nVgQDyW",
								"coins": "1000000.000000",
								"hours": 1
							},
							{
								"uxid": "445a4082da251fa161e4705d115fe2018ca15a5f92e8a0950793405410e6be12",
								"dst": "2Nu5Jv5Wp3RYGJU1EkjWFFHnebxMx1GjfkF",
								"coins": "1000000.000000",
								"hours": 1
							},
							{
								"uxid": "5e35182bc9372d898df106bb2e7b3dfe33d28e59082f5d19d4a84ac0012d1291",
								"dst": "2THDupTBEo7UqB6dsVizkYUvkKq82Qn4gjf",
								"coins": "1000000.000000",
								"hours": 1
							},
							{
								"uxid": "368a609ee90ca15bbbd297af07dc6705131764476d54bef641017ffcd0885e65",
								"dst": "tWZ11Nvor9parjg4FkwxNVcby59WVTw2iL",
								"coins": "1000000.000000",
								"hours": 1
							},
							{
								"uxid": "13afe1586015c4d7312f89d123153279e4961eb0d53a4d036847d5d989ba90dc",
								"dst": "m2joQiJRZnj3jN6NsoKNxaxzUTijkdRoSR",
								"coins": "1000000.000000",
								"hours": 1
							},
							{
								"uxid": "f625cf04412199c16e073dbb500e66c23cfe69043578b4a2d879a329aac563ec",
								"dst": "8yf8PAQqU2cDj8Yzgz3LgBEyDqjvCh2xR7",
								"coins": "1000000.000000",
								"hours": 1
							},
							{
								"uxid": "b2da50a08756c34d059a04812451cf3296f73ba87f8cca38473ac8f051ab6d1e",
								"dst": "sgB3n11ZPUYHToju6TWMpUZTUcKvQnoFMJ",
								"coins": "1000000.000000",
								"hours": 1
							},
							{
								"uxid": "135c28698e80e3b2a737d59c16c79684c3fb3ec5cec59f466a39f4ac3c73968e",
								"dst": "2UYPbDBnHUEc67e7qD4eXtQQ6zfU2cyvAvk",
								"coins": "1000000.000000",
								"hours": 1
							},
							{
								"uxid": "df63056cf3ae21efa86d241876ad0194387317585dc9e4fcd80954b47d59b57a",
								"dst": "wybwGC9rhm8ZssBuzpy5goXrAdE31MPdsj",
								"coins": "1000000.000000",
								"hours": 1
							},
							{
								"uxid": "4628f4cfdbf1eb7cccc25d461c46cc29e90cffb5d6277e0de641f7701d60c308",
								"dst": "JbM25o7kY7hqJZt3WGYu9pHZFCpA9TCR6t",
								"coins": "1000000.000000",
								"hours": 1
							},
							{
								"uxid": "47e4706dc4d80a70b20c889476fb0627ca6d5bdaa790f4ceba44a689d31b2dcc",
								"dst": "2efrft5Lnwjtk7F1p9d7BnPd72zko2hQWNi",
								"coins": "1000000.000000",
								"hours": 1
							},
							{
								"uxid": "b64bc50d370a06df117eb543ca051239c985cfc4b6aa527c51b700de32c7fc41",
								"dst": "Syzmb3MiMoiNVpqFdQ38hWgffHg86D2J4e",
								"coins": "1000000.000000",
								"hours": 1
							},
							{
								"uxid": "390bc4c045fa9f289957b7eca529bfadac96a7dd074bcfbdd3b09e99413b8202",
								"dst": "2g3GUmTQooLrNHaRDhKtLU8rWLz36Beow7F",
								"coins": "1000000.000000",
								"hours": 1
							},
							{
								"uxid": "6aa162f7fc09598c4dc8f5fab7fb2383f28c3840937a001acd9f37136e1691b2",
								"dst": "D3phtGr9iv6238b3zYXq6VgwrzwvfRzWZQ",
								"coins": "1000000.000000",
								"hours": 1
							},
							{
								"uxid": "e440cf4c896735d3299a871f988c134f404fb2065d1f20c87c9c9bc5fa582e09",
								"dst": "gpqsFSuMCZmsjPc6Rtgy1FmLx424tH86My",
								"coins": "1000000.000000",
								"hours": 1
							},
							{
								"uxid": "eea791e84a53e4d99485519c5d2c3146b0a2ad080cf92904ae7b28c2d9a6e3ca",
								"dst": "2EUF3GPEUmfocnUc1w6YPtqXVCy3UZA4rAq",
								"coins": "1000000.000000",
								"hours": 1
							},
							{
								"uxid": "01048ad6a538256d9a8c6c9c6321ca1a01b31cbf08e74fd4ff0f141bf97eb8ce",
								"dst": "TtAaxB3qGz5zEAhhiGkBY9VPV7cekhvRYS",
								"coins": "1000000.000000",
								"hours": 1
							},
							{
								"uxid": "bc5f1f1ddc8cb23df3d42f1e5a1dda9d356846fe930ae4484bc1eeb1b3b2c95b",
								"dst": "2fM5gVpi7XaiMPm4i29zddTNkmrKe6TzhVZ",
								"coins": "1000000.000000",
								"hours": 1
							},
							{
								"uxid": "f03087245a6b64bb69cd5866a1887ae595a9e1a86e196754984840eaf6d3eb9c",
								"dst": "ix3NDKgxfYYANKAb5kbmwBYXPrkAsha7uG",
								"coins": "1000000.000000",
								"hours": 1
							},
							{
								"uxid": "239bdba27dabd52f7450f7d8521c9a7e5ac74093ae3f6f2348bf40ac9a6db7a5",
								"dst": "2RkPshpFFrkuaP98GprLtgHFTGvPY5e6wCK",
								"coins": "1000000.000000",
								"hours": 1
							},
							{
								"uxid": "d60879e562b65f97d40bec7309d4490ba0a8c80e2349ecb2e3505aaa50ea1e47",
								"dst": "Ak1qCDNudRxZVvcW6YDAdD9jpYNNStAVqm",
								"coins": "1000000.000000",
								"hours": 1
							},
							{
								"uxid": "66e685901492c94942522c346759c711ee2e78a059ef274e77a6ab433409683c",
								"dst": "2eZYSbzBKJ7QCL4kd5LSqV478rJQGb4UNkf",
								"coins": "1000000.000000",
								"hours": 1
							},
							{
								"uxid": "b497992663f99f9902deaaf487b00655820003015ea92091628f4a6e8aeb5854",
								"dst": "KPfqM6S96WtRLMuSy4XLfVwymVqivdcDoM",
								"coins": "1000000.000000",
								"hours": 1
							},
							{
								"uxid": "bc40377012004566712fa860e74db97305091cc163e95435e04556c70d32f9c5",
								"dst": "5B98bU1nsedGJBdRD5wLtq7Z8t8ZXio8u5",
								"coins": "1000000.000000",
								"hours": 1
							},
							{
								"uxid": "73304622e33994bc2d4ade2cab78d28e1b65185e60ad3c781ecfb5cbc8159136",
								"dst": "2iZWk5tmBynWxj2PpAFyiZzEws9qSnG3a6n",
								"coins": "1000000.000000",
								"hours": 1
							},
							{
								"uxid": "fed15e8506d0e0898510311850b8863ef6d9a499215ae8823a1e3fb9c8140ab2",
								"dst": "XUGdPaVnMh7jtzPe3zkrf9FKh5nztFnQU5",
								"coins": "1000000.000000",
								"hours": 1
							},
							{
								"uxid": "12034bc455d0821813d7eb9afed1ed1a8f19b6f29826ef4a057b4aa0b4228817",
								"dst": "hSNgHgewJme8uaHrEuKubHYtYSDckD6hpf",
								"coins": "1000000.000000",
								"hours": 1
							},
							{
								"uxid": "fc444cdb2598f44209a41ea20afdc9065ebe51b7cd5f65bb1c0f7a7b427ce7b1",
								"dst": "2DeK765jLgnMweYrMp1NaYHfzxumfR1PaQN",
								"coins": "1000000.000000",
								"hours": 1
							},
							{
								"uxid": "618d242d95d33e2d7316612a164d89859b85f1287f0d5bed4dcb561cf478f706",
								"dst": "orrAssY5V2HuQAbW9K6WktFrGieq2m23pr",
								"coins": "1000000.000000",
								"hours": 1
							},
							{
								"uxid": "07f70fd4108ef4d2fde3b85411728c1f7bd3a135d2062c5a30a46cc885463780",
								"dst": "4Ebf4PkG9QEnQTm4MVvaZvJV6Y9av3jhgb",
								"coins": "1000000.000000",
								"hours": 1
							},
							{
								"uxid": "af9bcf6ba63a08e699bc101aa362f135343aaf78a56e9f88d118fca0e1ce5c08",
								"dst": "7Uf5xJ3GkiEKaLxC2WmJ1t6SeekJeBdJfu",
								"coins": "1000000.000000",
								"hours": 1
							},
							{
								"uxid": "6b3530bb930ed10bbc4c307663aba4377c08443498a0a2cf023b1be72f378ae1",
								"dst": "oz4ytDKbCqpgjW3LPc52pW2CaK2gxCcWmL",
								"coins": "1000000.000000",
								"hours": 1
							},
							{
								"uxid": "fd6da5199e528958e68ee8dd003b727d4d840754ea7c1e0c05e4f0e504c9b2cd",
								"dst": "2ex5Z7TufQ5Z8xv5mXe53fSQRfUr35SSo7Q",
								"coins": "1000000.000000",
								"hours": 1
							},
							{
								"uxid": "131f07f5b40f365fb537b863e4aa5ef0efcd77b7fa2ff321d90eeb743ac43678",
								"dst": "WV2ap7ZubTxeDdmEZ1Xo7ufGMkekLWikJu",
								"coins": "1000000.000000",
								"hours": 1
							},
							{
								"uxid": "ffbdfdbf3427d04f445c33e867845bec1ee64a9dfe0d0fa8284547c2226fdfa9",
								"dst": "ckCTV4r1pNuz6j2VBRHhaJN9HsCLY7muLV",
								"coins": "1000000.000000",
								"hours": 1
							},
							{
								"uxid": "8b53c7188ebf4d630790ff63275679ba48009e31af6e4fe15806619216caa750",
								"dst": "MXJx96ZJVSjktgeYZpVK8vn1H3xWP8ooq5",
								"coins": "1000000.000000",
								"hours": 1
							},
							{
								"uxid": "b4c6639b49402c2753f83c7fb7d3ffa65da74e47fef2b781933ff55b14d09bcd",
								"dst": "wyQVmno9aBJZmQ99nDSLoYWwp7YDJCWsrH",
								"coins": "1000000.000000",
								"hours": 1
							},
							{
								"uxid": "0c956289db079c00d2f80c590d3c8ca26c37da534fe5f65e799b3982ceca493c",
								"dst": "2cc9wKxCsFNRkoAQDAoHke3ZoyL1mSV14cj",
								"coins": "1000000.000000",
								"hours": 1
							},
							{
								"uxid": "550d2a8d3047cdae0c05a61cc3de43e758b123a6955fa067d3ac375f7d0dbadc",
								"dst": "29k9g3F5AYfVaa1joE1PpZjBED6hQXes8Mm",
								"coins": "1000000.000000",
								"hours": 1
							},
							{
								"uxid": "78740d5bf49989936d315bf641949232aace582e03de57db8abff940f7d51bd1",
								"dst": "2XPLzz4ZLf1A9ykyTCjW5gEmVjnWa8CuatH",
								"coins": "1000000.000000",
								"hours": 1
							},
							{
								"uxid": "9f2c83c5165826de1077f428ad39d41473e32ed64cd83180d49e7d8e5db996d0",
								"dst": "iH7DqqojTgUn2JxmY9hgFp165Nk7wKfan9",
								"coins": "1000000.000000",
								"hours": 1
							},
							{
								"uxid": "883be4d7173c235933294ab8dcae8cc76609166eaa1c1f07e9b51d551c979709",
								"dst": "RJzzwUs3c9C8Y7NFYzNfFoqiUKeBhBfPki",
								"coins": "1000000.000000",
								"hours": 1
							},
							{
								"uxid": "6384ed19650d384c29db4c3a39a1ca855058fab758075be2dee759dd9e6faae1",
								"dst": "2W2cGyiCRM4nwmmiGPgMuGaPGeBzEm7VZPn",
								"coins": "1000000.000000",
								"hours": 1
							},
							{
								"uxid": "25e22bb83c51f766571cf92ec7303071c9f25e3a34366f4679a22519e6ec368b",
								"dst": "ALJVNKYL7WGxFBSriiZuwZKWD4b7fbV1od",
								"coins": "1000000.000000",
								"hours": 1
							},
							{
								"uxid": "0c238e82f3a4beee1be7b5b464e8553404f6927d5ab93c3d649d362c01097782",
								"dst": "tBaeg9zE2sgmw5ZQENaPPYd6jfwpVpGTzS",
								"coins": "1000000.000000",
								"hours": 1
							},
							{
								"uxid": "dad4991bfa5c51eb176f28c1b3f86661e02579905e6e07c997df22004e06244a",
								"dst": "2hdTw5Hk3rsgpZjvk8TyKcCZoRVXU5QVrUt",
								"coins": "1000000.000000",
								"hours": 1
							},
							{
								"uxid": "4ba91512c168281f41d3934b927d0d86a3136a31cc345b635095928f8e5f013c",
								"dst": "A1QU6jKq8YgTP79M8fwZNHUZc7hConFKmy",
								"coins": "1000000.000000",
								"hours": 1
							},
							{
								"uxid": "c416f5e604eeada9ae8e520a429d8f19d4230626769e7121007e01353730784f",
								"dst": "q9RkXoty3X1fuaypDDRUi78rWgJWYJMmpJ",
								"coins": "1000000.000000",
								"hours": 1
							},
							{
								"uxid": "7b8787fd4076c27d074d2a4761377a1aa26c843c432e3b7e6b0ebf1e29528188",
								"dst": "2Xvm6is5cAPA85xnSYXDuAqiRyoXiky5RaD",
								"coins": "1000000.000000",
								"hours": 1
							},
							{
								"uxid": "38f22b194f04d85a6b545b37df06195edeb8503798b229ddeaa946018150c05c",
								"dst": "4CW2CPJEzxhn2PS4JoSLoWGL5QQ7dL2eji",
								"coins": "1000000.000000",
								"hours": 1
							},
							{
								"uxid": "246377a036ad5444bcd5f47ac9e55fec7c85fc40644df593038d360554a809f7",
								"dst": "24EG6uTzL7DHNzcwsygYGRR1nfu5kco7AZ1",
								"coins": "1000000.000000",
								"hours": 1
							},
							{
								"uxid": "c6d5e543ff5f2c2526728d588fb21753db5b7e05b8b275aa5e9b24d29350afb0",
								"dst": "KghGnWw5fppTrqHSERXZf61yf7GkuQdCnV",
								"coins": "1000000.000000",
								"hours": 1
							},
							{
								"uxid": "98e223e6e2240fef83082d3daa86e46f10e0c71f3f74489ba95db0951a166f53",
								"dst": "2WojewRA3LbpyXTP9ANy8CZqJMgmyNm3MDr",
								"coins": "1000000.000000",
								"hours": 1
							},
							{
								"uxid": "c8971ca91f8e21c556f647940073db003f7dd5582ae55d4ebca602d5e8e91a6e",
								"dst": "2BsMfywmGV3M2CoDA112Rs7ZBkiMHfy9X11",
								"coins": "1000000.000000",
								"hours": 1
							},
							{
								"uxid": "dfa7822c05f54116c9fc3b2cde1ecb4667f47a2d8771fe886e832c223cdc4e82",
								"dst": "kK1Q4gPyYfVVMzQtAPRzL8qXMqJ67Y7tKs",
								"coins": "1000000.000000",
								"hours": 1
							},
							{
								"uxid": "6d37c0c4b6fcbac1e53a46c9c2dc5d3c3b36312c53f25b2baacc785ea77a11f7",
								"dst": "28J4mx8xfUtM92DbQ6i2Jmqw5J7dNivfroN",
								"coins": "1000000.000000",
								"hours": 1
							},
							{
								"uxid": "9ba5e31610f0545666f102465efa8caa48ad3fb5b8abd5ae802f4a71e3f7de3b",
								"dst": "gQvgyG1djgtftoCVrSZmsRxr7okD4LheKw",
								"coins": "1000000.000000",
								"hours": 1
							},
							{
								"uxid": "3ca365aace71e24b04d6f2ffbf7171468c5e71783858c710cae539c5e43e0c0e",
								"dst": "3iFGBKapAWWzbiGFSr5ScbhrEPm6Esyvia",
								"coins": "1000000.000000",
								"hours": 1
							},
							{
								"uxid": "c858f2db2a20ac562d32f8fb2a3a11039849a6e44d2bec30befb2e173532a9a3",
								"dst": "NFW2akQH2vu7AqkQXxFz2P5vkXTWkSqrSm",
								"coins": "1000000.000000",
								"hours": 1
							},
							{
								"uxid": "1550a76598693b950346397e0e825bbb2805edde38b0d0240e50050829b7b1dd",
								"dst": "2MQJjLnWRp9eHh6MpCwpiUeshhtmri12mci",
								"coins": "1000000.000000",
								"hours": 1
							},
							{
								"uxid": "466340ab7733abb23ab24d877c673fe089c273f11808fbbd6f33a91da92ee96c",
								"dst": "2QjRQUMyL6iodtHP9zKmxCNYZ7k3jxtk49C",
								"coins": "1000000.000000",
								"hours": 1
							},
							{
								"uxid": "401d4c0c1060ebbb4b9fb3859c2eb47789f94086f4deb01234bf46f7cdc81247",
								"dst": "USdfKy7B6oFNoauHWMmoCA7ND9rHqYw2Mf",
								"coins": "1000000.000000",
								"hours": 1
							},
							{
								"uxid": "2c0e3aa084f5fec45f99b3f125ce7d50c6da526ef5165df5f22ba603147c3fc2",
								"dst": "cA49et9WtptYHf6wA1F8qqVgH3kS5jJ9vK",
								"coins": "1000000.000000",
								"hours": 1
							},
							{
								"uxid": "d2e724d83e35235c23c0bb16ae9b708a5bba3c23b186b05d4b8c606f6bb4b311",
								"dst": "qaJT9TjcMi46sTKcgwRQU8o5Lw2Ea1gC4N",
								"coins": "1000000.000000",
								"hours": 1
							},
							{
								"uxid": "4f30eae8c49eb268fe364eaf5ee0788da6e2f6adc2f83cd82e96a4bfe98496f5",
								"dst": "22pyn5RyhqtTQu4obYjuWYRNNw4i54L8xVr",
								"coins": "1000000.000000",
								"hours": 1
							},
							{
								"uxid": "8753d5775c22477a8ef74eeebf61d7de30be702e70118f552cc18ad963ffe950",
								"dst": "22dkmukC6iH4FFLBmHne6modJZZQ3MC9BAT",
								"coins": "1000000.000000",
								"hours": 1
							},
							{
								"uxid": "efa2007c561dcbf7c83a6bbdd2ef75e7cca76b05330a8b948ba0dd94dee949f7",
								"dst": "z6CJZfYLvmd41GRVE8HASjRcy5hqbpHZvE",
								"coins": "1000000.000000",
								"hours": 1
							},
							{
								"uxid": "8b379d1b8ff0153c63ee69c40a7155b97fa42ab570f68ff847d457316c4d8ab9",
								"dst": "GEBWJ2KpRQDBTCCtvnaAJV2cYurgXS8pta",
								"coins": "1000000.000000",
								"hours": 1
							},
							{
								"uxid": "cc84f93adce16699d9e84ef32f55333402431b58dc50c17084bcb8b33f382f88",
								"dst": "oS8fbEm82cprmAeineBeDkaKd7QownDZQh",
								"coins": "1000000.000000",
								"hours": 1
							},
							{
								"uxid": "f38f0760769c19075034f70b059abf4d1bfa6d01e1e8c369a99900ed1eaeca6d",
								"dst": "rQpAs1LVQdphyj9ipEAuukAoj9kNpSP8cM",
								"coins": "1000000.000000",
								"hours": 1
							},
							{
								"uxid": "8d55f76bb0b3dd222cf85a7193501c0f4071b446f56dbd1da355b1625993325a",
								"dst": "6NSJKsPxmqipGAfFFhUKbkopjrvEESTX3j",
								"coins": "1000000.000000",
								"hours": 1
							},
							{
								"uxid": "efde499c7e4444bc602b7bf5ed50e95a18ce8ec9a06ba9d850a05bb7a25ecb3a",
								"dst": "cuC68ycVXmD2EBzYFNYQ6akhKGrh3FGjSf",
								"coins": "1000000.000000",
								"hours": 1
							},
							{
								"uxid": "2a4d631d5dc90e397d85f13410d1a6d877dcaf592a0e2be2e727443ac74b5bd5",
								"dst": "bw4wtYU8toepomrhWP2p8UFYfHBbvEV425",
								"coins": "1000000.000000",
								"hours": 1
							},
							{
								"uxid": "e936299a21240744f6edbab493449323f920bbe15dcf294463e5a2ace10f27b0",
								"dst": "HvgNmDz5jD39Gwmi9VfDY1iYMhZUpZ8GKz",
								"coins": "1000000.000000",
								"hours": 1
							},
							{
								"uxid": "44e17f4bd29411a1614457171c06183e364bf6ff80a201717b2dfc0748e9ebe3",
								"dst": "SbApuZAYquWP3Q6iD51BcMBQjuApYEkRVf",
								"coins": "1000000.000000",
								"hours": 1
							},
							{
								"uxid": "1941e5cc5e38dd92427580af699b1f410be7b29ff17d3d0ff3d046bfba0aaabf",
								"dst": "2Ugii5yxJgLzC59jV1vF8GK7UBZdvxwobeJ",
								"coins": "1000000.000000",
								"hours": 1
							},
							{
								"uxid": "ff6c0f27fcf92f3b4a3871b801c3116847fe47a7e3bafcadd4855d06012091ad",
								"dst": "21N2iJ1qnQRiJWcEqNRxXwfNp8QcmiyhtPy",
								"coins": "1000000.000000",
								"hours": 1
							},
							{
								"uxid": "cd6c4b785e60757fad0e6fd4874b729ea7703fe7ee9560e1283d2eb71fc75321",
								"dst": "9TC4RGs6AtFUsbcVWnSoCdoCpSfM66ALAc",
								"coins": "1000000.000000",
								"hours": 1
							},
							{
								"uxid": "745eaff456a390c3868742a039e72c2a93ff8eee10417dbe848d533b89facc04",
								"dst": "oQzn55UWG4iMcY9bTNb27aTnRdfiGHAwbD",
								"coins": "1000000.000000",
								"hours": 1
							},
							{
								"uxid": "d2f3f050c9ef31bf5c3b14c1c71699c4f4b38aa18479531194d12e6277416516",
								"dst": "2GCdwsRpQhcf8SQcynFrMVDM26Bbj6sgv9M",
								"coins": "1000000.000000",
								"hours": 1
							},
							{
								"uxid": "0b95850edabed70762768ac1695c5d7f230cccaa8de06657cda42cafba36374f",
								"dst": "2NRFe7REtSmaM2qAgZeG45hC8EtVGV2QjeB",
								"coins": "1000000.000000",
								"hours": 1
							},
							{
								"uxid": "7c767d3a06db1ac0e1809ebe29a7d9689143259f4651837de54423e287c20490",
								"dst": "25RGnhN7VojHUTvQBJA9nBT5y1qTQGULMzR",
								"coins": "1000000.000000",
								"hours": 1
							},
							{
								"uxid": "78b07e8fe1366e173f2eeb75c35cd53baf0f6100de50ae12b4ffe7d0d7ba4298",
								"dst": "26uCBDfF8E2PJU2Dzz2ysgKwv9m4BhodTz9",
								"coins": "1000000.000000",
								"hours": 1
							},
							{
								"uxid": "5010eb25f6e1ed725fb901ae1e945e545ae846d7be8a135333d2d41102c33328",
								"dst": "Wkvima5cF7DDFdmJQqcdq8Syaq9DuAJJRD",
								"coins": "1000000.000000",
								"hours": 1
							},
							{
								"uxid": "178a33e64826cd2039b8538b74e6de513966acab45ab79d77dc9392018a65ffb",
								"dst": "286hSoJYxvENFSHwG51ZbmKaochLJyq4ERQ",
								"coins": "1000000.000000",
								"hours": 1
							},
							{
								"uxid": "044dc539d063250dc654b2bf0986a9044b4eea05e1284c11a2b313acd8dc3498",
								"dst": "FEGxF3HPoM2HCWHn82tyeh9o7vEQq5ySGE",
								"coins": "1000000.000000",
								"hours": 1
							},
							{
								"uxid": "9fd5ea38f383291566def44b6fb932414f97123952578fe0cfb9a30eb075a099",
								"dst": "h38DxNxGhWGTq9p5tJnN5r4Fwnn85Krrb6",
								"coins": "1000000.000000",
								"hours": 1
							},
							{
								"uxid": "be5930e9cc35801433bcd21db84da7d4f1d8e744feca16a2c6fb00c81ce93e51",
								"dst": "2c1UU8J6Y3kL4cmQh21Tj8wkzidCiZxwdwd",
								"coins": "1000000.000000",
								"hours": 1
							},
							{
								"uxid": "8cd999cd193d315e5f1c6f74c230c12e6abe6847924f6e89d988e09ca413f52e",
								"dst": "2bJ32KuGmjmwKyAtzWdLFpXNM6t83CCPLq5",
								"coins": "1000000.000000",
								"hours": 1
							},
							{
								"uxid": "0cff53628eb0e984c134b68cbe4b1bb7721a05adaa32e93b9df489a9a7a176cf",
								"dst": "2fi8oLC9zfVVGnzzQtu3Y3rffS65Hiz6QHo",
								"coins": "1000000.000000",
								"hours": 1
							},
							{
								"uxid": "a5ef046e84be9ff2485dde49afe6073811286761afac3bbd588b6e4130930479",
								"dst": "TKD93RxFr2Am44TntLiJQus4qcEwTtvEEQ",
								"coins": "1000000.000000",
								"hours": 1
							},
							{
								"uxid": "cdee5f84c4f08098ac740e3a260ced14c1e199e126aa5291ec079b281a7dc407",
								"dst": "zMDywYdGEDtTSvWnCyc3qsYHWwj9ogws74",
								"coins": "1000000.000000",
								"hours": 1
							},
							{
								"uxid": "6a24135f8496e7a37dcf7164218bb3aa530319f3b2bf3c7a1a9cc1bd17831328",
								"dst": "25NbotTka7TwtbXUpSCQD8RMgHKspyDubXJ",
								"coins": "1000000.000000",
								"hours": 1
							},
							{
								"uxid": "693c7f970b34ce5882e62430f4c9c28957159a257d27d4e21a61fd95c6b97464",
								"dst": "2ayCELBERubQWH5QxUr3cTxrYpidvUAzsSw",
								"coins": "1000000.000000",
								"hours": 1
							},
							{
								"uxid": "c008a613cef129c180dbcc7213f2d41a14d245d06a3844d63d9beac963145385",
								"dst": "RMTCwLiYDKEAiJu5ekHL1NQ8UKHi5ozCPg",
								"coins": "1000000.000000",
								"hours": 1
							},
							{
								"uxid": "439cdfd03972fb4bb5da54208cf8098ee78228c487ce9e84623f5f83e17a7d68",
								"dst": "ejJjiCwp86ykmFr5iTJ8LxQXJ2wJPTYmkm",
								"coins": "1000000.000000",
								"hours": 1
							}
						]
					}
				]
			},
			"size": 3846
		}
	]
}
