{
	"header": {
		"seq": 0,
		"block_hash": "0551a1e5af999fe8fff529f6f2ab341e1e33db95135eef1b2be44fe6981349f3",
		"previous_block_hash": "0000000000000000000000000000000000000000000000000000000000000000",
		"timestamp": 1426562704,
		"fee": 0,
		"version": 0,
		"tx_body_hash": "d556c1c7abf1e86138316b8c17183665512dc67633c04cf236a8b7f332cb4add"
	},
	"body": {
		"txns": [
			{
				"length": 0,
				"type": 0,
				"txid": "d556c1c7abf1e86138316b8c17183665512dc67633c04cf236a8b7f332cb4add",
				"inner_hash": "0000000000000000000000000000000000000000000000000000000000000000",
				"sigs": [],
				"inputs": [],
				"outputs": [
					{
						"uxid": "043836eb6f29aaeb8b9bfce847e07c159c72b25ae17d291f32125e7f1912e2a0",
						"dst": "2jBbGxZRGoQG1mqhPBnXnLTxK6oxsTf8os6",
						"coins": "100000000.000000",
						"hours": 100000000000000
					}
				]
			}
		]
	},
	"size": 86
}
