{
	"status": {
		"confirmed": true,
		"unconfirmed": false,
		"height": 181,
		"block_seq": 0
	},
	"time": 1426562704,
	"encoded_transaction": "0000000000000000000000000000000000000000000000000000000000000000000000000000000000000000000100000000f8f9c644772dc5373d85e11094e438df707a42c900407a10f35a000000407a10f35a0000"
}
