[
	{
		"status": {
			"confirmed": true,
			"unconfirmed": false,
			"height": 142,
			"block_seq": 39
		},
		"time": 1429058494,
		"txn": {
			"timestamp": 1429058494,
			"length": 220,
			"type": 0,
			"txid": "c38b47bd576e3bced2a9309c3df7622064e71177f54020d77193d5cac310719c",
			"inner_hash": "7f02ba6476946668f3adcbb35e113531e6788cee4fe94bf8d8da4803e3baa7e3",
			"fee": 291935,
			"sigs": [
				"2a31eb55da895c59654ad3f1a11efa11b04787ab78dcf8221aeeccf137adec543765f761363390c97f429310fcb39db305494a94b30af906a2d43d5de1effbb701"
			],
			"inputs": [
				{
					"uxid": "108520145179c00f581d91e273714811fe6e82ee059d65218eea91154ebd8205",
					"owner": "R6aHqKWSQfvpdo2fGSrq4F1RYXkBWR9HHJ",
					"coins": "998790.000000",
					"hours": 389245,
					"calculated_hours": 389245
				}
			],
			"outputs": [
				{
					"uxid": "e79c94aa7013c7611901839236b8a1cdf70e8ef7c40b9e33f99359136de981d6",
					"dst": "R6aHqKWSQfvpdo2fGSrq4F1RYXkBWR9HHJ",
					"coins": "988790.000000",
					"hours": 48655
				},
				{
					"uxid": "df5d6e09da2585a6ac1a37aea2370fa25e9049b549049202d5417138bf033cfa",
					"dst": "2JJ8pgq8EDAnrzf9xxBJapE2qkYLefW4uF8",
					"coins": "10000.000000",
					"hours": 48655
				}
			]
		}
	},
	{
		"status": {
			"confirmed": true,
			"unconfirmed": false,
			"height": 128,
			"block_seq": 53
		},
		"time": 1429077514,
		"txn": {
			"timestamp": 1429077514,
			"length": 220,
			"type": 0,
			"txid": "d154d8262abbf517c67d529b0fea7cdf097433bd296d5795b17c6379cb1b1430",
			"inner_hash": "b69070b10e6bbc276bf155361d7f3238fec46b9d865075c1dc0fc20d81ab0a42",
			"fee": 17787,
			"sigs": [
				"0a4b7f385a164f5718794382d49c14a6623e7af5f1ddbefe4871c756b754457a7075e822603bd3b22b313278abebe756be92367ef7a81a8c4adf992842c2058601"
			],
			"inputs": [
				{
					"uxid": "e6d9b56e075a6adf520d1ae7fbab9ae06353ae0b93dc8cb17d82cc3628009a50",
					"owner": "R6aHqKWSQfvpdo2fGSrq4F1RYXkBWR9HHJ",
					"coins": "944750.000000",
					"hours": 97,
					"calculated_hours": 23715
				}
			],
			"outputs": [
				{
					"uxid": "2df1e88589be43c55d7c6c3dbcbd663fb759b3245eb8d86b0b9cdaa989556aea",
					"dst": "R6aHqKWSQfvpdo2fGSrq4F1RYXkBWR9HHJ",
					"coins": "943750.000000",
					"hours": 2964
				},
				{
					"uxid": "c7919b892eeb751456d456b37ccde7350a3fca0dda03b17ec426a56f12dcf192",
					"dst": "2kvLEyXwAYvHfJuFCkjnYNRTUfHPyWgVwKt",
					"coins": "1000.000000",
					"hours": 2964
				}
			]
		}
	},
	{
		"status": {
			"confirmed": true,
			"unconfirmed": false,
			"height": 125,
			"block_seq": 56
		},
		"time": 1429077554,
		"txn": {
			"timestamp": 1429077554,
			"length": 220,
			"type": 0,
			"txid": "8fba29db2e3e8cad785e723f95aa5fa46ae0dd8b2bb62586977f20e698642cfb",
			"inner_hash": "dc25f33c3b93678ccc3449a318d55782a274c17cd2f45089018bd7c55b21dd96",
			"fee": 76179,
			"sigs": [
				"6fbe79a6f32b242f97f7e7662e6f7eb5aff065e8063864fc52159071005ffb2570c26a2d8b21a7826cf18c15f4f4ed9b718a7a9fdf1b4d5ac63bdb632452c82401"
			],
			"inputs": [
				{
					"uxid": "df5d6e09da2585a6ac1a37aea2370fa25e9049b549049202d5417138bf033cfa",
					"owner": "2JJ8pgq8EDAnrzf9xxBJapE2qkYLefW4uF8",
					"coins": "10000.000000",
					"hours": 48655,
					"calculated_hours": 101571
				}
			],
			"outputs": [
				{
					"uxid": "3d7dd4d41e613fe8153f5e5f62b79494e9db9ed98f875d929ca1f90ecfe2d50b",
					"dst": "2JJ8pgq8EDAnrzf9xxBJapE2qkYLefW4uF8",
					"coins": "9000.000000",
					"hours": 12696
				},
				{
					"uxid": "9e53268a18f8d32a44b4fb183033b49bebfe9d0da3bf3ef2ad1d560500aa54c6",
					"dst": "vdLGAnCfbBkxabcVk6tEsa6RH99JTxdzbt",
					"coins": "1000.000000",
					"hours": 12696
				}
			]
		}
	},
	{
		"status": {
			"confirmed": true,
			"unconfirmed": false,
			"height": 121,
			"block_seq": 60
		},
		"time": 1429077624,
		"txn": {
			"timestamp": 1429077624,
			"length": 220,
			"type": 0,
			"txid": "77a69f4c8afd858a2f6767bb9980d4af6520e02b076bf2a78b935021e1147c71",
			"inner_hash": "65f97c460ed99ea47ea2cdfd0780af2338f78d80bff93b92dc2ccc8f2411abec",
			"fee": 9636,
			"sigs": [
				"7c32e34864bc9659222cb26f10058df5cf2fe0c7b78b1d067a7b5af80f4a2b146f8914f4424d9e80a3303d3d2531ddf9d60489011c607ecd5f92cefa5105eee501"
			],
			"inputs": [
				{
					"uxid": "3d7dd4d41e613fe8153f5e5f62b79494e9db9ed98f875d929ca1f90ecfe2d50b",
					"owner": "2JJ8pgq8EDAnrzf9xxBJapE2qkYLefW4uF8",
					"coins": "9000.000000",
					"hours": 12696,
					"calculated_hours": 12846
				}
			],
			"outputs": [
				{
					"uxid": "77769e6a01cf3dca201ade501767d0abf20dea19d694f3272b647a9a651fdee9",
					"dst": "2JJ8pgq8EDAnrzf9xxBJapE2qkYLefW4uF8",
					"coins": "8000.000000",
					"hours": 1605
				},
				{
					"uxid": "0560bae3917bca7581af9b6c5a58e395c701ce9ed0241dac2de8a3e93c0b839b",
					"dst": "NGLS4CYvBdV9HXJDpeY8jrdQDqLeBvfAwc",
					"coins": "1000.000000",
					"hours": 1605
				}
			]
		}
	},
	{
		"status": {
			"confirmed": true,
			"unconfirmed": false,
			"height": 118,
			"block_seq": 63
		},
		"time": 1429077684,
		"txn": {
			"timestamp": 1429077684,
			"length": 220,
			"type": 0,
			"txid": "8d10b0ba11d9dd63d3a3522bc35bd260e8da9109298aa488355ea7201eb961b7",
			"inner_hash": "929218d56de3e94d277827c857a657ef8b1352f75e6938ff5cf10ac4c54d4039",
			"fee": 1271,
			"sigs": [
				"6c8892c3277b90f5ca71a42515706de993c459f094282fa99168359f00c5cb862811c4225cc1448e99ba2755e9f9eb241ad0df25b20f1a6ec035a673cf42ab2f00"
			],
			"inputs": [
				{
					"uxid": "77769e6a01cf3dca201ade501767d0abf20dea19d694f3272b647a9a651fdee9",
					"owner": "2JJ8pgq8EDAnrzf9xxBJapE2qkYLefW4uF8",
					"coins": "8000.000000",
					"hours": 1605,
					"calculated_hours": 1693
				}
			],
			"outputs": [
				{
					"uxid": "f5867b05823c81fc53de36b140415b3b98e4f4cec5883512f8553f70c550d8e7",
					"dst": "2JJ8pgq8EDAnrzf9xxBJapE2qkYLefW4uF8",
					"coins": "7000.000000",
					"hours": 211
				},
				{
					"uxid": "9011fbc6e82dce0656e7ffc76afb014d2ad70aa4663e7b687d3212e12f8965e2",
					"dst": "2jNYhHCuqQtU8kKkLf8ZZmKj6fywTL7fw2e",
					"coins": "1000.000000",
					"hours": 211
				}
			]
		}
	},
	{
		"status": {
			"confirmed": true,
			"unconfirmed": false,
			"height": 110,
			"block_seq": 71
		},
		"time": 1429077974,
		"txn": {
			"timestamp": 1429077974,
			"length": 220,
			"type": 0,
			"txid": "abed13c2a552633d26b5b51c3ac5abf9808756c0203869ed185a7cd673702ba2",
			"inner_hash": "c176a1a85f716055a9e8060c2a4245db0d7f71f4ac5387d4a51d173db467150a",
			"fee": 2,
			"sigs": [
				"40e8340047f08afd483b2867166e15ae751bb7272a2c24f68ae8561d3619ea021363e987118a2fe516cacff1946d4d6c4c249038581ee2f58f8feea4bcffc3b100"
			],
			"inputs": [
				{
					"uxid": "450cd7795bb3625daa99d6b64b9a8786d593bf1cad986d6c2933dae04b74a593",
					"owner": "R6aHqKWSQfvpdo2fGSrq4F1RYXkBWR9HHJ",
					"coins": "888750.000000",
					"hours": 2,
					"calculated_hours": 2
				}
			],
			"outputs": [
				{
					"uxid": "b44ee00208690c2123989f40edaff0224825afb20ca0952fbd90bddfd3213642",
					"dst": "R6aHqKWSQfvpdo2fGSrq4F1RYXkBWR9HHJ",
					"coins": "863750.000000",
					"hours": 0
				},
				{
					"uxid": "22edb5931e1c54382f18e41ef774931efb08c278209a1fe8a34100147b707220",
					"dst": "2JJ8pgq8EDAnrzf9xxBJapE2qkYLefW4uF8",
					"coins": "25000.000000",
					"hours": 0
				}
			]
		}
	},
	{
		"status": {
			"confirmed": true,
			"unconfirmed": false,
			"height": 108,
			"block_seq": 73
		},
		"time": 1429091164,
		"txn": {
			"timestamp": 1429091164,
			"length": 220,
			"type": 0,
			"txid": "a95317361364e8cc08a150840bac8a97ea1f56278f8834ca2a2f16c24c4a7f0f",
			"inner_hash": "90c166e92a7883037f9634704923d986976ac814f28e4761309bf86d77cdb755",
			"fee": 2326,
			"sigs": [
				"27ee3b614e5362462bc20c23e873e380b5bcc880053436a640286ead5fe2dcd00094e0eade532ffbfc8ba95d5e3540968b2fff64e19e0e772342aceb3c5d3ce100"
			],
			"inputs": [
				{
					"uxid": "c7919b892eeb751456d456b37ccde7350a3fca0dda03b17ec426a56f12dcf192",
					"owner": "2kvLEyXwAYvHfJuFCkjnYNRTUfHPyWgVwKt",
					"coins": "1000.000000",
					"hours": 2964,
					"calculated_hours": 3100
				}
			],
			"outputs": [
				{
					"uxid": "7b132c07322babefa83ab64971b7bfb29bf2cb9ffe9c42dc7e2975a185dcd8b8",
					"dst": "2kvLEyXwAYvHfJuFCkjnYNRTUfHPyWgVwKt",
					"coins": "995.000000",
					"hours": 387
				},
				{
					"uxid": "8f52e126bbc359bc3bfd230d82649c3d1c622e8f9c20dae7ccd73bd0b4ee2bad",
					"dst": "4EHiTjCsxQmt4wRy5yJxBMcxsM5yGqtuqu",
					"coins": "5.000000",
					"hours": 387
				}
			]
		}
	},
	{
		"status": {
			"confirmed": true,
			"unconfirmed": false,
			"height": 102,
			"block_seq": 79
		},
		"time": 1429147950,
		"txn": {
			"timestamp": 1429147950,
			"length": 317,
			"type": 0,
			"txid": "2558a7cd524acdb58f822a56bd51e8905182b2b35fbfdb1246ce6dc9930d14eb",
			"inner_hash": "37931a3c0b9fe54ebfd93e70c5e872ea8f68669bcd38176bc223be01f7e43aa0",
			"fee": 466755,
			"sigs": [
				"1d2fa9d76a29f3ce2eda062afe42f3718db434863955ed4f43a83f79dd372a922fd2774d7f5227fa253c65537418b30309932f404e788db91fac1d580d83b28101",
				"471ae24bbebd78b5d298edb81e07cc282ce8c1517a2d7426f91f177f111c93873c594e04a215bcd982220b0e6967bd328ec494811cf5eb854091e1d4552545e700"
			],
			"inputs": [
				{
					"uxid": "f5867b05823c81fc53de36b140415b3b98e4f4cec5883512f8553f70c550d8e7",
					"owner": "2JJ8pgq8EDAnrzf9xxBJapE2qkYLefW4uF8",
					"coins": "7000.000000",
					"hours": 211,
					"calculated_hours": 136742
				},
				{
					"uxid": "22edb5931e1c54382f18e41ef774931efb08c278209a1fe8a34100147b707220",
					"owner": "2JJ8pgq8EDAnrzf9xxBJapE2qkYLefW4uF8",
					"coins": "25000.000000",
					"hours": 0,
					"calculated_hours": 485597
				}
			],
			"outputs": [
				{
					"uxid": "09661724179523e8aec95862a5fd12dd1aa50f39f193f81eece0d7aea6197103",
					"dst": "2JJ8pgq8EDAnrzf9xxBJapE2qkYLefW4uF8",
					"coins": "31000.000000",
					"hours": 77792
				},
				{
					"uxid": "2a886bcedf8862c351cc4087b89e902202b08b164363567a9be47908e938f280",
					"dst": "pMub1Pz3SLVaSwHoomgp5oDVxdkVxLkW6L",
					"coins": "1000.000000",
					"hours": 77792
				}
			]
		}
	},
	{
		"status": {
			"confirmed": true,
			"unconfirmed": false,
			"height": 98,
			"block_seq": 83
		},
		"time": 1429164480,
		"txn": {
			"timestamp": 1429164480,
			"length": 220,
			"type": 0,
			"txid": "d80d49958166fd7b35cee63cfc4a4fdd434484f9bfd9444f62a1b856da36e9c7",
			"inner_hash": "ddf70f29cbcb9ab5d04848c77bb605849c5d831c80afed10f64ea2bde710b7bd",
			"fee": 164971,
			"sigs": [
				"21ccec8663f52b64e6d1983c5c715fc360ef1a01a0f4fce857fe7151e59b4cc87a5b6cc18f770eac98ef640eb15d572ea96b81e90a793bb01ac905778c10f0da00"
			],
			"inputs": [
				{
					"uxid": "09661724179523e8aec95862a5fd12dd1aa50f39f193f81eece0d7aea6197103",
					"owner": "2JJ8pgq8EDAnrzf9xxBJapE2qkYLefW4uF8",
					"coins": "31000.000000",
					"hours": 77792,
					"calculated_hours": 219961
				}
			],
			"outputs": [
				{
					"uxid": "6a8bc7ef9e8e7b67fd270cf37022edadb13f1fc2ba4e7a026f7ce2ab30cc4572",
					"dst": "2JJ8pgq8EDAnrzf9xxBJapE2qkYLefW4uF8",
					"coins": "30000.000000",
					"hours": 27495
				},
				{
					"uxid": "a733e89023ccc12587d0849f9baeda0d2fad640c1cbe97e24ffc531859fd83fd",
					"dst": "LzniV6G4nVVvRBNo7NcCUvAz1Tzo5MajqZ",
					"coins": "1000.000000",
					"hours": 27495
				}
			]
		}
	},
	{
		"status": {
			"confirmed": true,
			"unconfirmed": false,
			"height": 97,
			"block_seq": 84
		},
		"time": 1429164590,
		"txn": {
			"timestamp": 1429164590,
			"length": 220,
			"type": 0,
			"txid": "8374d85130bbcf496bff138cd040f91fa362eb1b6b6a1c7c9285523437d5589c",
			"inner_hash": "3188ba9148add7f2811180f130de2c0668fc21c031a7329993b61bfe35f860f1",
			"fee": 20623,
			"sigs": [
				"93edab2b508cd33cd76c50a5aeabcbcf35472d25ba2b3f268d1cc0a4a813fbe907f4c0e645893b4efd524d30fabb6ba62d65c2ee050057885eea2ca0d2d1c21500"
			],
			"inputs": [
				{
					"uxid": "6a8bc7ef9e8e7b67fd270cf37022edadb13f1fc2ba4e7a026f7ce2ab30cc4572",
					"owner": "2JJ8pgq8EDAnrzf9xxBJapE2qkYLefW4uF8",
					"coins": "30000.000000",
					"hours": 27495,
					"calculated_hours": 27495
				}
			],
			"outputs": [
				{
					"uxid": "15700b88043b3c08a46c3c4e36e7f431291a26aef1ef26c44ee413feee14b950",
					"dst": "2JJ8pgq8EDAnrzf9xxBJapE2qkYLefW4uF8",
					"coins": "29700.000000",
					"hours": 3436
				},
				{
					"uxid": "e2512ec90800147d0d9ddbd0778511ee5a45a25efcb354c50a101738a65462c5",
					"dst": "YLT4buWf3kYDV9QddnC5iXTj881Eniuvrx",
					"coins": "300.000000",
					"hours": 3436
				}
			]
		}
	},
	{
		"status": {
			"confirmed": true,
			"unconfirmed": false,
			"height": 92,
			"block_seq": 89
		},
		"time": 1429164800,
		"txn": {
			"timestamp": 1429164800,
			"length": 220,
			"type": 0,
			"txid": "a0956843d442bd4b592d0c1323d153c3c1b2d7d52a86629444de6d1d1b6a4c33",
			"inner_hash": "0fd405b4d4a74b417a27d0bfd2f0d1acf4ed0499a000e94c64a1443c5bb440bd",
			"fee": 3816,
			"sigs": [
				"9bd640adcf2e1870dd4cdd93f007759626ed9fd87dd8e0485888612ea660435a3104889820e6dab8d692efc3e4afb892de622c46b5f5c25718dfb78d4882d2ec01"
			],
			"inputs": [
				{
					"uxid": "15700b88043b3c08a46c3c4e36e7f431291a26aef1ef26c44ee413feee14b950",
					"owner": "2JJ8pgq8EDAnrzf9xxBJapE2qkYLefW4uF8",
					"coins": "29700.000000",
					"hours": 3436,
					"calculated_hours": 5086
				}
			],
			"outputs": [
				{
					"uxid": "24c49699aab32caf9456a6b4dacd4d820c853c7639e5500b3be6326660312917",
					"dst": "2JJ8pgq8EDAnrzf9xxBJapE2qkYLefW4uF8",
					"coins": "28700.000000",
					"hours": 635
				},
				{
					"uxid": "63154895637eb000146996ffaeb7cc1a547e409d0a2038650e990e7cc9b36826",
					"dst": "XnKU1htBL5wFSMX8oytZBsBMeaBSbVNivT",
					"coins": "1000.000000",
					"hours": 635
				}
			]
		}
	},
	{
		"status": {
			"confirmed": true,
			"unconfirmed": false,
			"height": 88,
			"block_seq": 93
		},
		"time": 1429164860,
		"txn": {
			"timestamp": 1429164860,
			"length": 220,
			"type": 0,
			"txid": "e2d9da9342b21659da0a679536f9d6f533a4ce7dc33a7f768c3441ca3640458d",
			"inner_hash": "72974683d8244d927c63440a169a438611ef88b250f20df2711d83a9f61a75c9",
			"fee": 775,
			"sigs": [
				"1c72245ae55779445ae5a6c030ea7f01cee7c29dd6189d0dcb383ec8438297e635b314c44bb0c4173c9e30d225774ee0334cee186e603a61c171af4db3eb961e01"
			],
			"inputs": [
				{
					"uxid": "24c49699aab32caf9456a6b4dacd4d820c853c7639e5500b3be6326660312917",
					"owner": "2JJ8pgq8EDAnrzf9xxBJapE2qkYLefW4uF8",
					"coins": "28700.000000",
					"hours": 635,
					"calculated_hours": 1033
				}
			],
			"outputs": [
				{
					"uxid": "fb4d5dcc1c3ac97444e96aa7da392b0d7faf7b7373504c70e497228a4695a7f1",
					"dst": "2JJ8pgq8EDAnrzf9xxBJapE2qkYLefW4uF8",
					"coins": "27700.000000",
					"hours": 129
				},
				{
					"uxid": "4a5c1b09ef2216ba2fdae735ec8c6ad404bb61bfbeb7407dee9d6e3578762ffb",
					"dst": "2LZzgdFYNhsBBSLATkV6PA1zk6DvWNghP2",
					"coins": "1000.000000",
					"hours": 129
				}
			]
		}
	},
	{
		"status": {
			"confirmed": true,
			"unconfirmed": false,
			"height": 84,
			"block_seq": 97
		},
		"time": 1429165260,
		"txn": {
			"timestamp": 1429165260,
			"length": 220,
			"type": 0,
			"txid": "a689a3589730a351f880176b2c15b395967b38a90950e0491e7a1e5531f020a9",
			"inner_hash": "d6cfcef60d17c03b68b94c4284746bc70e8ef66cb6d2bd370094a7e4b19dbaed",
			"fee": 328,
			"sigs": [
				"de36c5fac7db61c7a47827e1a9ad1b717d5fa904b69283598eab6003ba1b1e264856f30a6afe0881675e8f11a86e666cec09b789f3971a6ec4ba25183684a18900"
			],
			"inputs": [
				{
					"uxid": "fb4d5dcc1c3ac97444e96aa7da392b0d7faf7b7373504c70e497228a4695a7f1",
					"owner": "2JJ8pgq8EDAnrzf9xxBJapE2qkYLefW4uF8",
					"coins": "27700.000000",
					"hours": 129,
					"calculated_hours": 436
				}
			],
			"outputs": [
				{
					"uxid": "4e75b4bced3404590d38ca06440c275d7fd86618a84966a0a1053fb18164e898",
					"dst": "2JJ8pgq8EDAnrzf9xxBJapE2qkYLefW4uF8",
					"coins": "26700.000000",
					"hours": 54
				},
				{
					"uxid": "1f9fb89f5b7c41d3df6d72b1f02c998196bc79ec20c3949693b4f5a2c1aae44f",
					"dst": "2H7mA88ireMKHqP9LYWK5opnU176v7eYqrn",
					"coins": "1000.000000",
					"hours": 54
				}
			]
		}
	},
	{
		"status": {
			"confirmed": true,
			"unconfirmed": false,
			"height": 79,
			"block_seq": 102
		},
		"time": 1429274686,
		"txn": {
			"timestamp": 1429274686,
			"length": 183,
			"type": 0,
			"txid": "7b13cab45b52dd2df291ec97cf000bf6ea1b647d6fdf0261a7527578d8b71b9d",
			"inner_hash": "73bfee3a7c8d4f8a68657ebcaf69a59639f762bfc1a6f4468f3ca4724bc5b9f8",
			"fee": 710046,
			"sigs": [
				"c4bcada17604a4a62baf50f929655027f2913639c27b773871f2135b72553c1959737e39d50e8349ffa5a7679de845aa6370999dbaaff4c7f9fd01260818683901"
			],
			"inputs": [
				{
					"uxid": "4e75b4bced3404590d38ca06440c275d7fd86618a84966a0a1053fb18164e898",
					"owner": "2JJ8pgq8EDAnrzf9xxBJapE2qkYLefW4uF8",
					"coins": "26700.000000",
					"hours": 54,
					"calculated_hours": 811481
				}
			],
			"outputs": [
				{
					"uxid": "0a5603a1a5aeda575aa498cdaec5a4c893a28669dba84163eba2e90db3d9f39d",
					"dst": "2JJ8pgq8EDAnrzf9xxBJapE2qkYLefW4uF8",
					"coins": "26700.000000",
					"hours": 101435
				}
			]
		}
	},
	{
		"status": {
			"confirmed": true,
			"unconfirmed": false,
			"height": 78,
			"block_seq": 103
		},
		"time": 1429278106,
		"txn": {
			"timestamp": 1429278106,
			"length": 220,
			"type": 0,
			"txid": "9150311508851ca989efb5f82b5a7201724514b6b9f84ec1620c18673462126b",
			"inner_hash": "83e206eb05ce5708efd174bb9df2c0bc0741c1775e50d139aebf37ed6c46381d",
			"fee": 76077,
			"sigs": [
				"a6206409a077ec30fe7f0b0ad5162805dffbff743afbc9e8e926d72ae38d15f80ab8183150caa4d745125c1c6e733428e299742d10e07a64ba5bd21d4e5ee06f00"
			],
			"inputs": [
				{
					"uxid": "0a5603a1a5aeda575aa498cdaec5a4c893a28669dba84163eba2e90db3d9f39d",
					"owner": "2JJ8pgq8EDAnrzf9xxBJapE2qkYLefW4uF8",
					"coins": "26700.000000",
					"hours": 101435,
					"calculated_hours": 101435
				}
			],
			"outputs": [
				{
					"uxid": "1e30e9dfe00e055404063e52a4154a72492b13de6acf4871ec5ea6d7c0fcc968",
					"dst": "2JJ8pgq8EDAnrzf9xxBJapE2qkYLefW4uF8",
					"coins": "26600.000000",
					"hours": 12679
				},
				{
					"uxid": "435c7095e2531b88feb76f32fc34fac3406882cdf71e17fecdba196aa5bc059a",
					"dst": "WADSeEwEQVbtUy8CfcVimyxX1KjTRkvfoK",
					"coins": "100.000000",
					"hours": 12679
				}
			]
		}
	},
	{
		"status": {
			"confirmed": true,
			"unconfirmed": false,
			"height": 76,
			"block_seq": 105
		},
		"time": 1429278556,
		"txn": {
			"timestamp": 1429278556,
			"length": 220,
			"type": 0,
			"txid": "41ec724bd40c852096379d1ae57d3f27606877fa95ac9c082fbf63900e6c5cb5",
			"inner_hash": "614d7754fa0633e1a701eea3b3a2ce1c2815360f311cd1cb6cf46d5ae94304ba",
			"fee": 11173,
			"sigs": [
				"bd20e6b6754308d192ba734a573ec4363dae5326b9b21a7203904c076b067bf9313df1df8ac8960f12d9d8b642deb411a504512990181bc2e53264cf661b868f00"
			],
			"inputs": [
				{
					"uxid": "1e30e9dfe00e055404063e52a4154a72492b13de6acf4871ec5ea6d7c0fcc968",
					"owner": "2JJ8pgq8EDAnrzf9xxBJapE2qkYLefW4uF8",
					"coins": "26600.000000",
					"hours": 12679,
					"calculated_hours": 14895
				}
			],
			"outputs": [
				{
					"uxid": "2426f768e00345b641f5b4b4b058c308d528e22437bc6e552f0a9d5bd665e14a",
					"dst": "2JJ8pgq8EDAnrzf9xxBJapE2qkYLefW4uF8",
					"coins": "26500.000000",
					"hours": 1861
				},
				{
					"uxid": "8f4435cc1cb45453f1ee8e836a74bdec313a6d3aa1879be24e2ba261d474bf36",
					"dst": "v7Bma8dYdBMx7RQ2NohXXDUo7eR5TWBscF",
					"coins": "100.000000",
					"hours": 1861
				}
			]
		}
	},
	{
		"status": {
			"confirmed": true,
			"unconfirmed": false,
			"height": 68,
			"block_seq": 113
		},
		"time": 1429348172,
		"txn": {
			"timestamp": 1429348172,
			"length": 220,
			"type": 0,
			"txid": "1f27afc41896d2c7fdbd2620e606440ad12557e9a4bdd6808dcc2c23d4e32978",
			"inner_hash": "4d53c05c731409feef7606cf9514904f4c7704537efb453ac2c439fcfe77a455",
			"fee": 1041608,
			"sigs": [
				"e36cef84c1c6f999dba462f3134131c105da2255eaf21550ce30ee52a14a33d529a7cd0c37b3883d0d57429b163b4905271c7b1a4d951b4a521f245c7857dd5c01"
			],
			"inputs": [
				{
					"uxid": "1d4595b9fa1c6c3d64f48b6ae5f8f861b1c08a022cbcb04b279df448da3db660",
					"owner": "R6aHqKWSQfvpdo2fGSrq4F1RYXkBWR9HHJ",
					"coins": "873900.000000",
					"hours": 1388810,
					"calculated_hours": 1388810
				}
			],
			"outputs": [
				{
					"uxid": "412eff3eef889c682da8db3608fce37d1c5ee2cc297bc88d901648e6ccd418f9",
					"dst": "R6aHqKWSQfvpdo2fGSrq4F1RYXkBWR9HHJ",
					"coins": "873800.000000",
					"hours": 173601
				},
				{
					"uxid": "c961ba554ae30b0edcdf71e834ab2b26d7dff5bcf5955d4874cdba89170392bf",
					"dst": "2kvLEyXwAYvHfJuFCkjnYNRTUfHPyWgVwKt",
					"coins": "100.000000",
					"hours": 173601
				}
			]
		}
	},
	{
		"status": {
			"confirmed": true,
			"unconfirmed": false,
			"height": 65,
			"block_seq": 116
		},
		"time": 1429349392,
		"txn": {
			"timestamp": 1429349392,
			"length": 220,
			"type": 0,
			"txid": "491130fc9f69d101df220116356e82e2ff21dac1167e6da81c95dd4cc417b3d9",
			"inner_hash": "d78596837a36ece9a8bc3a8eed424612651039f4f229969c42ec3d7fd1aceff2",
			"fee": 388717,
			"sigs": [
				"e22e89ecb303d5eee59eca8a75e0d5b4fdfa3a256576d7ac91264b4c3bf882ce7186572ab68fd1ad4dc837039ef4d7063ead72365506aed71cfe4de0b0449b4900"
			],
			"inputs": [
				{
					"uxid": "2426f768e00345b641f5b4b4b058c308d528e22437bc6e552f0a9d5bd665e14a",
					"owner": "2JJ8pgq8EDAnrzf9xxBJapE2qkYLefW4uF8",
					"coins": "26500.000000",
					"hours": 1861,
					"calculated_hours": 518287
				}
			],
			"outputs": [
				{
					"uxid": "6c34016037cd17622846e71bc635914d4d8f256c147aa5a0b84a896e83229480",
					"dst": "2JJ8pgq8EDAnrzf9xxBJapE2qkYLefW4uF8",
					"coins": "26400.000000",
					"hours": 64785
				},
				{
					"uxid": "ab12f4eadaf956be371ff8f239956e33d1cd2fd4b497ca04c9501baf6f241618",
					"dst": "8MQsjc5HYbSjPTZikFZYeHHDtLungBEHYS",
					"coins": "100.000000",
					"hours": 64785
				}
			]
		}
	},
	{
		"status": {
			"confirmed": true,
			"unconfirmed": false,
			"height": 63,
			"block_seq": 118
		},
		"time": 1429364072,
		"txn": {
			"timestamp": 1429364072,
			"length": 317,
			"type": 0,
			"txid": "a83e09e976b038d86491d8c029aec84a6313dc33e692da6ce50a2858e50c4666",
			"inner_hash": "86b47008bbeb60335762ba70b5bdf8128f09b3f8fff6ec6e5d9553763a5b5cef",
			"fee": 184620,
			"sigs": [
				"48312c1abe5617609f70a882689f194e8d18c0b56d153adfae4be08bf00d723c6cda6dbd885e7ed7f92c7b7065d583adfd5f18bb37da9b796a394f4a388e978d01",
				"4826477aed0387ca448b8225a5d27ebe6824b460d0581fb8ccb5078a865cd8171e7f5c860091a99cc85b1571dce8a550659cb3d02902a77cd1f6d0d27277bdee01"
			],
			"inputs": [
				{
					"uxid": "7b132c07322babefa83ab64971b7bfb29bf2cb9ffe9c42dc7e2975a185dcd8b8",
					"owner": "2kvLEyXwAYvHfJuFCkjnYNRTUfHPyWgVwKt",
					"coins": "995.000000",
					"hours": 387,
					"calculated_hours": 72454
				},
				{
					"uxid": "c961ba554ae30b0edcdf71e834ab2b26d7dff5bcf5955d4874cdba89170392bf",
					"owner": "2kvLEyXwAYvHfJuFCkjnYNRTUfHPyWgVwKt",
					"coins": "100.000000",
					"hours": 173601,
					"calculated_hours": 173704
				}
			],
			"outputs": [
				{
					"uxid": "3408638af298419b14a49e8e9dd69e97c9a06827d74edf9f410a870662360b31",
					"dst": "2kvLEyXwAYvHfJuFCkjnYNRTUfHPyWgVwKt",
					"coins": "1045.000000",
					"hours": 30769
				},
				{
					"uxid": "ba0a94662846565969d361b1b7c248847a48e69f2b9eefb4ffb0bc2efc56a8fd",
					"dst": "38cVLswijqC2ANV5HxTroeapQzqeoBR88C",
					"coins": "50.000000",
					"hours": 30769
				}
			]
		}
	},
	{
		"status": {
			"confirmed": true,
			"unconfirmed": false,
			"height": 61,
			"block_seq": 120
		},
		"time": 1429364452,
		"txn": {
			"timestamp": 1429364452,
			"length": 183,
			"type": 0,
			"txid": "d1569ca879f98450a920a2b427ab0e1d21342308fb6b4ea5031ee6e718217183",
			"inner_hash": "12d27fdba804c648b8f72d9740d4021b05c88c95d3595af4afab2150092c5eee",
			"fee": 3366,
			"sigs": [
				"2baa243ca1b82bd9fc1a31a0b53c9f7eb0ad62b19d6a4d3af62579cc2dc455d81d8ed82ba342dc650d4ae38718d81a8df6a93a9a809749a2f5391894bbaf298400"
			],
			"inputs": [
				{
					"uxid": "f480c6097568036b90a2e019f9ee68c0812b2da8828be33a005a7427caf14a2b",
					"owner": "f38daJDg8rpwL5xWgMY78fBHncQ1N5gQZ7",
					"coins": "38.000000",
					"hours": 3846,
					"calculated_hours": 3846
				}
			],
			"outputs": [
				{
					"uxid": "3f9712cab0d3aeb217f1751fa19e53d75f814b4218866d4e70d63f32271d2023",
					"dst": "2kvLEyXwAYvHfJuFCkjnYNRTUfHPyWgVwKt",
					"coins": "38.000000",
					"hours": 480
				}
			]
		}
	},
	{
		"status": {
			"confirmed": true,
			"unconfirmed": false,
			"height": 60,
			"block_seq": 121
		},
		"time": 1429382678,
		"txn": {
			"timestamp": 1429382678,
			"length": 220,
			"type": 0,
			"txid": "da82deafc15c36e7dc9cd95663e0dc910ae626ee543147ac7bd8682be00f7baf",
			"inner_hash": "c98f858a27e76b0b565baaa3dffc6cfc7b0ffe9dd7d2d71f4bb0ad4d1c439ca2",
			"fee": 2271879,
			"sigs": [
				"15fccdc36c966a9571196a3f727ebda47162441df2d9965ac27109ac56d22cb41638b404e84b5b388d809b814ade18022cba0a6e021140c6b7d0144a6facd6d501"
			],
			"inputs": [
				{
					"uxid": "6beca9fb58a327580c614d7fb5622916849756790b661bcabc880666364fdf47",
					"owner": "R6aHqKWSQfvpdo2fGSrq4F1RYXkBWR9HHJ",
					"coins": "863600.000000",
					"hours": 20965,
					"calculated_hours": 3029171
				}
			],
			"outputs": [
				{
					"uxid": "f8a1990492f970227ec29e6e095fa724d66fa2d6883bd8723773098d08ca8b3c",
					"dst": "R6aHqKWSQfvpdo2fGSrq4F1RYXkBWR9HHJ",
					"coins": "801600.000000",
					"hours": 378646
				},
				{
					"uxid": "e5596ef0ba04ad9e0adbe0355a24c6bef249654906f917b68f8f0cf072508674",
					"dst": "2kvLEyXwAYvHfJuFCkjnYNRTUfHPyWgVwKt",
					"coins": "62000.000000",
					"hours": 378646
				}
			]
		}
	}
]
