[
	{
		"status": {
			"confirmed": true,
			"unconfirmed": false,
			"height": 128,
			"block_seq": 53
		},
		"time": 1429077514,
		"txn": {
			"timestamp": 1429077514,
			"length": 220,
			"type": 0,
			"txid": "d154d8262abbf517c67d529b0fea7cdf097433bd296d5795b17c6379cb1b1430",
			"inner_hash": "b69070b10e6bbc276bf155361d7f3238fec46b9d865075c1dc0fc20d81ab0a42",
			"sigs": [
				"0a4b7f385a164f5718794382d49c14a6623e7af5f1ddbefe4871c756b754457a7075e822603bd3b22b313278abebe756be92367ef7a81a8c4adf992842c2058601"
			],
			"inputs": [
				"e6d9b56e075a6adf520d1ae7fbab9ae06353ae0b93dc8cb17d82cc3628009a50"
			],
			"outputs": [
				{
					"uxid": "2df1e88589be43c55d7c6c3dbcbd663fb759b3245eb8d86b0b9cdaa989556aea",
					"dst": "R6aHqKWSQfvpdo2fGSrq4F1RYXkBWR9HHJ",
					"coins": "943750.000000",
					"hours": 2964
				},
				{
					"uxid": "c7919b892eeb751456d456b37ccde7350a3fca0dda03b17ec426a56f12dcf192",
					"dst": "2kvLEyXwAYvHfJuFCkjnYNRTUfHPyWgVwKt",
					"coins": "1000.000000",
					"hours": 2964
				}
			]
		}
	},
	{
		"status": {
			"confirmed": true,
			"unconfirmed": false,
			"height": 108,
			"block_seq": 73
		},
		"time": 1429091164,
		"txn": {
			"timestamp": 1429091164,
			"length": 220,
			"type": 0,
			"txid": "a95317361364e8cc08a150840bac8a97ea1f56278f8834ca2a2f16c24c4a7f0f",
			"inner_hash": "90c166e92a7883037f9634704923d986976ac814f28e4761309bf86d77cdb755",
			"sigs": [
				"27ee3b614e5362462bc20c23e873e380b5bcc880053436a640286ead5fe2dcd00094e0eade532ffbfc8ba95d5e3540968b2fff64e19e0e772342aceb3c5d3ce100"
			],
			"inputs": [
				"c7919b892eeb751456d456b37ccde7350a3fca0dda03b17ec426a56f12dcf192"
			],
			"outputs": [
				{
					"uxid": "7b132c07322babefa83ab64971b7bfb29bf2cb9ffe9c42dc7e2975a185dcd8b8",
					"dst": "2kvLEyXwAYvHfJuFCkjnYNRTUfHPyWgVwKt",
					"coins": "995.000000",
					"hours": 387
				},
				{
					"uxid": "8f52e126bbc359bc3bfd230d82649c3d1c622e8f9c20dae7ccd73bd0b4ee2bad",
					"dst": "4EHiTjCsxQmt4wRy5yJxBMcxsM5yGqtuqu",
					"coins": "5.000000",
					"hours": 387
				}
			]
		}
	},
	{
		"status": {
			"confirmed": true,
			"unconfirmed": false,
			"height": 68,
			"block_seq": 113
		},
		"time": 1429348172,
		"txn": {
			"timestamp": 1429348172,
			"length": 220,
			"type": 0,
			"txid": "1f27afc41896d2c7fdbd2620e606440ad12557e9a4bdd6808dcc2c23d4e32978",
			"inner_hash": "4d53c05c731409feef7606cf9514904f4c7704537efb453ac2c439fcfe77a455",
			"sigs": [
				"e36cef84c1c6f999dba462f3134131c105da2255eaf21550ce30ee52a14a33d529a7cd0c37b3883d0d57429b163b4905271c7b1a4d951b4a521f245c7857dd5c01"
			],
			"inputs": [
				"1d4595b9fa1c6c3d64f48b6ae5f8f861b1c08a022cbcb04b279df448da3db660"
			],
			"outputs": [
				{
					"uxid": "412eff3eef889c682da8db3608fce37d1c5ee2cc297bc88d901648e6ccd418f9",
					"dst": "R6aHqKWSQfvpdo2fGSrq4F1RYXkBWR9HHJ",
					"coins": "873800.000000",
					"hours": 173601
				},
				{
					"uxid": "c961ba554ae30b0edcdf71e834ab2b26d7dff5bcf5955d4874cdba89170392bf",
					"dst": "2kvLEyXwAYvHfJuFCkjnYNRTUfHPyWgVwKt",
					"coins": "100.000000",
					"hours": 173601
				}
			]
		}
	},
	{
		"status": {
			"confirmed": true,
			"unconfirmed": false,
			"height": 63,
			"block_seq": 118
		},
		"time": 1429364072,
		"txn": {
			"timestamp": 1429364072,
			"length": 317,
			"type": 0,
			"txid": "a83e09e976b038d86491d8c029aec84a6313dc33e692da6ce50a2858e50c4666",
			"inner_hash": "86b47008bbeb60335762ba70b5bdf8128f09b3f8fff6ec6e5d9553763a5b5cef",
			"sigs": [
				"48312c1abe5617609f70a882689f194e8d18c0b56d153adfae4be08bf00d723c6cda6dbd885e7ed7f92c7b7065d583adfd5f18bb37da9b796a394f4a388e978d01",
				"4826477aed0387ca448b8225a5d27ebe6824b460d0581fb8ccb5078a865cd8171e7f5c860091a99cc85b1571dce8a550659cb3d02902a77cd1f6d0d27277bdee01"
			],
			"inputs": [
				"7b132c07322babefa83ab64971b7bfb29bf2cb9ffe9c42dc7e2975a185dcd8b8",
				"c961ba554ae30b0edcdf71e834ab2b26d7dff5bcf5955d4874cdba89170392bf"
			],
			"outputs": [
				{
					"uxid": "3408638af298419b14a49e8e9dd69e97c9a06827d74edf9f410a870662360b31",
					"dst": "2kvLEyXwAYvHfJuFCkjnYNRTUfHPyWgVwKt",
					"coins": "1045.000000",
					"hours": 30769
				},
				{
					"uxid": "ba0a94662846565969d361b1b7c248847a48e69f2b9eefb4ffb0bc2efc56a8fd",
					"dst": "38cVLswijqC2ANV5HxTroeapQzqeoBR88C",
					"coins": "50.000000",
					"hours": 30769
				}
			]
		}
	},
	{
		"status": {
			"confirmed": true,
			"unconfirmed": false,
			"height": 61,
			"block_seq": 120
		},
		"time": 1429364452,
		"txn": {
			"timestamp": 1429364452,
			"length": 183,
			"type": 0,
			"txid": "d1569ca879f98450a920a2b427ab0e1d21342308fb6b4ea5031ee6e718217183",
			"inner_hash": "12d27fdba804c648b8f72d9740d4021b05c88c95d3595af4afab2150092c5eee",
			"sigs": [
				"2baa243ca1b82bd9fc1a31a0b53c9f7eb0ad62b19d6a4d3af62579cc2dc455d81d8ed82ba342dc650d4ae38718d81a8df6a93a9a809749a2f5391894bbaf298400"
			],
			"inputs": [
				"f480c6097568036b90a2e019f9ee68c0812b2da8828be33a005a7427caf14a2b"
			],
			"outputs": [
				{
					"uxid": "3f9712cab0d3aeb217f1751fa19e53d75f814b4218866d4e70d63f32271d2023",
					"dst": "2kvLEyXwAYvHfJuFCkjnYNRTUfHPyWgVwKt",
					"coins": "38.000000",
					"hours": 480
				}
			]
		}
	},
	{
		"status": {
			"confirmed": true,
			"unconfirmed": false,
			"height": 60,
			"block_seq": 121
		},
		"time": 1429382678,
		"txn": {
			"timestamp": 1429382678,
			"length": 220,
			"type": 0,
			"txid": "da82deafc15c36e7dc9cd95663e0dc910ae626ee543147ac7bd8682be00f7baf",
			"inner_hash": "c98f858a27e76b0b565baaa3dffc6cfc7b0ffe9dd7d2d71f4bb0ad4d1c439ca2",
			"sigs": [
				"15fccdc36c966a9571196a3f727ebda47162441df2d9965ac27109ac56d22cb41638b404e84b5b388d809b814ade18022cba0a6e021140c6b7d0144a6facd6d501"
			],
			"inputs": [
				"6beca9fb58a327580c614d7fb5622916849756790b661bcabc880666364fdf47"
			],
			"outputs": [
				{
					"uxid": "f8a1990492f970227ec29e6e095fa724d66fa2d6883bd8723773098d08ca8b3c",
					"dst": "R6aHqKWSQfvpdo2fGSrq4F1RYXkBWR9HHJ",
					"coins": "801600.000000",
					"hours": 378646
				},
				{
					"uxid": "e5596ef0ba04ad9e0adbe0355a24c6bef249654906f917b68f8f0cf072508674",
					"dst": "2kvLEyXwAYvHfJuFCkjnYNRTUfHPyWgVwKt",
					"coins": "62000.000000",
					"hours": 378646
				}
			]
		}
	}
]
