{
	"status": {
		"confirmed": true,
		"unconfirmed": false,
		"height": 0,
		"block_seq": 517
	},
	"time": 1479100522,
	"encoded_transaction": "3d010000005d55837bb0cbda9c9323ff9aafd7c3d31d0d38638346172fbe2d9078ebaa892a02000000464b7724302178c1cfeacadaaf3556a3b7e5259adf51919476c3acc695747ed244b5ce2187ce7bedb6ad65c71f7f7ff3fa6805e64fe5da3aaa00ad563c7424f6001155537b0391d4a6ee5eac07dee5798e953dca3a7c30643403dd2d326582c7d35080a16dc22644782ce1087bfc3bd06c2bf68e9a98e3989d90831646a9be2c910102000000782a8662efb0e933cab7d3ae9429ab53c4208cf44d8cdc07c2fbd7204b6b5cad2f6b61a44086588c4eaa56a5dd9f1e0be2528861a6731608fcec38891b95db910200000000d48d9376d63dc1a1e97d6ae0abcb3bb05d3bbedb80457c3b00000000f2c603000000000000e48181af6ff468288eb5e4f550549a2d73c0e79940420f0000000000f2c6030000000000"
}
