{
	"status": {
		"confirmed": true,
		"unconfirmed": false,
		"height": 80,
		"block_seq": 101
	},
	"time": 1429274666,
	"encoded_transaction": "b70000000045da31b68748eafdb08ef8bf1ebd1c07c0f14fcb0d66759d6cf4642adc956d060100000009bce2c888ceceeb19999005cceb1efdee254cacb60edee118b51ffd740ff6503a8f9cbd60a16c7581bfd64f7529b649d0ecc8adbe913686da97fe8c6543189001010000006002f3afc7054c0e1161bcf2b4c1d4d1009440751bc1fe806e0eae33291399f401000000003be2537f8c0893fddcddc878518f38ea493d949e004e534906000000f991010000000000"
}
