{
	"status": {
		"confirmed": true,
		"unconfirmed": false,
		"height": 0,
		"block_seq": 517
	},
	"time": 1479100522,
	"txn": {
		"timestamp": 1479100522,
		"length": 317,
		"type": 0,
		"txid": "76ecbabc53ea2a3be46983058433dda6a3cf7ea0b86ba14d90b932fa97385de7",
		"inner_hash": "5d55837bb0cbda9c9323ff9aafd7c3d31d0d38638346172fbe2d9078ebaa892a",
		"fee": 1485232,
		"sigs": [
			"464b7724302178c1cfeacadaaf3556a3b7e5259adf51919476c3acc695747ed244b5ce2187ce7bedb6ad65c71f7f7ff3fa6805e64fe5da3aaa00ad563c7424f600",
			"1155537b0391d4a6ee5eac07dee5798e953dca3a7c30643403dd2d326582c7d35080a16dc22644782ce1087bfc3bd06c2bf68e9a98e3989d90831646a9be2c9101"
		],
		"inputs": [
			{
				"uxid": "782a8662efb0e933cab7d3ae9429ab53c4208cf44d8cdc07c2fbd7204b6b5cad",
				"owner": "2UXZTg4ZHF6715b6tRhtaqceuQQ3G79GiZg",
				"coins": "998.000000",
				"hours": 230999,
				"calculated_hours": 1718944
			},
			{
				"uxid": "2f6b61a44086588c4eaa56a5dd9f1e0be2528861a6731608fcec38891b95db91",
				"owner": "2UXZTg4ZHF6715b6tRhtaqceuQQ3G79GiZg",
				"coins": "1.000000",
				"hours": 259874,
				"calculated_hours": 261364
			}
		],
		"outputs": [
			{
				"uxid": "bd302ef776efa8548183b89f21e90649f21b90fe2d2e90ecc1b880f2d995f226",
				"dst": "2UXZTg4ZHF6715b6tRhtaqceuQQ3G79GiZg",
				"coins": "998.000000",
				"hours": 247538
			},
			{
				"uxid": "31058b6bfb30bfd441aec00929e75782bce47c8a75787ba519dbb268f89d2c4b",
				"dst": "2awsJ2CR5H6QXCF2hwDjcvcAH9SgyfxCxgz",
				"coins": "1.000000",
				"hours": 247538
			}
		]
	}
}
