{
	"status": {
		"confirmed": true,
		"unconfirmed": false,
		"height": 80,
		"block_seq": 101
	},
	"time": 1429274666,
	"txn": {
		"timestamp": 1429274666,
		"length": 183,
		"type": 0,
		"txid": "e8fe5290afba3933389fd5860dca2cbcc81821028be9c65d0bb7cf4e8d2c4c18",
		"inner_hash": "45da31b68748eafdb08ef8bf1ebd1c07c0f14fcb0d66759d6cf4642adc956d06",
		"fee": 720335,
		"sigs": [
			"09bce2c888ceceeb19999005cceb1efdee254cacb60edee118b51ffd740ff6503a8f9cbd60a16c7581bfd64f7529b649d0ecc8adbe913686da97fe8c6543189001"
		],
		"inputs": [
			{
				"uxid": "6002f3afc7054c0e1161bcf2b4c1d4d1009440751bc1fe806e0eae33291399f4",
				"owner": "2M1C5LSZ4Pvu5RWS44bCdY6or3R8grQw7ez",
				"coins": "27000.000000",
				"hours": 220,
				"calculated_hours": 823240
			}
		],
		"outputs": [
			{
				"uxid": "f9bffdcbe252acb1c3a8a1e8c99829342ba1963860d5692eebaeb9bcfbcaf274",
				"dst": "R6aHqKWSQfvpdo2fGSrq4F1RYXkBWR9HHJ",
				"coins": "27000.000000",
				"hours": 102905
			}
		]
	}
}
