{
	"status": {
		"confirmed": false,
		"unconfirmed": true,
		"height": 0,
		"block_seq": 0
	},
	"time": 1535637620,
	"encoded_transaction": "dc00000000f8293dbfdddcc56a97664655ceee650715d35a0dda32a9f0ce0e2e99d4899124010000003981061c7275ae9cc936e902a5367fdd87ef779bbdb31e1e10d325d17a129abb34f6e597ceeaf67bb051774b41c58276004f6a63cb81de61d4693bc7a5536f320001000000fe6762d753d626115c8dd3a053b5fb75d6d419a8d0fb1478c5fffc1fe41c5f2002000000003be2537f8c0893fddcddc878518f38ea493d949e008988068d0000002739570000000000009037ff169fbec6db95e2537e4ff79396c050aeeb00e40b54020000002739570000000000"
}
